{
  "result": "PASS",
  "capturedAt": "2026-09-21T15:52:14.147Z",
  "verifiedAt": "2026-09-21T15:52:52.662Z",
  "sourceCommit": "6d165d1e8f3214a50ee66d2b13947f64d86658f5",
  "appImage": "127.0.0.1:15050/grid@sha256:2fd3f21cd4f49702079a7a0ba7c2d40420a38db1bfd7b9e2744ad8e4cb8d5a0f",
  "verifiedTransferPod": {
    "name": "grid-79fdb78bf8-6rbjz",
    "uid": "62d0d7fd-915d-41e4-990b-5714fc7a6901",
    "image": "127.0.0.1:15050/grid@sha256:2fd3f21cd4f49702079a7a0ba7c2d40420a38db1bfd7b9e2744ad8e4cb8d5a0f",
    "imageID": "127.0.0.1:15050/grid@sha256:2fd3f21cd4f49702079a7a0ba7c2d40420a38db1bfd7b9e2744ad8e4cb8d5a0f"
  },
  "podVerificationStage": "transfer",
  "remotePath": "/data/stable-6d165d1-20260921T155209478Z.sqlite",
  "localPath": "artifacts/private/backups/stable-6d165d1-20260921T155209478Z.sqlite",
  "bytes": 828805120,
  "sha256": "b6e2e3dd458bca22ae4dc2522ce77daf47603214813cf9dbd9136c7f3d0e49be",
  "compressedBytes": 28544569,
  "verifiedChunks": 28,
  "transferChunkBytes": 1048576,
  "remoteCompressionPeakRssBytes": 131407872,
  "localPeakRssBytes": 265289728,
  "integrity": "ok",
  "plants": 5,
  "pending": 0,
  "snapshot": {
    "result": "PASS",
    "workerExitConfirmed": true,
    "integrity": "ok",
    "stage": "verified",
    "steps": 2023,
    "totalPages": 202345,
    "remainingPages": 0,
    "elapsedMs": 9938,
    "snapshotAt": 1790005930007,
    "supervisorMaxMs": 80000,
    "hostCommandMaxMs": 90000
  },
  "snapshotCreation": "new-supervised",
  "method": "fixed WAL read snapshot; supervised node:sqlite backup; streaming gzip and disk-backed chunk+whole SHA256 verification; private0600 copy",
  "timePolicy": {
    "startedAt": "2026-09-21T15:52:09.478Z",
    "stopAt": "2026-09-21T15:55:09.478Z",
    "deadlineAt": "2026-09-21T22:07:33.079009+00:00",
    "remoteCancellationGuaranteed": false
  },
  "metadataPath": "deploy/verification/pre-1.6.0-backup-round2.json",
  "operationJournal": "artifacts/operations/backups/20260921T155209478Z.json"
}
