whisper_init_from_file_with_params_no_state: loading model from '/Users/charleskoh/research/20260921-RALPTON/artifacts/private/audio-asr-20260921/ggml-small.bin'
whisper_init_with_params_no_state: use gpu    = 0
whisper_init_with_params_no_state: flash attn = 1
whisper_init_with_params_no_state: gpu_device = 0
whisper_init_with_params_no_state: dtw        = 0
whisper_init_with_params_no_state: devices    = 2
whisper_init_with_params_no_state: backends   = 2
whisper_model_load: loading model
whisper_model_load: n_vocab       = 51865
whisper_model_load: n_audio_ctx   = 1500
whisper_model_load: n_audio_state = 768
whisper_model_load: n_audio_head  = 12
whisper_model_load: n_audio_layer = 12
whisper_model_load: n_text_ctx    = 448
whisper_model_load: n_text_state  = 768
whisper_model_load: n_text_head   = 12
whisper_model_load: n_text_layer  = 12
whisper_model_load: n_mels        = 80
whisper_model_load: ftype         = 1
whisper_model_load: qntvr         = 0
whisper_model_load: type          = 3 (small)
whisper_model_load: adding 1608 extra tokens
whisper_model_load: n_langs       = 99
whisper_model_load:          CPU total size =   487.01 MB
whisper_model_load: model size    =  487.01 MB
whisper_backend_init_gpu: no GPU found
whisper_backend_init: using BLAS backend
whisper_init_state: kv self size  =   18.87 MB
whisper_init_state: kv cross size =   56.62 MB
whisper_init_state: kv pad  size  =    4.72 MB
whisper_init_state: compute buffer (conv)   =   22.42 MB
whisper_init_state: compute buffer (encode) =   33.85 MB
whisper_init_state: compute buffer (cross)  =    6.20 MB
whisper_init_state: compute buffer (decode) =   97.28 MB
read_audio_data: reading audio data from '/Users/charleskoh/research/20260921-RALPTON/artifacts/private/audio-narration-r3-preparation/asr/audio.wav' ...
read_audio_data: trying to decode with miniaudio

system_info: n_threads = 4 / 15 | WHISPER : VITISAI = 0 | COREML = 0 | OPENVINO = 0 | CPU : NEON = 1 | ARM_FMA = 1 | FP16_VA = 1 | MATMUL_INT8 = 1 | DOTPROD = 1 | SME = 1 | SME2 = 1 | ACCELERATE = 1 | REPACK = 1 | 

main: processing '/Users/charleskoh/research/20260921-RALPTON/artifacts/private/audio-narration-r3-preparation/asr/audio.wav' (4640000 samples, 290.0 sec), 4 threads, 1 processors, 5 beams + best of 5, lang = ko, task = transcribe, timestamps = 1 ...


[00:00:00.000 --> 00:00:05.440]   그리드는 가상발전 현장에서 의부VPP 연동을 시험하는 에뮬레이터입니다.
[00:00:05.440 --> 00:00:08.520]   화면은 검증한 K3S 배포 버전입니다.
[00:00:08.520 --> 00:00:12.000]   실물설비를 조작하거나 시장에 입찰하지 않습니다.
[00:00:24.000 --> 00:00:30.920]   CSV 또는 TSV를 넣고 해서 미리 보기로 시각과 단위, 정규화 출력을 먼저 확인합니다.
[00:00:30.920 --> 00:00:33.640]   미리 보기는 RTU를 만들지 않습니다.
[00:00:33.640 --> 00:00:38.200]   실제 등록 때 다시 검증하고 1초 단위 수집을 시작합니다.
[00:00:38.200 --> 00:00:40.840]   원본 전류와 추정 전류도 구분합니다.
[00:00:54.000 --> 00:01:02.600]   풍력과 태양광, 복합 단지를 같은 데시보드에서 선택합니다.
[00:01:02.600 --> 00:01:08.120]   3차원 장면에서 풍향과 회전을 확인하고, 드래그와 훌로 시점을 조절합니다.
[00:01:08.120 --> 00:01:12.640]   측정한 값은 현재 선택한 단지와 발전기 상태를 보여줍니다.
[00:01:12.640 --> 00:01:20.600]   수동 기상으로 풍속과 풍향, 일사 입력을 바꾸고 출력, 변화를 확인한 VCSV 원본 출력으로 돌아옵니다.
[00:01:20.600 --> 00:01:24.200]   수동으로 적용한 기상 출처는 수동 상태로 남습니다.
[00:01:24.200 --> 00:01:26.320]   명령 접수는 완료와 다릅니다.
[00:01:26.320 --> 00:01:33.080]   접수 패널은 마지막으로 받은 결과를 보여주며, 저장 상태 확인으로 서버 상태를 다시 조회합니다.
[00:01:50.600 --> 00:01:57.880]   각 RTO는 연결과 건강 상태를 독립적으로 관리합니다.
[00:01:57.880 --> 00:02:06.920]   전체 발전기의 샘플을 수집하고, 기본 60초마다 MQTT로 전송합니다.
[00:02:06.920 --> 00:02:09.880]   QOS 1을 제작합니다.
[00:02:09.880 --> 00:02:12.520]   각 RTO는 연결과 건강 상태를 독립적으로 관리합니다.
[00:02:12.520 --> 00:02:16.600]   전체 발전기의 샘플을 수집하고, 기본 60초마다 MQTT로 전송합니다.
[00:02:16.600 --> 00:02:19.820]   QOS 1을 제작합니다.
[00:02:19.820 --> 00:02:37.960]   QOS 1은 전달 과정에서 중복이 생길 수 있음으로, 메시지 ID로 중복을 처리합니다.
[00:02:37.960 --> 00:02:42.400]   별도 MQTT 클라이언트로 125kW를 요청합니다.
[00:02:42.400 --> 00:02:47.460]   수락과 실행을 거쳐 실제 출력이 목표에 도달하면 완료 상태를 받습니다.
[00:02:47.460 --> 00:02:51.600]   화면에 MQTT 출처와 목표 및 실제 값을 확인합니다.
[00:02:51.600 --> 00:02:55.200]   이 결과는 실제 배포 브로커에서 관측한 값입니다.
[00:02:55.200 --> 00:03:00.560]   목록의 마지막 확인 시각은 브라우저 조회 시각이며, 명령 완료 시각과 다릅니다.
[00:03:00.560 --> 00:03:04.920]   최근 저장 상태를 최대 20개까지 JSON 파일로 내보냅니다.
[00:03:04.920 --> 00:03:09.320]   이 파일은 외부 VPP 수신 증거나 전체 감사 이력이 아닙니다.
[00:03:17.480 --> 00:03:21.120]   통신 단절과 지연, 센서 중지를 구분해 실험합니다.
[00:03:21.120 --> 00:03:24.000]   센서가 멈춘 구간은 결측으로 남습니다.
[00:03:24.000 --> 00:03:31.640]   미확인 배치에 재시작 후 재전송과 브로커 확인은 함께 제공하는 별도 실행 근거에서 확인할 수 있습니다.
[00:03:47.460 --> 00:03:56.220]   배속과 일시 정지, 난소 생성에 쓰는 초기 값으로 실험, 조건을 조절합니다.
[00:03:56.220 --> 00:04:01.420]   선택한 RTU에 저장된 시나리오를 다시 불러오면 새 실행 아이디가 생깁니다.
[00:04:01.420 --> 00:04:06.260]   이전 실행은 런 아이디로 구분하며 기존 아웃박스를 삭제하지 않습니다.
[00:04:06.260 --> 00:04:10.380]   가이드에서 이 RTU에 토픽과 메시지 형식을 확인합니다.
[00:04:10.380 --> 00:04:16.380]   최종 릴리스에는 시험 증거와 보건 자료, 최약점 및 이슈 기록을 함께 제공합니다.
[00:04:16.380 --> 00:04:21.940]   실제 VPP와 외부 클라우드 자격 증명이 없는 부분은 미검증으로 구분합니다.
[00:04:21.940 --> 00:04:25.620]   상세 검증 범위와 남은 제약은 같은 버전입니다.
[00:04:25.620 --> 00:04:30.900]   최종 릴리스에는 시험 증거와 보건 자료, 최약점 및 이슈 기록을 함께 제공합니다.
[00:04:30.900 --> 00:04:36.300]   실제 VPP와 외부 클라우드 자격 증명이 없는 부분은 미검증으로 구분합니다.
[00:04:36.300 --> 00:04:42.340]   상세 검증 범위와 남은 제약은 같은 버전의 릴리스 문서에서 확인합니다.
output_txt: saving output to '/Users/charleskoh/research/20260921-RALPTON/artifacts/private/audio-narration-r3-preparation/asr/transcription.txt'
output_srt: saving output to '/Users/charleskoh/research/20260921-RALPTON/artifacts/private/audio-narration-r3-preparation/asr/transcription.srt'
output_json: saving output to '/Users/charleskoh/research/20260921-RALPTON/artifacts/private/audio-narration-r3-preparation/asr/transcription.json'

whisper_print_timings:     load time =   101.96 ms
whisper_print_timings:     fallbacks =   0 p /   0 h
whisper_print_timings:      mel time =    57.40 ms
whisper_print_timings:   sample time =   778.07 ms /  5190 runs (     0.15 ms per run)
whisper_print_timings:   encode time =  5438.24 ms /    11 runs (   494.39 ms per run)
whisper_print_timings:   decode time =   263.42 ms /    68 runs (     3.87 ms per run)
whisper_print_timings:   batchd time = 10207.42 ms /  5070 runs (     2.01 ms per run)
whisper_print_timings:   prompt time =  1195.51 ms /  2042 runs (     0.59 ms per run)
whisper_print_timings:    total time = 18119.42 ms
