✔ malformed, null, array, oversized, retained and cross-RTU statuses rejected (12.761416ms)
✔ only allowlisted fields survive; raw credentials and controls are removed from reason (3.798625ms)
✔ RTU status preserves strict online booleans including retained online and offline (1.10725ms)
✔ online cannot change ack or command-status interpretation or retained-message boundaries (0.865542ms)
✔ command export authenticates, omits raw fields and scrubs secrets from all configuration layers (234.419042ms)
✔ export DTO keeps only typed snapshots, records redaction, and makes no de-identification/replay promise (7.482375ms)
✔ explicit broker URL password is treated as known credential in informational IDs (2.70525ms)
✔ control normalization cannot expose known secrets or create empty replacement patterns (1.514833ms)
✔ control characters cannot split a credential URL to bypass export redaction (10.432083ms)
✔ export target and observed values preserve real accepted, executing and completed command semantics (52.806458ms)
✔ HTTP export has latest20 only, original run IDs, RTU isolation and no persistent or control side effects (215.488417ms)
✔ remote management fails closed without strong token (6.447875ms)
✔ exact bearer token required and topic wildcards forbidden (0.846208ms)
✔ configuration bounds and credential redaction (3.691792ms)
✔ zero available power does not complete start while fractional startup remains (58.185959ms)
✔ already expired and latency-expired requests leave SCADA settings unchanged (24.26175ms)
✔ canonical global dedup, validation atomicity, priority intersections (55.436458ms)
✔ expiry before dispatch; sensor freeze cannot complete; restart deadline real time (7.407625ms)
✔ target checks every allocated device and signed actual error, then completion (1.712334ms)
✔ stop clears pending startup and completed requires a post-dispatch model sample (1.281834ms)
✔ failed durable dispatch rolls back model, command cache and outbox together (4.050333ms)
✔ setpoint action validation applies even to known duplicate IDs (0.866ms)
✔ outer model transaction rollback also restores nested command cancellation cache (1.243125ms)
✔ parser diagnostics never echo malformed CSV field contents (16.464208ms)
✔ prototype names remain unknown columns and never enter normalized DTOs (14.543541ms)
✔ 100000 rows are accepted; excessive rows abort before parsing trailing malformed input (692.826959ms)
✔ HTTP preview returns bounded diagnostics and authenticates before malformed input (283.509958ms)
✔ preflight caps columns before allocation and preserves quoted commas, escapes and newlines (15.85125ms)
✔ preview agrees with registration units, interpolation and time zones (30.943583ms)
✔ preview bounds output and preserves TSV electrical fields without emitting unknown CSV columns (14.482333ms)
✔ hybrid preview follows combined-total precedence and split sum exactly (2.255375ms)
✔ preview uses existing row validation and rejects invalid request shapes (2.121459ms)
✔ authenticated preview has no database, controller, RTU or transport side effects (264.16475ms)
✔ health precedence and exact real-time boundaries (19.142375ms)
✔ CSV/TSV BOM and Korean aliases, unit and missing weather (25.037375ms)
✔ linear 300/599/600 boundaries and last interval hold, no wrapping interpolation (1.758ms)
✔ mean/kWh energy holds original interval without claiming ramp-adjusted energy (5.792667ms)
✔ direction shortest arc and optional missing data never backwards-filled (3.553542ms)
✔ strict actual dates, offsets, seconds, leap years (10.852375ms)
✔ invalid CSV errors identify original row/field; duplicate, reverse, gap, NaN, empty (14.530708ms)
✔ registration validates whole input and generates correct hybrid IDs and virtual coordinates (13.988917ms)
✔ CSV total allocation and hybrid separate allocation, voltage/current provenance (34.78625ms)
✔ weather wind power cubic/rated/cut-out and custom interpolation (6.031333ms)
✔ solar temperature correction, saturation, efficiency and manual night irradiance (2.750959ms)
✔ ramp, stopping, fractional startup and actuator freeze (0.999959ms)
✔ percentage limit and rated reductions, unchanged CSV power on weather-only edit (0.502ms)
✔ all PATCH validators are atomic including RNG and source metadata (3.087875ms)
✔ LCG common noise, independent fault RNG, snapshot deterministic replay and pause (1.124834ms)
✔ separate irradiance CSV aligns source timestamp and falls back outside range (0.443292ms)
✔ frame includes complete state and excludes custom curve data; API retains curve (0.916959ms)
✔ loop count records actual dataset wraps, not seeks, and survives scenario JSON snapshots (3.374417ms)
✔ independent HTTP command export preserves persisted observations across old run, absent fields, auth and RTU selection without writes (237.24ms)
✔ expiresAt accepts explicit ISO zones/fractions and rejects permissive Date.parse calendar normalization (55.68175ms)
✔ expiresAt-only body change conflicts; equal priority supersedes overlapping but disjoint remains active (3.735ms)
✔ physical database reopen restores unfinished deadline; timeout retains setting until explicit stop makes power zero (33.60125ms)
✔ independent preview: summaries scan beyond display rows; hidden invalid row is rejected by preview and registration (53.246458ms)
✔ independent preview HTTP: existing model and every persistent table unchanged, no MQTT connection path invoked (197.803667ms)
✔ prune deletes old acknowledged frames/outbox while preserving old pending/unbatched data, command IDs and scenarios (37.885625ms)
✔ per-device identity/auth overrides are separate from common defaults and LWT topics are exact (30.652917ms)
✔ runtime keeps tick/prune/shutdown alive when audit and storage both fail (169.043833ms)
✔ shutdown closes HTTP and SQLite even if transport stop rejects (6.387459ms)
✔ unauthenticated health/config contain no configured credentials; protected state requires token (29.613375ms)
✔ public config exact allowlist and authenticated downloads never echo the credential (38.476375ms)
✔ durable atomic model/frame, immutable sequence and byte/run/count batches (210.325708ms)
✔ retention keeps unacknowledged messages, unbatched frames, command IDs and scenarios (3.844292ms)
✔ storage failure during pump keeps row retryable and other event errors never escape (61.599417ms)
✔ delayed storage failure and PUBACK ack failure retain original queue row for retry (68.312292ms)
✔ per RTU independent inflight; only PUBACK removes immutable row; malformed and retained rejected (77.260917ms)
✔ connection client IDs remain caller-specific with common auth configuration (1.272084ms)
✔ delayed pump reads latest model object and REST receipts persist (19.883792ms)
✔ provided 55-row wind TSV preserves voltage and proportional original-current estimate (56.374167ms)
✔ hybrid combined total distributes by rated capacity without inferring fuel from power shape (5.921958ms)
✔ KMA SFCTM2 field fixture uses index11 temperature, 10 degree wind and KST time (14.915042ms)
✔ KMA malformed/stale/future/out-of-range/wrong-station responses fail (3.346291ms)
✔ live refresh preserves irradiance; request has current observation parameters and no old tm (10.728958ms)
✔ automatic manual/frozen skips; explicit lookup enters weather mode and releases freeze (2.246333ms)
✔ failed live observations retain all last-valid values, source and timestamp without auth leaks (3.985833ms)
✔ missing direction preserves previous direction; SI never interpreted as irradiance (1.147959ms)
✔ manual edit during in-flight request is protected, including explicit request (3.189041ms)
ℹ tests 79
ℹ suites 0
ℹ pass 79
ℹ fail 0
ℹ cancelled 0
ℹ skipped 0
ℹ todo 0
ℹ duration_ms 13645.371839
