
> grid-vpp-emulator@1.7.1 test
> node --test --test-concurrency=1 tests/*.test.js

✔ fixed read snapshot remains atomic with independent continuous WAL writer, and writer commits continue (280.743792ms)
ℹ {"writerCommits":124,"maxCommitMs":0.24379199999999912,"backupSteps":12306}
✔ mid-copy cooperative deadline finalizes backup, releases read transaction and leaves no published final (393.11975ms)
✔ supervisor terminates own worker blocked inside synchronous work; SIGTERM-resistant worker is killed and read lock released (747.09975ms)
✔ supervisor refuses verified-looking IPC without successful worker exit and preserves existing final (86.986167ms)
✔ parent SIGTERM cancels its child, confirms exit and never publishes final (148.275583ms)
✔ non-WAL database fails closed and leaves private unpublished partial (55.954125ms)
✔ malformed, null, array, oversized, retained and cross-RTU statuses rejected (0.570208ms)
✔ only allowlisted fields survive; raw credentials and controls are removed from reason (0.158417ms)
✔ RTU status preserves strict online booleans including retained online and offline (0.129042ms)
✔ online cannot change ack or command-status interpretation or retained-message boundaries (0.0805ms)
✔ command export authenticates, omits raw fields and scrubs secrets from all configuration layers (28.505584ms)
✔ export DTO keeps only typed snapshots, records redaction, and makes no de-identification/replay promise (0.77425ms)
✔ explicit broker URL password is treated as known credential in informational IDs (0.17325ms)
✔ control normalization cannot expose known secrets or create empty replacement patterns (0.180167ms)
✔ control characters cannot split a credential URL to bypass export redaction (1.163542ms)
✔ export target and observed values preserve real accepted, executing and completed command semantics (5.814916ms)
✔ HTTP export has latest20 only, original run IDs, RTU isolation and no persistent or control side effects (26.466ms)
✔ original1.4 browser fixture remains tied to its known local API and bundle (0.414542ms)
✔ new1.5 browser fixture requires an explicit reviewed bundle before any writes (0.235625ms)
✔ all fixture modes refuse primary and mismatched endpoints (0.154ms)
✔ restore mode uses isolated ports and remote credentials with explicit candidate identity (0.041542ms)
✔ unreviewed product or target modes fail closed (0.057833ms)
✔ approved1.6 uses a separate localfixture and never falls back to1.5 (0.058375ms)
✔ approved1.7 form fixture is isolated3111 with an explicit candidate bundle (0.054792ms)
✔ server numeric boundaries and fractional values remain exact (1.184458ms)
✔ empty and nonfinite inputs never become silent defaults or valid commands (0.074458ms)
✔ zero and fractional expiry use one supplied clock without business duration cap (0.312375ms)
✔ overflow and valid Date extended year yield field errors rather than exceptions (0.096875ms)
✔ target0 and availability-exceeding targets are not clamped; server still decides rated limit (0.063708ms)
✔ retains last rows and browser completion time through failure, recovers with fresh success and distinguishes empty (1.18625ms)
✔ slow request never overlaps, finite timeout aborts and late success cannot replace error (0.248833ms)
✔ switch/unmount aborts owned work, clears all timers and discards late old RTU results (0.151292ms)
✔ reader authenticates GET only, caps order at20, rejects malformed bodies and never reads HTTP error bodies (0.350542ms)
✔ timeout covers stalled JSON body after successful headers (0.163ms)
✔ observation requires exact original command identity, action, REST and known status (0.529958ms)
✔ synchronous perRTU POST guard survives callers and releases before following state GET (2.181667ms)
✔ confirmed POST survives state failure; failed POST stays unconfirmed without retry (0.204375ms)
✔ explicit recheck is single in-flight, preserves confirmed on missing/error and rejects regression (0.158083ms)
✔ lost response resolves only by matching stored ID, never another row; last20 preserves uncertainty (0.30475ms)
✔ late recheck does not resurrect evicted receipt or overwrite anotherRTU (0.673542ms)
✔ late state refresh cannot replace a newer refresh and cannot erase rechecked status (0.694625ms)
✔ 15s production request boundary includes stalled response body, HTTP ignores body,401auth preserved (17.599125ms)
✔ remote management fails closed without strong token (0.466459ms)
✔ exact bearer token required and topic wildcards forbidden (0.095208ms)
✔ configuration bounds and credential redaction (0.164708ms)
✔ zero available power does not complete start while fractional startup remains (3.741708ms)
✔ already expired and latency-expired requests leave SCADA settings unchanged (4.902792ms)
✔ canonical global dedup, validation atomicity, priority intersections (6.475958ms)
✔ expiry before dispatch; sensor freeze cannot complete; restart deadline real time (1.002417ms)
✔ target checks every allocated device and signed actual error, then completion (0.378792ms)
✔ stop clears pending startup and completed requires a post-dispatch model sample (0.282292ms)
✔ failed durable dispatch rolls back model, command cache and outbox together (0.462166ms)
✔ setpoint action validation applies even to known duplicate IDs (0.200417ms)
✔ outer model transaction rollback also restores nested command cancellation cache (0.241209ms)
✔ parser diagnostics never echo malformed CSV field contents (1.598584ms)
✔ prototype names remain unknown columns and never enter normalized DTOs (1.532291ms)
✔ 100000 rows are accepted; excessive rows abort before parsing trailing malformed input (289.946208ms)
✔ HTTP preview returns bounded diagnostics and authenticates before malformed input (56.471209ms)
✔ preflight caps columns before allocation and preserves quoted commas, escapes and newlines (2.124084ms)
✔ preview agrees with registration units, interpolation and time zones (3.408416ms)
✔ preview bounds output and preserves TSV electrical fields without emitting unknown CSV columns (1.293209ms)
✔ hybrid preview follows combined-total precedence and split sum exactly (0.194042ms)
✔ preview uses existing row validation and rejects invalid request shapes (0.249584ms)
✔ authenticated preview has no database, controller, RTU or transport side effects (59.075125ms)
✔ deadline command preserves successful proof bytes but withholds failed child secrets (237.174084ms)
✔ expired, missing or invalid original deadline never starts the supplied command (153.892583ms)
✔ original remaining time caps a larger host timeout and uncertain output is withheld (2015.576958ms)
✔ host timeout terminates descendants only in the process group it created (3260.775917ms)
✔ successful leader exit stops residual group members before its PID is reaped (1332.2675ms)
✔ combined child output is capped while running and never emitted after failure (83.97525ms)
✔ SIGTERM to the wrapper stops its owned command group with no success output (2272.657916ms)
✔ canonical audit created uses explicitKST across midnight, leap day and year boundary (0.729833ms)
✔ missing, nonstring, invalid calendar and noncanonical input never become visible times (0.086292ms)
✔ alternate timestamps cannot fill absent or malformed created and cannot override valid created (0.059125ms)
✔ formatting is identical across host time zones (86.093ms)
✔ binds real offsets, hashes, same video assets and relative reference (7.350208ms)
✔ rejects late (2.282041ms)
✔ rejects missing-asset (2.978541ms)
✔ rejects changed-video (2.851333ms)
✔ rejects wrong-manifest (2.412792ms)
✔ rejects unreviewed (2.36225ms)
✔ rejects placeholder (2.493875ms)
✔ rejects future-version (2.462792ms)
✔ rejects same-run (2.41375ms)
✔ CLI refuses to overwrite existing output (27.932166ms)
✔ security rejects invented-transition (2.915125ms)
✔ security rejects private-symlink (3.876ms)
✔ security rejects parent-traversal (2.946792ms)
✔ security rejects outside-absolute (2.790541ms)
✔ security rejects missing-duration (2.669792ms)
✔ security rejects nan-duration (2.329208ms)
✔ security rejects negative-scene (2.576708ms)
✔ security rejects utc-string (2.439833ms)
✔ security rejects rollover-date (2.302708ms)
✔ security rejects credential-body (24.591958ms)
✔ security rejects wrong-run (2.635625ms)
✔ security rejects wrong-prd (2.503292ms)
✔ security rejects unknown-input (2.116042ms)
✔ security rejects old-command-report (3.608ms)
✔ security rejects changed-recovery (2.430333ms)
✔ security rejects output-private (2.228083ms)
✔ rejects credential-like text derived from command report before config write (28.944292ms)
✔ accepts actual unchanged authoritative microsecond UTC ledger timestamps (3.852875ms)
✔ rejects noncanonical ledger 2026-02-30T21:37:33.079009+00:00 (2.094042ms)
✔ rejects noncanonical ledger 2026-09-21T21:37:33.079009+09:00 (2.67425ms)
✔ rejects noncanonical ledger Mon, 21 Sep 2026 21:37:33 GMT (2.058708ms)
✔ supports exactly product1.4.0/PRD1.11 with fully matching evidence (3.7865ms)
✔ rejects unreviewed matching product 1.4.1 (2.617833ms)
✔ rejects unreviewed matching product 1.4.0-rc.1 (2.46575ms)
✔ rejects unreviewed matching product 1.5.1 (2.327792ms)
✔ rejects unreviewed matching product 1.5.0-rc.1 (3.423458ms)
✔ rejects unreviewed matching product 1.6.1 (2.533042ms)
✔ rejects unreviewed matching product 1.6.0-rc.1 (2.612875ms)
✔ rejects unreviewed matching product 1.7.2 (2.637917ms)
✔ rejects unreviewed matching product 1.7.1-rc.1 (2.478042ms)
✔ rejects unreviewed matching product 1.7.0-rc.1 (2.381959ms)
✔ rejects unreviewed matching product 1.8.0 (2.616ms)
✔ rejects unreviewed matching product 2.0.0 (2.301417ms)
✔ supports exactly product1.5.0/PRD1.12 with fully matching evidence (3.328625ms)
✔ supports exactly product1.6.0/PRD1.13 while retaining same receipt scenes (3.130042ms)
✔ supports exactly product1.7.0/PRD1.14 with same receipt capability (3.080291ms)
✔ supports exactly product1.7.1/PRD1.15 with unchanged1.7 UI capabilities (3.087166ms)
✔ remaining time caps child work and rejects late receipts without extending original deadline (1.343334ms)
✔ hung synchronous tool is killed within remaining budget (124.896208ms)
✔ watchdog kills blocked worker and its owned subprocess group (473.978792ms)
✔ normal rehearsal tool succeeds inside finite budget (19.645125ms)
✔ reaped or reused worker and changed descendant identities are never signalled (0.448167ms)
✔ normal supervisor exit leaves unrelated live process alone (53.542625ms)
✔ final recorder reserve stops work early without extending deadline or shortening rehearsal (0.456417ms)
✔ final media binds approved content digest, run, runtime and frozen window (0.425917ms)
✔ syntactically valid but different image digest is rejected (0.143916ms)
✔ mismatched release/run/runtime/version and invalid or expired schedule fail closed (0.1485ms)
✔ lifecycle scene plan gates owned mutations and captures registration before controls (1.251875ms)
✔ unspecified lifecycle preserves prior rehearsal registration and scenario action formats (0.157792ms)
✔ actual registration request fingerprint must exactly match intent before response capture (0.195833ms)
✔ receipt demonstration is exact1.5/1.6/1.7 gated and wide RTU metrics are never cropped (0.507917ms)
✔ 1.7 list status framing centers status and command rows without changing older layout (0.148708ms)
✔ 1.7.1 scene content/actions equal1.7.0; patch/prerelease not implicitly enabled (0.534208ms)
✔ health precedence and exact real-time boundaries (0.912541ms)
✔ CSV/TSV BOM and Korean aliases, unit and missing weather (2.311542ms)
✔ linear 300/599/600 boundaries and last interval hold, no wrapping interpolation (0.229208ms)
✔ mean/kWh energy holds original interval without claiming ramp-adjusted energy (0.526958ms)
✔ direction shortest arc and optional missing data never backwards-filled (0.165334ms)
✔ strict actual dates, offsets, seconds, leap years (0.198083ms)
✔ invalid CSV errors identify original row/field; duplicate, reverse, gap, NaN, empty (0.768167ms)
✔ registration validates whole input and generates correct hybrid IDs and virtual coordinates (0.785833ms)
✔ CSV total allocation and hybrid separate allocation, voltage/current provenance (0.535958ms)
✔ weather wind power cubic/rated/cut-out and custom interpolation (0.250125ms)
✔ solar temperature correction, saturation, efficiency and manual night irradiance (0.494708ms)
✔ ramp, stopping, fractional startup and actuator freeze (0.277625ms)
✔ percentage limit and rated reductions, unchanged CSV power on weather-only edit (0.146667ms)
✔ all PATCH validators are atomic including RNG and source metadata (0.36375ms)
✔ LCG common noise, independent fault RNG, snapshot deterministic replay and pause (0.3115ms)
✔ separate irradiance CSV aligns source timestamp and falls back outside range (0.199041ms)
✔ frame includes complete state and excludes custom curve data; API retains curve (0.163167ms)
✔ loop count records actual dataset wraps, not seeks, and survives scenario JSON snapshots (0.166667ms)
✔ consistent current metadata accepts historical ended records without treating them as active (0.327542ms)
✔ stale supplementary session ownership is reported without mutating history or current records (0.34325ms)
✔ reused audit PID with changed start identity is a mismatch (0.053916ms)
✔ stale supervisor ownership and duplicate handle field are independently reported (0.388292ms)
✔ incomplete current observation metadata fails closed once a soak exists (0.109459ms)
✔ metadata reconciliation never overrides disconnection, deployment mismatch, freeze or deadline (0.078167ms)
✔ preserves exact config, release, all source files including itself, and upload hashes (8.260958ms)
✔ rejects config-secret before creating output (2.423666ms)
✔ rejects http-credentials before creating output (2.368084ms)
✔ rejects mqtt-credentials before creating output (2.499292ms)
✔ rejects private-upload before creating output (2.337375ms)
✔ rejects private-symlink before creating output (2.372125ms)
✔ rejects credential-outside-private before creating output (2.405375ms)
✔ rejects upload-secret before creating output (2.819167ms)
✔ stalled child is killed within command budget, without printing sensitive stdout (158.235291ms)
✔ original deadline and total budget reject subsequent launch instead of resetting on retry (1.186334ms)
✔ expired remote snapshot never creates a partial or final file (29.402ms)
✔ snapshot failure leaves only private partial; existing verified final is preserved (67.207667ms)
✔ successful online snapshot publishes complete private SQLite then compression preserves bytes (69.41075ms)
✔ one MiB encoded chunk and final short chunk flush completely with matching byte hashes (50.492625ms)
✔ outbox capture uses identical hardened source, exact verified pod and unchanged original deadline (1.894666ms)
✔ incomplete, unverified or failed snapshot cannot advance into restart proof (2.780542ms)
✔ pinned and placeholder templates replace exact app plus both broker slots (0.94ms)
✔ invalid digests and shell/sed/newline characters fail closed (0.132625ms)
✔ missing duplicate wrong slots and ambiguous images fail closed (0.141625ms)
✔ deployment wrapper supplies passed digests with private permissions and cleans successful render (533.279583ms)
✔ invalid deployment image never reaches kubectl and cleans temporary output (34.822084ms)
✔ failed kubectl apply prevents rollout and removes private render (269.56225ms)
✔ network recovery resumes from evidence while freeze and deadline remain authoritative (0.4195ms)
✔ independent actual backup CLI hung discovery stops within original deadline and keeps sensitive child output private (2511.84025ms)
✔ independent actual backup CLI expired original deadline launches no kubectl (34.959417ms)
✔ independent budget expiration blocks a second command launch (23.886125ms)
✔ independent snapshot expired remote deadline creates neither final nor part (22.802875ms)
✔ independent HTTP command export preserves persisted observations across old run, absent fields, auth and RTU selection without writes (31.236875ms)
✔ command list observer requires exact target/version/digest/private path before I/O (0.41525ms)
✔ remote observation forbids controlled faults unless explicit actual-only (0.106459ms)
✔ expiresAt accepts explicit ISO zones/fractions and rejects permissive Date.parse calendar normalization (3.449042ms)
✔ expiresAt-only body change conflicts; equal priority supersedes overlapping but disjoint remains active (0.633ms)
✔ physical database reopen restores unfinished deadline; timeout retains setting until explicit stop makes power zero (4.310584ms)
✔ actual model API cleanup restores owned settings only, remains idempotent and does not rewind dynamic time/output (49.29925ms)
✔ lost write response is reconciled without replaying already applied patch (22.4635ms)
✔ lost registration response identifies unique candidate but cannot invent initial baseline or write (13.466375ms)
✔ pre-existing or wrong registration ID and changed owned run fail closed (14.276792ms)
✔ expired deadline and wrong journal scope fail before writes; existing differences are report-only (21.312583ms)
✔ planned same-owned scenario HTTP200 transition preserves original settings baseline (28.952042ms)
✔ wrong scenario owner and unresolved planned response never authorize cleanup (18.339042ms)
✔ begin reuses unchanged baseline without rewriting file and rejects changed pre-existing settings (6.516209ms)
✔ actual201 ownership and cleanup tolerate independent server clock offset -30000 (18.955833ms)
✔ actual201 ownership and cleanup tolerate independent server clock offset 30000 (21.075792ms)
✔ lost registration with independent clock still never creates a baseline or writes (11.853625ms)
✔ readonly event harness requires explicit matching reviewed target before I/O (0.57425ms)
✔ event source gate refuses missing version/hash/token/output and unsafe path (0.128625ms)
✔ form cleanup permits only captured plant/generator identities and PATCH routes (0.347791ms)
✔ independent delivery fixture proves only artifact consistency, never completion (47.504875ms)
✔ independent delivery rejects changed cleanup receipt (44.781375ms)
✔ independent delivery rejects missing reviewed facts (45.536417ms)
✔ independent delivery rejects missing binder inventory (44.005916ms)
✔ independent delivery rejects changed binding command report (43.176792ms)
✔ independent delivery rejects invented recovery with changed existing RTU (43.355042ms)
✔ independent delivery rejects changed source manifest (43.555583ms)
✔ independent delivery rejects failed package validation (46.798458ms)
✔ independent delivery rejects same release different reviewed video (43.032625ms)
✔ independent delivery rejects missing deadline source (43.220541ms)
✔ independent delivery rejects empty reproduction list (43.8495ms)
✔ independent delivery rejects wrong config hash (45.163542ms)
✔ independent delivery rejects both image digests invalid (43.674917ms)
✔ expired actual outbox CLI launches no kubectl (40.656333ms)
✔ actual outbox CLI hung discovery ends at original deadline without sensitive child output (3019.55875ms)
✔ non-loopback override is rejected before any token-bearing HTTP or kubectl (59.360375ms)
✔ actual MQTT connection block owns and closes client when connection arrives after budget (55.518125ms)
✔ actual recovery port configuration preserves defaults and rejects conflicting or invalid ports (2.935167ms)
✔ actual observer callback ignores malformed and unrelated JSON and preserves exact matching body (0.655833ms)
✔ backup runtime identity rejects old rollout pod, wrong digest, unavailable or ambiguous ready pods (0.933375ms)
✔ independent preview: summaries scan beyond display rows; hidden invalid row is rejected by preview and registration (7.74375ms)
✔ independent preview HTTP: existing model and every persistent table unchanged, no MQTT connection path invoked (26.091625ms)
✔ receipt browser target rejects primary, external, credentials and mode mismatch before I/O (0.387084ms)
✔ isolated restore requires exact approved lowercase digest, private token and approved receipt versions (0.162792ms)
✔ default local mode remains isolated3109 with original private candidate token (0.042ms)
✔ approved1.6 receipt target separateslocalport/token and keepsrestore safeguards (0.079542ms)
✔ approved1.7 receipt fixture is isolated3111 and refuses prior or primary ports (0.08575ms)
✔ independent review: generated sample files accepted by production parser (33.080375ms)
✔ independent review: delayed KMA HTTP result cannot overwrite newer manual edit or station (27.628084ms)
✔ actual release verifier expired boundary (25.30525ms)
✔ actual release verifier hang boundary (2515.822541ms)
✔ actual release verifier failure boundary (574.106083ms)
✔ actual release verifier normal boundary (495.558375ms)
✔ offline manifest verification remains independent of run deadline (29.418459ms)
✔ at-commit still hashes committed evidence when working file differs (86.160083ms)
✔ restore manifest enforces streamed source/destination SHA before app start and retains isolated read-only source (545.299208ms)
✔ wrong snapshot SHA fails before copy; optional argument keeps legacy command compatibility (504.517416ms)
✔ matching hashes do not replace SQLite integrity validation (423.319458ms)
✔ hung apply is killed by remaining deadline without raw output or automatic retry (3015.031583ms)
✔ expired or missing run fails closed without even a discovery or apply (77.134291ms)
✔ prune deletes old acknowledged frames/outbox while preserving old pending/unbatched data, command IDs and scenarios (1.874292ms)
✔ poll cadence and telemetry gaps remain distinct; legacy alias remains poll gap (0.289916ms)
✔ connection transition counts survive retry errors without double-counting close before first connect (0.512667ms)
✔ independent auditor accepts genuine ramp-down output above new available power and nullable electrical observations (3.889541ms)
✔ independent auditor rejects missing generator control fields (0.627584ms)
✔ independent auditor rejects empty weather (0.45575ms)
✔ independent auditor rejects null faults (0.654292ms)
✔ independent auditor rejects non ISO source timestamp (0.659375ms)
✔ independent auditor rejects non ISO observation timestamp (0.468ms)
✔ verified IPC followed by worker failure never promotes partial or reveals worker diagnostics (42.742583ms)
✔ existing immutable final is preserved and prevents worker work (21.278792ms)
✔ noncooperative synchronous worker is killed without final publication (375.2485ms)
✔ hostile nonnumeric values produce fixed errors without reflecting input (0.437333ms)
✔ four-digit year upper boundary accepts9999 and refuses10000 without rounding inputs (0.634458ms)
✔ invalid numeric clock fails closed and fractional valid input stays unchanged (0.284417ms)
✔ command transport explicitly refuses redirect replay and never reads error bodies (0.426375ms)
✔ receipt reason redacts credential URLs even with embedded controls and known normalized secrets (0.20775ms)
✔ unknown response and HTTP failure retain original identity without an automatic POST retry (0.903958ms)
✔ per-device identity/auth overrides are separate from common defaults and LWT topics are exact (2.190083ms)
✔ malicious timestamp and fallback contents are never returned or coerced (0.366084ms)
✔ fixture requires exact explicit read target version hash and private token path (0.176167ms)
✔ event regression candidate1.7 remains read-only and requires its exact3111 target (0.069625ms)
✔ runtime keeps tick/prune/shutdown alive when audit and storage both fail (20.193583ms)
✔ shutdown closes HTTP and SQLite even if transport stop rejects (2.087083ms)
✔ unauthenticated health/config contain no configured credentials; protected state requires token (4.922292ms)
✔ public config exact allowlist and authenticated downloads never echo the credential (6.789042ms)
✔ untrusted error metadata never becomes a diagnostic category or raw text (5.643666ms)
✔ JSON null arrays and hostile object keys remain sanitized failures (3.07125ms)
✔ non-2xx body is never parsed; remote failure retains explicitly historical local proof (2.470958ms)
✔ durable atomic model/frame, immutable sequence and byte/run/count batches (41.8095ms)
✔ retention keeps unacknowledged messages, unbatched frames, command IDs and scenarios (0.727167ms)
✔ successful local proof records bounded categories and normal read sequence (18.673084ms)
✔ local diagnosis health health_not_ok does not publish raw data (6.15925ms)
✔ local diagnosis health version_mismatch does not publish raw data (4.9065ms)
✔ local diagnosis health broker_disconnected does not publish raw data (4.0195ms)
✔ local diagnosis config version_mismatch does not publish raw data (4.586333ms)
✔ local diagnosis config authentication_not_required does not publish raw data (4.687ms)
✔ local diagnosis state version_mismatch does not publish raw data (4.983958ms)
✔ local diagnosis state invalid_state does not publish raw data (3.93025ms)
✔ local diagnosis state broker_disconnected does not publish raw data (4.309458ms)
✔ local diagnosis state http_status does not publish raw data (3.910583ms)
✔ local diagnosis config invalid_json does not publish raw data (3.506375ms)
✔ local diagnosis state timeout does not publish raw data (1005.919208ms)
✔ interrupted HTTP response body is a transport failure, not invalid JSON (25.356875ms)
✔ credential, TCP and HTTP listener failures have distinct sanitized phases (11.362042ms)
✔ changed failure category is recorded while equivalent repeated failures stay deduplicated (13.739917ms)
✔ controlled kubectl outage retries with cap and recovers read-only with exact image/auth (745.854084ms)
✔ wrong remote image blocks forwarding and does not replay writes (440.768333ms)
✔ occupied unrelated ports are neither killed nor replaced (392.09125ms)
✔ existing healthy external forward survives supervisor freeze, deadline and stop (562.378666ms)
✔ singleton excludes same-process duplicate, replaces verified stale PID identity, refuses incomplete lock (17.681709ms)
✔ invalid startup configuration fails closed and does not spawn commands (5.6175ms)
✔ deadline stops only owned forward; expected-image update is revalidated (1058.167417ms)
✔ local-only owned forward loss records a new outage and recovery without remote failure (671.249667ms)
✔ unhealthy still-running owned forward records outage before replacement (886.639875ms)
✔ real model and store split full SCADA into valid size-bounded packets, including equal wall timestamps (63.967333ms)
✔ same-body QoS1 duplicate is counted; a changed body with same ID is an anomaly (0.934166ms)
✔ shared sequence jumps, sensor gaps, restored run and baseline changes are contextual observations (0.795125ms)
✔ independent structural defects are reported without throwing on malformed samples (1.556042ms)
✔ RTU identity, retained delivery and bounded dedup scope remain explicit (1.446625ms)
✔ storage failure during pump keeps row retryable and other event errors never escape (23.886416ms)
✔ delayed storage failure and PUBACK ack failure retain original queue row for retry (67.133458ms)
✔ per RTU independent inflight; only PUBACK removes immutable row; malformed and retained rejected (37.254ms)
✔ connection client IDs remain caller-specific with common auth configuration (0.186ms)
✔ delayed pump reads latest model object and REST receipts persist (16.173917ms)
✔ provided 55-row wind TSV preserves voltage and proportional original-current estimate (3.536959ms)
✔ hybrid combined total distributes by rated capacity without inferring fuel from power shape (0.663291ms)
✔ KMA SFCTM2 field fixture uses index11 temperature, 10 degree wind and KST time (1.402041ms)
✔ KMA malformed/stale/future/out-of-range/wrong-station responses fail (0.326167ms)
✔ live refresh preserves irradiance; request has current observation parameters and no old tm (1.545458ms)
✔ automatic manual/frozen skips; explicit lookup enters weather mode and releases freeze (0.291958ms)
✔ failed live observations retain all last-valid values, source and timestamp without auth leaks (0.2675ms)
✔ missing direction preserves previous direction; SI never interpreted as irradiance (0.150583ms)
✔ manual edit during in-flight request is protected, including explicit request (0.312167ms)
ℹ tests 323
ℹ suites 0
ℹ pass 323
ℹ fail 0
ℹ cancelled 0
ℹ skipped 0
ℹ todo 0
ℹ duration_ms 38704.17175
