✔ malformed, null, array, oversized, retained and cross-RTU statuses rejected (18.922125ms)
✔ only allowlisted fields survive; raw credentials and controls are removed from reason (6.179917ms)
✔ remote management fails closed without strong token (9.359416ms)
✔ exact bearer token required and topic wildcards forbidden (1.5595ms)
✔ configuration bounds and credential redaction (5.148417ms)
✔ zero available power does not complete start while fractional startup remains (86.533458ms)
✔ already expired and latency-expired requests leave SCADA settings unchanged (38.731ms)
✔ canonical global dedup, validation atomicity, priority intersections (76.892209ms)
✔ expiry before dispatch; sensor freeze cannot complete; restart deadline real time (18.068417ms)
✔ target checks every allocated device and signed actual error, then completion (3.601541ms)
✔ stop clears pending startup and completed requires a post-dispatch model sample (2.446667ms)
✔ failed durable dispatch rolls back model, command cache and outbox together (7.204709ms)
✔ setpoint action validation applies even to known duplicate IDs (1.534875ms)
✔ outer model transaction rollback also restores nested command cancellation cache (1.637625ms)
✔ parser diagnostics never echo malformed CSV field contents (26.695458ms)
✔ prototype names remain unknown columns and never enter normalized DTOs (38.1935ms)
✔ 100000 rows are accepted; excessive rows abort before parsing trailing malformed input (1003.827834ms)
✔ HTTP preview returns bounded diagnostics and authenticates before malformed input (385.687167ms)
✔ preflight caps columns before allocation and preserves quoted commas, escapes and newlines (17.63675ms)
✔ preview agrees with registration units, interpolation and time zones (45.292375ms)
✔ preview bounds output and preserves TSV electrical fields without emitting unknown CSV columns (19.893833ms)
✔ hybrid preview follows combined-total precedence and split sum exactly (1.034166ms)
✔ preview uses existing row validation and rejects invalid request shapes (10.177709ms)
✔ authenticated preview has no database, controller, RTU or transport side effects (468.353583ms)
✔ health precedence and exact real-time boundaries (30.833084ms)
✔ CSV/TSV BOM and Korean aliases, unit and missing weather (60.319541ms)
✔ linear 300/599/600 boundaries and last interval hold, no wrapping interpolation (3.031625ms)
✔ mean/kWh energy holds original interval without claiming ramp-adjusted energy (9.623125ms)
✔ direction shortest arc and optional missing data never backwards-filled (1.372334ms)
✔ strict actual dates, offsets, seconds, leap years (45.499959ms)
✔ invalid CSV errors identify original row/field; duplicate, reverse, gap, NaN, empty (22.848375ms)
✔ registration validates whole input and generates correct hybrid IDs and virtual coordinates (38.682958ms)
✔ CSV total allocation and hybrid separate allocation, voltage/current provenance (10.238ms)
✔ weather wind power cubic/rated/cut-out and custom interpolation (5.783875ms)
✔ solar temperature correction, saturation, efficiency and manual night irradiance (3.672209ms)
✔ ramp, stopping, fractional startup and actuator freeze (1.291334ms)
✔ percentage limit and rated reductions, unchanged CSV power on weather-only edit (0.465416ms)
✔ all PATCH validators are atomic including RNG and source metadata (7.520625ms)
✔ LCG common noise, independent fault RNG, snapshot deterministic replay and pause (4.595958ms)
✔ separate irradiance CSV aligns source timestamp and falls back outside range (1.639167ms)
✔ frame includes complete state and excludes custom curve data; API retains curve (3.297541ms)
✔ loop count records actual dataset wraps, not seeks, and survives scenario JSON snapshots (6.950625ms)
✔ expiresAt accepts explicit ISO zones/fractions and rejects permissive Date.parse calendar normalization (103.789459ms)
✔ expiresAt-only body change conflicts; equal priority supersedes overlapping but disjoint remains active (6.8655ms)
✔ physical database reopen restores unfinished deadline; timeout retains setting until explicit stop makes power zero (25.053541ms)
✔ independent preview: summaries scan beyond display rows; hidden invalid row is rejected by preview and registration (84.248042ms)
✔ independent preview HTTP: existing model and every persistent table unchanged, no MQTT connection path invoked (335.876916ms)
✔ independent review: generated sample files accepted by production parser (518.568417ms)
✔ independent review: delayed KMA HTTP result cannot overwrite newer manual edit or station (288.262417ms)
✔ prune deletes old acknowledged frames/outbox while preserving old pending/unbatched data, command IDs and scenarios (116.884333ms)
✔ per-device identity/auth overrides are separate from common defaults and LWT topics are exact (46.921292ms)
✔ runtime keeps tick/prune/shutdown alive when audit and storage both fail (274.338792ms)
✔ shutdown closes HTTP and SQLite even if transport stop rejects (13.523708ms)
✔ unauthenticated health/config contain no configured credentials; protected state requires token (54.396916ms)
✔ public config exact allowlist and authenticated downloads never echo the credential (63.415708ms)
✔ durable atomic model/frame, immutable sequence and byte/run/count batches (142.040625ms)
✔ retention keeps unacknowledged messages, unbatched frames, command IDs and scenarios (5.624167ms)
✔ storage failure during pump keeps row retryable and other event errors never escape (76.1355ms)
✔ delayed storage failure and PUBACK ack failure retain original queue row for retry (67.814375ms)
✔ per RTU independent inflight; only PUBACK removes immutable row; malformed and retained rejected (91.6115ms)
✔ connection client IDs remain caller-specific with common auth configuration (1.46625ms)
✔ delayed pump reads latest model object and REST receipts persist (22.6455ms)
✔ provided 55-row wind TSV preserves voltage and proportional original-current estimate (106.845458ms)
✔ hybrid combined total distributes by rated capacity without inferring fuel from power shape (10.399ms)
✔ KMA SFCTM2 field fixture uses index11 temperature, 10 degree wind and KST time (20.972542ms)
✔ KMA malformed/stale/future/out-of-range/wrong-station responses fail (4.930958ms)
✔ live refresh preserves irradiance; request has current observation parameters and no old tm (17.564875ms)
✔ automatic manual/frozen skips; explicit lookup enters weather mode and releases freeze (3.520209ms)
✔ failed live observations retain all last-valid values, source and timestamp without auth leaks (6.456375ms)
✔ missing direction preserves previous direction; SI never interpreted as irradiance (2.240917ms)
✔ manual edit during in-flight request is protected, including explicit request (4.74175ms)
ℹ tests 71
ℹ suites 0
ℹ pass 71
ℹ fail 0
ℹ cancelled 0
ℹ skipped 0
ℹ todo 0
ℹ duration_ms 2244.52446
