✔ malformed, null, array, oversized, retained and cross-RTU statuses rejected (12.173417ms)
✔ only allowlisted fields survive; raw credentials and controls are removed from reason (1.999375ms)
✔ command export authenticates, omits raw fields and scrubs secrets from all configuration layers (210.51975ms)
✔ export DTO keeps only typed snapshots, records redaction, and makes no de-identification/replay promise (5.801125ms)
✔ explicit broker URL password is treated as known credential in informational IDs (1.938292ms)
✔ control normalization cannot expose known secrets or create empty replacement patterns (1.295542ms)
✔ control characters cannot split a credential URL to bypass export redaction (9.996334ms)
✔ export target and observed values preserve real accepted, executing and completed command semantics (49.581334ms)
✔ HTTP export has latest20 only, original run IDs, RTU isolation and no persistent or control side effects (190.2295ms)
✔ remote management fails closed without strong token (5.693041ms)
✔ exact bearer token required and topic wildcards forbidden (0.74725ms)
✔ configuration bounds and credential redaction (3.1905ms)
✔ zero available power does not complete start while fractional startup remains (53.807ms)
✔ already expired and latency-expired requests leave SCADA settings unchanged (18.460542ms)
✔ canonical global dedup, validation atomicity, priority intersections (51.161875ms)
✔ expiry before dispatch; sensor freeze cannot complete; restart deadline real time (6.776292ms)
✔ target checks every allocated device and signed actual error, then completion (1.49625ms)
✔ stop clears pending startup and completed requires a post-dispatch model sample (1.152334ms)
✔ failed durable dispatch rolls back model, command cache and outbox together (3.61ms)
✔ setpoint action validation applies even to known duplicate IDs (0.68775ms)
✔ outer model transaction rollback also restores nested command cancellation cache (0.681625ms)
✔ parser diagnostics never echo malformed CSV field contents (16.132708ms)
✔ prototype names remain unknown columns and never enter normalized DTOs (14.662625ms)
✔ 100000 rows are accepted; excessive rows abort before parsing trailing malformed input (686.481958ms)
✔ HTTP preview returns bounded diagnostics and authenticates before malformed input (274.9855ms)
✔ preflight caps columns before allocation and preserves quoted commas, escapes and newlines (18.201208ms)
✔ preview agrees with registration units, interpolation and time zones (28.706709ms)
✔ preview bounds output and preserves TSV electrical fields without emitting unknown CSV columns (14.040042ms)
✔ hybrid preview follows combined-total precedence and split sum exactly (1.545125ms)
✔ preview uses existing row validation and rejects invalid request shapes (1.98775ms)
✔ authenticated preview has no database, controller, RTU or transport side effects (284.411292ms)
✔ health precedence and exact real-time boundaries (19.317583ms)
✔ CSV/TSV BOM and Korean aliases, unit and missing weather (22.675917ms)
✔ linear 300/599/600 boundaries and last interval hold, no wrapping interpolation (1.65675ms)
✔ mean/kWh energy holds original interval without claiming ramp-adjusted energy (5.504583ms)
✔ direction shortest arc and optional missing data never backwards-filled (2.984625ms)
✔ strict actual dates, offsets, seconds, leap years (9.663208ms)
✔ invalid CSV errors identify original row/field; duplicate, reverse, gap, NaN, empty (13.662292ms)
✔ registration validates whole input and generates correct hybrid IDs and virtual coordinates (16.529334ms)
✔ CSV total allocation and hybrid separate allocation, voltage/current provenance (31.652458ms)
✔ weather wind power cubic/rated/cut-out and custom interpolation (4.48625ms)
✔ solar temperature correction, saturation, efficiency and manual night irradiance (2.4695ms)
✔ ramp, stopping, fractional startup and actuator freeze (0.922667ms)
✔ percentage limit and rated reductions, unchanged CSV power on weather-only edit (0.474208ms)
✔ all PATCH validators are atomic including RNG and source metadata (3.106ms)
✔ LCG common noise, independent fault RNG, snapshot deterministic replay and pause (0.746792ms)
✔ separate irradiance CSV aligns source timestamp and falls back outside range (0.422292ms)
✔ frame includes complete state and excludes custom curve data; API retains curve (0.764333ms)
✔ loop count records actual dataset wraps, not seeks, and survives scenario JSON snapshots (3.270542ms)
✔ independent HTTP command export preserves persisted observations across old run, absent fields, auth and RTU selection without writes (229.937792ms)
✔ expiresAt accepts explicit ISO zones/fractions and rejects permissive Date.parse calendar normalization (51.502625ms)
✔ expiresAt-only body change conflicts; equal priority supersedes overlapping but disjoint remains active (3.631ms)
✔ physical database reopen restores unfinished deadline; timeout retains setting until explicit stop makes power zero (34.388875ms)
✔ independent preview: summaries scan beyond display rows; hidden invalid row is rejected by preview and registration (51.183875ms)
✔ independent preview HTTP: existing model and every persistent table unchanged, no MQTT connection path invoked (194.646875ms)
✔ prune deletes old acknowledged frames/outbox while preserving old pending/unbatched data, command IDs and scenarios (40.858ms)
✔ per-device identity/auth overrides are separate from common defaults and LWT topics are exact (30.683792ms)
✔ runtime keeps tick/prune/shutdown alive when audit and storage both fail (153.618ms)
✔ shutdown closes HTTP and SQLite even if transport stop rejects (7.506417ms)
✔ unauthenticated health/config contain no configured credentials; protected state requires token (51.079084ms)
✔ public config exact allowlist and authenticated downloads never echo the credential (36.451958ms)
✔ durable atomic model/frame, immutable sequence and byte/run/count batches (208.520916ms)
✔ retention keeps unacknowledged messages, unbatched frames, command IDs and scenarios (3.933667ms)
✔ storage failure during pump keeps row retryable and other event errors never escape (60.582417ms)
✔ delayed storage failure and PUBACK ack failure retain original queue row for retry (79.76975ms)
✔ per RTU independent inflight; only PUBACK removes immutable row; malformed and retained rejected (84.93725ms)
✔ connection client IDs remain caller-specific with common auth configuration (1.651ms)
✔ delayed pump reads latest model object and REST receipts persist (22.820416ms)
✔ provided 55-row wind TSV preserves voltage and proportional original-current estimate (55.793625ms)
✔ hybrid combined total distributes by rated capacity without inferring fuel from power shape (5.756667ms)
✔ KMA SFCTM2 field fixture uses index11 temperature, 10 degree wind and KST time (13.552125ms)
✔ KMA malformed/stale/future/out-of-range/wrong-station responses fail (3.372875ms)
✔ live refresh preserves irradiance; request has current observation parameters and no old tm (9.874959ms)
✔ automatic manual/frozen skips; explicit lookup enters weather mode and releases freeze (2.178667ms)
✔ failed live observations retain all last-valid values, source and timestamp without auth leaks (3.989041ms)
✔ missing direction preserves previous direction; SI never interpreted as irradiance (1.039792ms)
✔ manual edit during in-flight request is protected, including explicit request (4.016666ms)
ℹ tests 77
ℹ suites 0
ℹ pass 77
ℹ fail 0
ℹ cancelled 0
ℹ skipped 0
ℹ todo 0
ℹ duration_ms 13138.776089
