Input #0, mov,mp4,m4a,3gp,3g2,mj2, from 'artifacts/private/video-pilot/pilot.mp4':
  Metadata:
    major_brand     : isom
    minor_version   : 512
    compatible_brands: isomiso2avc1mp41
    encoder         : Lavf61.7.100
  Duration: 00:00:12.40, start: 0.000000, bitrate: 596 kb/s
  Stream #0:0[0x1](eng): Video: h264 (High) (avc1 / 0x31637661), yuv420p(tv, bt470bg/unknown/unknown, progressive), 1920x1080 [SAR 1:1 DAR 16:9], 489 kb/s, 30 fps, 30 tbr, 15360 tbn (default)
      Metadata:
        handler_name    : VideoHandler
        vendor_id       : [0][0][0][0]
        encoder         : Lavc61.19.100 libx264
  Stream #0:1[0x2](und): Audio: aac (LC) (mp4a / 0x6134706D), 22050 Hz, mono, fltp, 100 kb/s (default)
      Metadata:
        handler_name    : SoundHandler
        vendor_id       : [0][0][0][0]
[Parsed_volumedetect_0 @ 0x1317957e0] n_samples: 0
Stream mapping:
  Stream #0:0 -> #0:0 (h264 (native) -> wrapped_avframe (native))
  Stream #0:1 -> #0:1 (aac (native) -> pcm_s16le (native))
Press [q] to stop, [?] for help
Output #0, null, to 'pipe:':
  Metadata:
    major_brand     : isom
    minor_version   : 512
    compatible_brands: isomiso2avc1mp41
    encoder         : Lavf61.7.100
  Stream #0:0(eng): Video: wrapped_avframe, yuv420p(tv, bt470bg/unknown/unknown, progressive), 1920x1080 [SAR 1:1 DAR 16:9], q=2-31, 200 kb/s, 30 fps, 30 tbn (default)
      Metadata:
        handler_name    : VideoHandler
        vendor_id       : [0][0][0][0]
        encoder         : Lavc61.19.100 wrapped_avframe
  Stream #0:1(und): Audio: pcm_s16le, 22050 Hz, mono, s16, 352 kb/s (default)
      Metadata:
        handler_name    : SoundHandler
        vendor_id       : [0][0][0][0]
        encoder         : Lavc61.19.100 pcm_s16le
[Parsed_volumedetect_0 @ 0x13161a010] n_samples: 270336
[Parsed_volumedetect_0 @ 0x13161a010] mean_volume: -17.0 dB
[Parsed_volumedetect_0 @ 0x13161a010] max_volume: -3.8 dB
[Parsed_volumedetect_0 @ 0x13161a010] histogram_3db: 5
[Parsed_volumedetect_0 @ 0x13161a010] histogram_4db: 55
[Parsed_volumedetect_0 @ 0x13161a010] histogram_5db: 343
[out#0/null @ 0x131704a70] video:160KiB audio:528KiB subtitle:0KiB other streams:0KiB global headers:0KiB muxing overhead: unknown
frame=  372 fps=0.0 q=-0.0 Lsize=N/A time=00:00:12.26 bitrate=N/A speed= 204x    
