✔ malformed, null, array, oversized, retained and cross-RTU statuses rejected (20.000958ms)
✔ only allowlisted fields survive; raw credentials and controls are removed from reason (2.85425ms)
✔ command export authenticates, omits raw fields and scrubs secrets from all configuration layers (374.029292ms)
✔ export DTO keeps only typed snapshots, records redaction, and makes no de-identification/replay promise (21.050584ms)
✔ explicit broker URL password is treated as known credential in informational IDs (7.023125ms)
✔ control normalization cannot expose known secrets or create empty replacement patterns (0.850166ms)
✔ control characters cannot split a credential URL to bypass export redaction (16.257625ms)
✔ export target and observed values preserve real accepted, executing and completed command semantics (60.264917ms)
✔ HTTP export has latest20 only, original run IDs, RTU isolation and no persistent or control side effects (460.800667ms)
✔ remote management fails closed without strong token (14.917625ms)
✔ exact bearer token required and topic wildcards forbidden (1.099208ms)
✔ configuration bounds and credential redaction (6.186792ms)
✔ zero available power does not complete start while fractional startup remains (93.102125ms)
✔ already expired and latency-expired requests leave SCADA settings unchanged (55.006709ms)
✔ canonical global dedup, validation atomicity, priority intersections (76.026875ms)
✔ expiry before dispatch; sensor freeze cannot complete; restart deadline real time (13.397166ms)
✔ target checks every allocated device and signed actual error, then completion (3.4025ms)
✔ stop clears pending startup and completed requires a post-dispatch model sample (3.290042ms)
✔ failed durable dispatch rolls back model, command cache and outbox together (8.755458ms)
✔ setpoint action validation applies even to known duplicate IDs (1.724041ms)
✔ outer model transaction rollback also restores nested command cancellation cache (2.226834ms)
✔ parser diagnostics never echo malformed CSV field contents (39.101833ms)
✔ prototype names remain unknown columns and never enter normalized DTOs (64.794542ms)
✔ 100000 rows are accepted; excessive rows abort before parsing trailing malformed input (1140.619251ms)
✔ HTTP preview returns bounded diagnostics and authenticates before malformed input (384.154667ms)
✔ preflight caps columns before allocation and preserves quoted commas, escapes and newlines (18.122083ms)
✔ preview agrees with registration units, interpolation and time zones (37.637167ms)
✔ preview bounds output and preserves TSV electrical fields without emitting unknown CSV columns (34.640208ms)
✔ hybrid preview follows combined-total precedence and split sum exactly (2.097291ms)
✔ preview uses existing row validation and rejects invalid request shapes (7.938125ms)
✔ authenticated preview has no database, controller, RTU or transport side effects (571.371209ms)
✔ health precedence and exact real-time boundaries (32.143666ms)
✔ CSV/TSV BOM and Korean aliases, unit and missing weather (42.302834ms)
✔ linear 300/599/600 boundaries and last interval hold, no wrapping interpolation (3.057959ms)
✔ mean/kWh energy holds original interval without claiming ramp-adjusted energy (6.814958ms)
✔ direction shortest arc and optional missing data never backwards-filled (9.128417ms)
✔ strict actual dates, offsets, seconds, leap years (13.643125ms)
✔ invalid CSV errors identify original row/field; duplicate, reverse, gap, NaN, empty (26.119583ms)
✔ registration validates whole input and generates correct hybrid IDs and virtual coordinates (19.461ms)
✔ CSV total allocation and hybrid separate allocation, voltage/current provenance (48.481833ms)
✔ weather wind power cubic/rated/cut-out and custom interpolation (4.034458ms)
✔ solar temperature correction, saturation, efficiency and manual night irradiance (5.596542ms)
✔ ramp, stopping, fractional startup and actuator freeze (1.970667ms)
✔ percentage limit and rated reductions, unchanged CSV power on weather-only edit (4.389667ms)
✔ all PATCH validators are atomic including RNG and source metadata (2.889083ms)
✔ LCG common noise, independent fault RNG, snapshot deterministic replay and pause (3.905041ms)
✔ separate irradiance CSV aligns source timestamp and falls back outside range (1.31225ms)
✔ frame includes complete state and excludes custom curve data; API retains curve (1.459542ms)
✔ loop count records actual dataset wraps, not seeks, and survives scenario JSON snapshots (6.192542ms)
✔ independent HTTP command export preserves persisted observations across old run, absent fields, auth and RTU selection without writes (395.431792ms)
✔ expiresAt accepts explicit ISO zones/fractions and rejects permissive Date.parse calendar normalization (79.165917ms)
✔ expiresAt-only body change conflicts; equal priority supersedes overlapping but disjoint remains active (6.646625ms)
✔ physical database reopen restores unfinished deadline; timeout retains setting until explicit stop makes power zero (67.232625ms)
✔ independent preview: summaries scan beyond display rows; hidden invalid row is rejected by preview and registration (105.22325ms)
✔ independent preview HTTP: existing model and every persistent table unchanged, no MQTT connection path invoked (384.172209ms)
✔ independent review: generated sample files accepted by production parser (570.517625ms)
✔ independent review: delayed KMA HTTP result cannot overwrite newer manual edit or station (355.44ms)
✔ prune deletes old acknowledged frames/outbox while preserving old pending/unbatched data, command IDs and scenarios (67.76525ms)
✔ per-device identity/auth overrides are separate from common defaults and LWT topics are exact (56.473459ms)
✔ runtime keeps tick/prune/shutdown alive when audit and storage both fail (288.476666ms)
✔ shutdown closes HTTP and SQLite even if transport stop rejects (11.257541ms)
✔ unauthenticated health/config contain no configured credentials; protected state requires token (54.483833ms)
✔ public config exact allowlist and authenticated downloads never echo the credential (57.285583ms)
✔ durable atomic model/frame, immutable sequence and byte/run/count batches (442.183584ms)
✔ retention keeps unacknowledged messages, unbatched frames, command IDs and scenarios (5.471875ms)
✔ storage failure during pump keeps row retryable and other event errors never escape (71.766667ms)
✔ delayed storage failure and PUBACK ack failure retain original queue row for retry (67.301917ms)
✔ per RTU independent inflight; only PUBACK removes immutable row; malformed and retained rejected (92.668459ms)
✔ connection client IDs remain caller-specific with common auth configuration (2.141791ms)
✔ delayed pump reads latest model object and REST receipts persist (22.186583ms)
✔ provided 55-row wind TSV preserves voltage and proportional original-current estimate (141.290333ms)
✔ hybrid combined total distributes by rated capacity without inferring fuel from power shape (12.337125ms)
✔ KMA SFCTM2 field fixture uses index11 temperature, 10 degree wind and KST time (24.420875ms)
✔ KMA malformed/stale/future/out-of-range/wrong-station responses fail (7.965917ms)
✔ live refresh preserves irradiance; request has current observation parameters and no old tm (17.455125ms)
✔ automatic manual/frozen skips; explicit lookup enters weather mode and releases freeze (3.6285ms)
✔ failed live observations retain all last-valid values, source and timestamp without auth leaks (6.548958ms)
✔ missing direction preserves previous direction; SI never interpreted as irradiance (1.752625ms)
✔ manual edit during in-flight request is protected, including explicit request (5.673ms)
ℹ tests 79
ℹ suites 0
ℹ pass 79
ℹ fail 0
ℹ cancelled 0
ℹ skipped 0
ℹ todo 0
ℹ duration_ms 2469.454793
