✖ command transport explicitly refuses redirect replay and never reads error bodies (0.780875ms)
✖ receipt reason redacts credential URLs even with embedded controls and known normalized secrets (2.072125ms)
✔ unknown response and HTTP failure retain original identity without an automatic POST retry (1.000208ms)
ℹ tests 3
ℹ suites 0
ℹ pass 1
ℹ fail 2
ℹ cancelled 0
ℹ skipped 0
ℹ todo 0
ℹ duration_ms 36.447375

✖ failing tests:

test at tests/security-command-receipts.test.js:4:1
✖ command transport explicitly refuses redirect replay and never reads error bodies (0.780875ms)
  AssertionError [ERR_ASSERTION]: Expected values to be strictly equal:
  + actual - expected
  
  + undefined
  - 'error'
  
      at TestContext.<anonymous> (file:///Users/charleskoh/research/20260921-RALPTON/tests/security-command-receipts.test.js:4:330)
      at async Test.run (node:internal/test_runner/test:1313:7)
      at async startSubtestAfterBootstrap (node:internal/test_runner/harness:385:3) {
    generatedMessage: true,
    code: 'ERR_ASSERTION',
    actual: undefined,
    expected: 'error',
    operator: 'strictEqual',
    diff: 'simple'
  }

test at tests/security-command-receipts.test.js:5:1
✖ receipt reason redacts credential URLs even with embedded controls and known normalized secrets (2.072125ms)
  AssertionError [ERR_ASSERTION]: The expression evaluated to a falsy value:
  
    assert(!r.reason.includes('private-fixture'))
  
      at TestContext.<anonymous> (file:///Users/charleskoh/research/20260921-RALPTON/tests/security-command-receipts.test.js:5:315)
      at Test.runInAsyncScope (node:async_hooks:227:14)
      at Test.run (node:internal/test_runner/test:1306:25)
      at Test.processPendingSubtests (node:internal/test_runner/test:897:18)
      at Test.postRun (node:internal/test_runner/test:1447:19)
      at Test.run (node:internal/test_runner/test:1372:12)
      at async startSubtestAfterBootstrap (node:internal/test_runner/harness:385:3) {
    generatedMessage: true,
    code: 'ERR_ASSERTION',
    actual: false,
    expected: true,
    operator: '==',
    diff: 'simple'
  }
