✔ malformed, null, array, oversized, retained and cross-RTU statuses rejected (13.202625ms)
✔ only allowlisted fields survive; raw credentials and controls are removed from reason (2.094709ms)
✔ command export authenticates, omits raw fields and scrubs secrets from all configuration layers (213.889083ms)
✔ export DTO keeps only typed snapshots, records redaction, and makes no de-identification/replay promise (6.356333ms)
✔ explicit broker URL password is treated as known credential in informational IDs (2.635666ms)
✔ control normalization cannot expose known secrets or create empty replacement patterns (1.465417ms)
✔ control characters cannot split a credential URL to bypass export redaction (9.450459ms)
✔ export target and observed values preserve real accepted, executing and completed command semantics (49.361ms)
✔ HTTP export has latest20 only, original run IDs, RTU isolation and no persistent or control side effects (190.501208ms)
✔ remote management fails closed without strong token (5.817959ms)
✔ exact bearer token required and topic wildcards forbidden (0.742291ms)
✔ configuration bounds and credential redaction (3.111792ms)
✔ zero available power does not complete start while fractional startup remains (54.614542ms)
✔ already expired and latency-expired requests leave SCADA settings unchanged (17.381625ms)
✔ canonical global dedup, validation atomicity, priority intersections (49.794ms)
✔ expiry before dispatch; sensor freeze cannot complete; restart deadline real time (6.755208ms)
✔ target checks every allocated device and signed actual error, then completion (1.606875ms)
✔ stop clears pending startup and completed requires a post-dispatch model sample (1.132583ms)
✔ failed durable dispatch rolls back model, command cache and outbox together (3.687ms)
✔ setpoint action validation applies even to known duplicate IDs (0.676542ms)
✔ outer model transaction rollback also restores nested command cancellation cache (0.625625ms)
✔ parser diagnostics never echo malformed CSV field contents (18.529083ms)
✔ prototype names remain unknown columns and never enter normalized DTOs (15.741792ms)
✔ 100000 rows are accepted; excessive rows abort before parsing trailing malformed input (683.915459ms)
✔ HTTP preview returns bounded diagnostics and authenticates before malformed input (275.3815ms)
✔ preflight caps columns before allocation and preserves quoted commas, escapes and newlines (16.983166ms)
✔ preview agrees with registration units, interpolation and time zones (26.682208ms)
✔ preview bounds output and preserves TSV electrical fields without emitting unknown CSV columns (12.463333ms)
✔ hybrid preview follows combined-total precedence and split sum exactly (1.643209ms)
✔ preview uses existing row validation and rejects invalid request shapes (2.189083ms)
✔ authenticated preview has no database, controller, RTU or transport side effects (264.758167ms)
✔ health precedence and exact real-time boundaries (21.495334ms)
✔ CSV/TSV BOM and Korean aliases, unit and missing weather (26.501ms)
✔ linear 300/599/600 boundaries and last interval hold, no wrapping interpolation (2.013625ms)
✔ mean/kWh energy holds original interval without claiming ramp-adjusted energy (6.081042ms)
✔ direction shortest arc and optional missing data never backwards-filled (2.821458ms)
✔ strict actual dates, offsets, seconds, leap years (9.823666ms)
✔ invalid CSV errors identify original row/field; duplicate, reverse, gap, NaN, empty (13.784958ms)
✔ registration validates whole input and generates correct hybrid IDs and virtual coordinates (11.49975ms)
✔ CSV total allocation and hybrid separate allocation, voltage/current provenance (20.006667ms)
✔ weather wind power cubic/rated/cut-out and custom interpolation (20.625291ms)
✔ solar temperature correction, saturation, efficiency and manual night irradiance (4.410208ms)
✔ ramp, stopping, fractional startup and actuator freeze (1.607ms)
✔ percentage limit and rated reductions, unchanged CSV power on weather-only edit (0.597375ms)
✔ all PATCH validators are atomic including RNG and source metadata (4.033458ms)
✔ LCG common noise, independent fault RNG, snapshot deterministic replay and pause (1.212083ms)
✔ separate irradiance CSV aligns source timestamp and falls back outside range (0.734459ms)
✔ frame includes complete state and excludes custom curve data; API retains curve (0.875667ms)
✔ loop count records actual dataset wraps, not seeks, and survives scenario JSON snapshots (3.967916ms)
✔ independent HTTP command export preserves persisted observations across old run, absent fields, auth and RTU selection without writes (299.672834ms)
✔ expiresAt accepts explicit ISO zones/fractions and rejects permissive Date.parse calendar normalization (57.175833ms)
✔ expiresAt-only body change conflicts; equal priority supersedes overlapping but disjoint remains active (4.504875ms)
✔ physical database reopen restores unfinished deadline; timeout retains setting until explicit stop makes power zero (29.699375ms)
✔ independent preview: summaries scan beyond display rows; hidden invalid row is rejected by preview and registration (59.63ms)
✔ independent preview HTTP: existing model and every persistent table unchanged, no MQTT connection path invoked (231.867417ms)
✔ prune deletes old acknowledged frames/outbox while preserving old pending/unbatched data, command IDs and scenarios (43.941625ms)
✔ per-device identity/auth overrides are separate from common defaults and LWT topics are exact (31.547834ms)
✔ runtime keeps tick/prune/shutdown alive when audit and storage both fail (156.295042ms)
✔ shutdown closes HTTP and SQLite even if transport stop rejects (8.176625ms)
✔ unauthenticated health/config contain no configured credentials; protected state requires token (44.906833ms)
✔ public config exact allowlist and authenticated downloads never echo the credential (36.976292ms)
✔ durable atomic model/frame, immutable sequence and byte/run/count batches (195.901125ms)
✔ retention keeps unacknowledged messages, unbatched frames, command IDs and scenarios (4.23275ms)
✔ storage failure during pump keeps row retryable and other event errors never escape (55.440167ms)
✔ delayed storage failure and PUBACK ack failure retain original queue row for retry (71.952042ms)
✔ per RTU independent inflight; only PUBACK removes immutable row; malformed and retained rejected (72.306917ms)
✔ connection client IDs remain caller-specific with common auth configuration (1.196959ms)
✔ delayed pump reads latest model object and REST receipts persist (19.033666ms)
✔ provided 55-row wind TSV preserves voltage and proportional original-current estimate (60.980125ms)
✔ hybrid combined total distributes by rated capacity without inferring fuel from power shape (6.120916ms)
✔ KMA SFCTM2 field fixture uses index11 temperature, 10 degree wind and KST time (13.68525ms)
✔ KMA malformed/stale/future/out-of-range/wrong-station responses fail (3.171458ms)
✔ live refresh preserves irradiance; request has current observation parameters and no old tm (10.470458ms)
✔ automatic manual/frozen skips; explicit lookup enters weather mode and releases freeze (2.204917ms)
✔ failed live observations retain all last-valid values, source and timestamp without auth leaks (3.938167ms)
✔ missing direction preserves previous direction; SI never interpreted as irradiance (1.033291ms)
✔ manual edit during in-flight request is protected, including explicit request (4.201083ms)
ℹ tests 77
ℹ suites 0
ℹ pass 77
ℹ fail 0
ℹ cancelled 0
ℹ skipped 0
ℹ todo 0
ℹ duration_ms 13687.615297
