
> grid-vpp-emulator@1.6.0 test
> node --test --test-concurrency=1 tests/*.test.js

✔ fixed read snapshot remains atomic with independent continuous WAL writer, and writer commits continue (265.910167ms)
ℹ {"writerCommits":111,"maxCommitMs":0.30774999999999864,"backupSteps":12306}
✔ mid-copy cooperative deadline finalizes backup, releases read transaction and leaves no published final (404.40175ms)
✔ supervisor terminates own worker blocked inside synchronous work; SIGTERM-resistant worker is killed and read lock released (744.8415ms)
✔ supervisor refuses verified-looking IPC without successful worker exit and preserves existing final (85.55925ms)
✔ parent SIGTERM cancels its child, confirms exit and never publishes final (148.427334ms)
✔ non-WAL database fails closed and leaves private unpublished partial (55.691917ms)
✔ malformed, null, array, oversized, retained and cross-RTU statuses rejected (0.645166ms)
✔ only allowlisted fields survive; raw credentials and controls are removed from reason (0.168084ms)
✔ command export authenticates, omits raw fields and scrubs secrets from all configuration layers (28.411667ms)
✔ export DTO keeps only typed snapshots, records redaction, and makes no de-identification/replay promise (0.69925ms)
✔ explicit broker URL password is treated as known credential in informational IDs (0.166916ms)
✔ control normalization cannot expose known secrets or create empty replacement patterns (0.173958ms)
✔ control characters cannot split a credential URL to bypass export redaction (1.359959ms)
✔ export target and observed values preserve real accepted, executing and completed command semantics (5.553875ms)
✔ HTTP export has latest20 only, original run IDs, RTU isolation and no persistent or control side effects (26.680333ms)
✔ original1.4 browser fixture remains tied to its known local API and bundle (0.3225ms)
✔ new1.5 browser fixture requires an explicit reviewed bundle before any writes (0.19675ms)
✔ all fixture modes refuse primary and mismatched endpoints (0.128708ms)
✔ restore mode uses isolated ports and remote credentials with explicit candidate identity (0.039875ms)
✔ unreviewed product or target modes fail closed (0.05825ms)
✔ approved1.6 uses a separate localfixture and never falls back to1.5 (0.069ms)
✔ server numeric boundaries and fractional values remain exact (1.263584ms)
✔ empty and nonfinite inputs never become silent defaults or valid commands (0.073916ms)
✔ zero and fractional expiry use one supplied clock without business duration cap (0.336458ms)
✔ overflow and valid Date extended year yield field errors rather than exceptions (0.116583ms)
✔ target0 and availability-exceeding targets are not clamped; server still decides rated limit (0.061375ms)
✔ observation requires exact original command identity, action, REST and known status (0.496292ms)
✔ synchronous perRTU POST guard survives callers and releases before following state GET (2.189625ms)
✔ confirmed POST survives state failure; failed POST stays unconfirmed without retry (0.282458ms)
✔ explicit recheck is single in-flight, preserves confirmed on missing/error and rejects regression (0.209833ms)
✔ lost response resolves only by matching stored ID, never another row; last20 preserves uncertainty (0.380084ms)
✔ late recheck does not resurrect evicted receipt or overwrite anotherRTU (0.673833ms)
✔ late state refresh cannot replace a newer refresh and cannot erase rechecked status (0.655916ms)
✔ 15s production request boundary includes stalled response body, HTTP ignores body,401auth preserved (17.531333ms)
✔ remote management fails closed without strong token (0.431458ms)
✔ exact bearer token required and topic wildcards forbidden (0.075708ms)
✔ configuration bounds and credential redaction (0.139333ms)
✔ zero available power does not complete start while fractional startup remains (3.633416ms)
✔ already expired and latency-expired requests leave SCADA settings unchanged (5.001709ms)
✔ canonical global dedup, validation atomicity, priority intersections (6.23275ms)
✔ expiry before dispatch; sensor freeze cannot complete; restart deadline real time (0.810042ms)
✔ target checks every allocated device and signed actual error, then completion (0.344958ms)
✔ stop clears pending startup and completed requires a post-dispatch model sample (0.280875ms)
✔ failed durable dispatch rolls back model, command cache and outbox together (0.437833ms)
✔ setpoint action validation applies even to known duplicate IDs (0.198875ms)
✔ outer model transaction rollback also restores nested command cancellation cache (0.239334ms)
✔ parser diagnostics never echo malformed CSV field contents (1.631042ms)
✔ prototype names remain unknown columns and never enter normalized DTOs (4.634209ms)
✔ 100000 rows are accepted; excessive rows abort before parsing trailing malformed input (289.312417ms)
✔ HTTP preview returns bounded diagnostics and authenticates before malformed input (62.762417ms)
✔ preflight caps columns before allocation and preserves quoted commas, escapes and newlines (2.1895ms)
✔ preview agrees with registration units, interpolation and time zones (3.542667ms)
✔ preview bounds output and preserves TSV electrical fields without emitting unknown CSV columns (1.334583ms)
✔ hybrid preview follows combined-total precedence and split sum exactly (0.183875ms)
✔ preview uses existing row validation and rejects invalid request shapes (0.233542ms)
✔ authenticated preview has no database, controller, RTU or transport side effects (60.458042ms)
✔ deadline command preserves successful proof bytes but withholds failed child secrets (245.068625ms)
✔ expired, missing or invalid original deadline never starts the supplied command (157.583833ms)
✔ original remaining time caps a larger host timeout and uncertain output is withheld (2021.529542ms)
✔ host timeout terminates descendants only in the process group it created (3267.532583ms)
✔ successful leader exit stops residual group members before its PID is reaped (1324.078667ms)
✔ combined child output is capped while running and never emitted after failure (82.71675ms)
✔ SIGTERM to the wrapper stops its owned command group with no success output (2271.439292ms)
✔ canonical audit created uses explicitKST across midnight, leap day and year boundary (0.745833ms)
✔ missing, nonstring, invalid calendar and noncanonical input never become visible times (0.076458ms)
✔ alternate timestamps cannot fill absent or malformed created and cannot override valid created (0.060166ms)
✔ formatting is identical across host time zones (84.851916ms)
✔ binds real offsets, hashes, same video assets and relative reference (8.199375ms)
✔ rejects late (2.2275ms)
✔ rejects missing-asset (2.77325ms)
✔ rejects changed-video (2.728166ms)
✔ rejects wrong-manifest (2.378958ms)
✔ rejects unreviewed (2.370416ms)
✔ rejects placeholder (2.733333ms)
✔ rejects future-version (2.454ms)
✔ rejects same-run (2.554083ms)
✔ CLI refuses to overwrite existing output (27.739916ms)
✔ security rejects invented-transition (3.013292ms)
✔ security rejects private-symlink (4.059334ms)
✔ security rejects parent-traversal (2.948125ms)
✔ security rejects outside-absolute (2.861916ms)
✔ security rejects missing-duration (2.418542ms)
✔ security rejects nan-duration (2.6565ms)
✔ security rejects negative-scene (2.417208ms)
✔ security rejects utc-string (2.250666ms)
✔ security rejects rollover-date (2.4105ms)
✔ security rejects credential-body (25.987917ms)
✔ security rejects wrong-run (2.447834ms)
✔ security rejects wrong-prd (2.473208ms)
✔ security rejects unknown-input (2.217292ms)
✔ security rejects old-command-report (3.312875ms)
✔ security rejects changed-recovery (2.411ms)
✔ security rejects output-private (2.028ms)
✔ rejects credential-like text derived from command report before config write (28.074166ms)
✔ accepts actual unchanged authoritative microsecond UTC ledger timestamps (4.055167ms)
✔ rejects noncanonical ledger 2026-02-30T21:37:33.079009+00:00 (2.202375ms)
✔ rejects noncanonical ledger 2026-09-21T21:37:33.079009+09:00 (2.223125ms)
✔ rejects noncanonical ledger Mon, 21 Sep 2026 21:37:33 GMT (2.090375ms)
✔ supports exactly product1.4.0/PRD1.11 with fully matching evidence (3.690625ms)
✔ rejects unreviewed matching product 1.4.1 (2.9ms)
✔ rejects unreviewed matching product 1.4.0-rc.1 (2.681542ms)
✔ rejects unreviewed matching product 1.5.1 (2.825833ms)
✔ rejects unreviewed matching product 1.5.0-rc.1 (2.951125ms)
✔ rejects unreviewed matching product 1.6.1 (2.345667ms)
✔ rejects unreviewed matching product 1.6.0-rc.1 (2.568958ms)
✔ rejects unreviewed matching product 1.7.0 (2.587667ms)
✔ rejects unreviewed matching product 2.0.0 (2.366542ms)
✔ supports exactly product1.5.0/PRD1.12 with fully matching evidence (3.118209ms)
✔ supports exactly product1.6.0/PRD1.13 while retaining same receipt scenes (3.287042ms)
✔ remaining time caps child work and rejects late receipts without extending original deadline (1.349416ms)
✔ hung synchronous tool is killed within remaining budget (124.535084ms)
✔ watchdog kills blocked worker and its owned subprocess group (471.295875ms)
✔ normal rehearsal tool succeeds inside finite budget (19.063083ms)
✔ reaped or reused worker and changed descendant identities are never signalled (0.451291ms)
✔ normal supervisor exit leaves unrelated live process alone (53.40525ms)
✔ final recorder reserve stops work early without extending deadline or shortening rehearsal (0.126083ms)
✔ final media binds approved content digest, run, runtime and frozen window (0.415875ms)
✔ syntactically valid but different image digest is rejected (0.1385ms)
✔ mismatched release/run/runtime/version and invalid or expired schedule fail closed (0.1485ms)
✔ lifecycle scene plan gates owned mutations and captures registration before controls (1.147708ms)
✔ unspecified lifecycle preserves prior rehearsal registration and scenario action formats (0.155042ms)
✔ actual registration request fingerprint must exactly match intent before response capture (0.190959ms)
✔ receipt demonstration is exact1.5/1.6 gated and wide RTU metrics are never cropped (0.411625ms)
✔ health precedence and exact real-time boundaries (0.920292ms)
✔ CSV/TSV BOM and Korean aliases, unit and missing weather (2.348917ms)
✔ linear 300/599/600 boundaries and last interval hold, no wrapping interpolation (0.285667ms)
✔ mean/kWh energy holds original interval without claiming ramp-adjusted energy (0.546333ms)
✔ direction shortest arc and optional missing data never backwards-filled (0.170959ms)
✔ strict actual dates, offsets, seconds, leap years (0.203833ms)
✔ invalid CSV errors identify original row/field; duplicate, reverse, gap, NaN, empty (0.82525ms)
✔ registration validates whole input and generates correct hybrid IDs and virtual coordinates (0.825666ms)
✔ CSV total allocation and hybrid separate allocation, voltage/current provenance (0.550583ms)
✔ weather wind power cubic/rated/cut-out and custom interpolation (0.25125ms)
✔ solar temperature correction, saturation, efficiency and manual night irradiance (0.417459ms)
✔ ramp, stopping, fractional startup and actuator freeze (0.241833ms)
✔ percentage limit and rated reductions, unchanged CSV power on weather-only edit (0.157125ms)
✔ all PATCH validators are atomic including RNG and source metadata (0.337708ms)
✔ LCG common noise, independent fault RNG, snapshot deterministic replay and pause (0.299167ms)
✔ separate irradiance CSV aligns source timestamp and falls back outside range (0.232958ms)
✔ frame includes complete state and excludes custom curve data; API retains curve (0.175666ms)
✔ loop count records actual dataset wraps, not seeks, and survives scenario JSON snapshots (0.16825ms)
✔ preserves exact config, release, all source files including itself, and upload hashes (8.13925ms)
✔ rejects config-secret before creating output (2.58475ms)
✔ rejects http-credentials before creating output (2.748459ms)
✔ rejects mqtt-credentials before creating output (2.684667ms)
✔ rejects private-upload before creating output (2.369709ms)
✔ rejects private-symlink before creating output (2.577916ms)
✔ rejects credential-outside-private before creating output (3.342625ms)
✔ rejects upload-secret before creating output (2.847167ms)
✔ stalled child is killed within command budget, without printing sensitive stdout (156.660958ms)
✔ original deadline and total budget reject subsequent launch instead of resetting on retry (0.966709ms)
✔ expired remote snapshot never creates a partial or final file (27.628583ms)
✔ snapshot failure leaves only private partial; existing verified final is preserved (63.70475ms)
✔ successful online snapshot publishes complete private SQLite then compression preserves bytes (72.59575ms)
✔ one MiB encoded chunk and final short chunk flush completely with matching byte hashes (46.031375ms)
✔ network recovery resumes from evidence while freeze and deadline remain authoritative (0.359833ms)
✔ independent actual backup CLI hung discovery stops within original deadline and keeps sensitive child output private (2516.285833ms)
✔ independent actual backup CLI expired original deadline launches no kubectl (37.796333ms)
✔ independent budget expiration blocks a second command launch (23.044708ms)
✔ independent snapshot expired remote deadline creates neither final nor part (22.509166ms)
✔ independent HTTP command export preserves persisted observations across old run, absent fields, auth and RTU selection without writes (31.048583ms)
✔ expiresAt accepts explicit ISO zones/fractions and rejects permissive Date.parse calendar normalization (3.628291ms)
✔ expiresAt-only body change conflicts; equal priority supersedes overlapping but disjoint remains active (0.634208ms)
✔ physical database reopen restores unfinished deadline; timeout retains setting until explicit stop makes power zero (5.192875ms)
✔ actual model API cleanup restores owned settings only, remains idempotent and does not rewind dynamic time/output (53.771875ms)
✔ lost write response is reconciled without replaying already applied patch (23.402042ms)
✔ lost registration response identifies unique candidate but cannot invent initial baseline or write (18.92025ms)
✔ pre-existing or wrong registration ID and changed owned run fail closed (13.910834ms)
✔ expired deadline and wrong journal scope fail before writes; existing differences are report-only (19.171708ms)
✔ planned same-owned scenario HTTP200 transition preserves original settings baseline (29.928666ms)
✔ wrong scenario owner and unresolved planned response never authorize cleanup (19.270416ms)
✔ begin reuses unchanged baseline without rewriting file and rejects changed pre-existing settings (6.499958ms)
✔ actual201 ownership and cleanup tolerate independent server clock offset -30000 (21.321958ms)
✔ actual201 ownership and cleanup tolerate independent server clock offset 30000 (19.926417ms)
✔ lost registration with independent clock still never creates a baseline or writes (13.978083ms)
✔ readonly event harness requires explicit matching reviewed target before I/O (0.525833ms)
✔ event source gate refuses missing version/hash/token/output and unsafe path (0.116709ms)
✔ form cleanup permits only captured plant/generator identities and PATCH routes (0.366334ms)
✔ independent delivery fixture proves only artifact consistency, never completion (46.972416ms)
✔ independent delivery rejects changed cleanup receipt (43.749958ms)
✔ independent delivery rejects missing reviewed facts (44.407542ms)
✔ independent delivery rejects missing binder inventory (45.200417ms)
✔ independent delivery rejects changed binding command report (43.269708ms)
✔ independent delivery rejects invented recovery with changed existing RTU (43.7675ms)
✔ independent delivery rejects changed source manifest (43.534958ms)
✔ independent delivery rejects failed package validation (44.474084ms)
✔ independent delivery rejects same release different reviewed video (44.498167ms)
✔ independent delivery rejects missing deadline source (43.165917ms)
✔ independent delivery rejects empty reproduction list (44.558958ms)
✔ independent delivery rejects wrong config hash (43.515125ms)
✔ independent delivery rejects both image digests invalid (43.746625ms)
✔ expired actual outbox CLI launches no kubectl (40.781167ms)
✔ actual outbox CLI hung discovery ends at original deadline without sensitive child output (3021.37925ms)
✔ non-loopback override is rejected before any token-bearing HTTP or kubectl (58.369ms)
✔ actual MQTT connection block owns and closes client when connection arrives after budget (55.6485ms)
✔ actual recovery port configuration preserves defaults and rejects conflicting or invalid ports (2.721542ms)
✔ actual observer callback ignores malformed and unrelated JSON and preserves exact matching body (0.572708ms)
✔ backup runtime identity rejects old rollout pod, wrong digest, unavailable or ambiguous ready pods (0.914375ms)
✔ independent preview: summaries scan beyond display rows; hidden invalid row is rejected by preview and registration (7.733333ms)
✔ independent preview HTTP: existing model and every persistent table unchanged, no MQTT connection path invoked (26.541666ms)
✔ receipt browser target rejects primary, external, credentials and mode mismatch before I/O (0.391875ms)
✔ isolated restore requires exact approved lowercase digest, private token and approved receipt versions (0.17625ms)
✔ default local mode remains isolated3109 with original private candidate token (0.050583ms)
✔ approved1.6 receipt target separateslocalport/token and keepsrestore safeguards (0.155084ms)
✔ independent review: generated sample files accepted by production parser (33.687917ms)
✔ independent review: delayed KMA HTTP result cannot overwrite newer manual edit or station (27.515708ms)
✔ actual release verifier expired boundary (24.813ms)
✔ actual release verifier hang boundary (2511.950917ms)
✔ actual release verifier failure boundary (226.964458ms)
✔ actual release verifier normal boundary (370.095209ms)
✔ offline manifest verification remains independent of run deadline (26.44575ms)
✔ at-commit still hashes committed evidence when working file differs (88.771583ms)
✔ restore manifest enforces streamed source/destination SHA before app start and retains isolated read-only source (310.981958ms)
✔ wrong snapshot SHA fails before copy; optional argument keeps legacy command compatibility (438.414083ms)
✔ matching hashes do not replace SQLite integrity validation (269.571542ms)
✔ hung apply is killed by remaining deadline without raw output or automatic retry (3019.037084ms)
✔ expired or missing run fails closed without even a discovery or apply (78.439791ms)
✔ prune deletes old acknowledged frames/outbox while preserving old pending/unbatched data, command IDs and scenarios (1.626917ms)
✔ poll cadence and telemetry gaps remain distinct; legacy alias remains poll gap (0.282333ms)
✔ connection transition counts survive retry errors without double-counting close before first connect (0.579208ms)
✔ independent auditor accepts genuine ramp-down output above new available power and nullable electrical observations (4.007375ms)
✔ independent auditor rejects missing generator control fields (0.626833ms)
✔ independent auditor rejects empty weather (0.457459ms)
✔ independent auditor rejects null faults (0.4325ms)
✔ independent auditor rejects non ISO source timestamp (0.48125ms)
✔ independent auditor rejects non ISO observation timestamp (0.417416ms)
✔ verified IPC followed by worker failure never promotes partial or reveals worker diagnostics (41.073708ms)
✔ existing immutable final is preserved and prevents worker work (21.373083ms)
✔ noncooperative synchronous worker is killed without final publication (375.948ms)
✔ hostile nonnumeric values produce fixed errors without reflecting input (0.409041ms)
✔ four-digit year upper boundary accepts9999 and refuses10000 without rounding inputs (0.713416ms)
✔ invalid numeric clock fails closed and fractional valid input stays unchanged (0.362125ms)
✔ command transport explicitly refuses redirect replay and never reads error bodies (0.461375ms)
✔ receipt reason redacts credential URLs even with embedded controls and known normalized secrets (0.280917ms)
✔ unknown response and HTTP failure retain original identity without an automatic POST retry (1.041667ms)
✔ per-device identity/auth overrides are separate from common defaults and LWT topics are exact (2.186916ms)
✔ malicious timestamp and fallback contents are never returned or coerced (0.307583ms)
✔ fixture requires exact explicit read target version hash and private token path (0.163916ms)
✔ runtime keeps tick/prune/shutdown alive when audit and storage both fail (20.381708ms)
✔ shutdown closes HTTP and SQLite even if transport stop rejects (2.1795ms)
✔ unauthenticated health/config contain no configured credentials; protected state requires token (4.920583ms)
✔ public config exact allowlist and authenticated downloads never echo the credential (6.912292ms)
✔ untrusted error metadata never becomes a diagnostic category or raw text (5.874875ms)
✔ JSON null arrays and hostile object keys remain sanitized failures (3.405042ms)
✔ non-2xx body is never parsed; remote failure retains explicitly historical local proof (2.586333ms)
✔ durable atomic model/frame, immutable sequence and byte/run/count batches (41.506291ms)
✔ retention keeps unacknowledged messages, unbatched frames, command IDs and scenarios (0.666917ms)
✔ successful local proof records bounded categories and normal read sequence (18.903458ms)
✔ local diagnosis health health_not_ok does not publish raw data (5.912583ms)
✔ local diagnosis health version_mismatch does not publish raw data (5.184334ms)
✔ local diagnosis health broker_disconnected does not publish raw data (4.331541ms)
✔ local diagnosis config version_mismatch does not publish raw data (4.552125ms)
✔ local diagnosis config authentication_not_required does not publish raw data (4.233834ms)
✔ local diagnosis state version_mismatch does not publish raw data (4.746833ms)
✔ local diagnosis state invalid_state does not publish raw data (3.960125ms)
✔ local diagnosis state broker_disconnected does not publish raw data (3.803917ms)
✔ local diagnosis state http_status does not publish raw data (4.166292ms)
✔ local diagnosis config invalid_json does not publish raw data (3.673167ms)
✔ local diagnosis state timeout does not publish raw data (1008.010208ms)
✔ interrupted HTTP response body is a transport failure, not invalid JSON (23.652333ms)
✔ credential, TCP and HTTP listener failures have distinct sanitized phases (10.852083ms)
✔ changed failure category is recorded while equivalent repeated failures stay deduplicated (8.459084ms)
✔ controlled kubectl outage retries with cap and recovers read-only with exact image/auth (1513.728916ms)
✔ wrong remote image blocks forwarding and does not replay writes (397.769584ms)
✔ occupied unrelated ports are neither killed nor replaced (365.076542ms)
✔ existing healthy external forward survives supervisor freeze, deadline and stop (419.132417ms)
✔ singleton excludes same-process duplicate, replaces verified stale PID identity, refuses incomplete lock (16.099ms)
✔ invalid startup configuration fails closed and does not spawn commands (5.024959ms)
✔ deadline stops only owned forward; expected-image update is revalidated (577.922708ms)
✔ local-only owned forward loss records a new outage and recovery without remote failure (522.078041ms)
✔ unhealthy still-running owned forward records outage before replacement (1127.395125ms)
✔ real model and store split full SCADA into valid size-bounded packets, including equal wall timestamps (66.0315ms)
✔ same-body QoS1 duplicate is counted; a changed body with same ID is an anomaly (0.826541ms)
✔ shared sequence jumps, sensor gaps, restored run and baseline changes are contextual observations (0.707833ms)
✔ independent structural defects are reported without throwing on malformed samples (1.536666ms)
✔ RTU identity, retained delivery and bounded dedup scope remain explicit (1.53225ms)
✔ storage failure during pump keeps row retryable and other event errors never escape (24.305875ms)
✔ delayed storage failure and PUBACK ack failure retain original queue row for retry (67.307583ms)
✔ per RTU independent inflight; only PUBACK removes immutable row; malformed and retained rejected (37.097208ms)
✔ connection client IDs remain caller-specific with common auth configuration (0.190542ms)
✔ delayed pump reads latest model object and REST receipts persist (18.483834ms)
✔ provided 55-row wind TSV preserves voltage and proportional original-current estimate (3.831333ms)
✔ hybrid combined total distributes by rated capacity without inferring fuel from power shape (0.547083ms)
✔ KMA SFCTM2 field fixture uses index11 temperature, 10 degree wind and KST time (1.318291ms)
✔ KMA malformed/stale/future/out-of-range/wrong-station responses fail (0.281042ms)
✔ live refresh preserves irradiance; request has current observation parameters and no old tm (1.43525ms)
✔ automatic manual/frozen skips; explicit lookup enters weather mode and releases freeze (0.282916ms)
✔ failed live observations retain all last-valid values, source and timestamp without auth leaks (0.262875ms)
✔ missing direction preserves previous direction; SI never interpreted as irradiance (0.145917ms)
✔ manual edit during in-flight request is protected, including explicit request (0.305958ms)
ℹ tests 290
ℹ suites 0
ℹ pass 290
ℹ fail 0
ℹ cancelled 0
ℹ skipped 0
ℹ todo 0
ℹ duration_ms 36955.353709
