
> grid-vpp-emulator@1.6.0 test
> node --test --test-concurrency=1 tests/*.test.js

✔ fixed read snapshot remains atomic with independent continuous WAL writer, and writer commits continue (273.955958ms)
ℹ {"writerCommits":110,"maxCommitMs":0.24524999999999864,"backupSteps":12306}
✔ mid-copy cooperative deadline finalizes backup, releases read transaction and leaves no published final (402.432292ms)
✔ supervisor terminates own worker blocked inside synchronous work; SIGTERM-resistant worker is killed and read lock released (751.266209ms)
✔ supervisor refuses verified-looking IPC without successful worker exit and preserves existing final (86.394416ms)
✔ parent SIGTERM cancels its child, confirms exit and never publishes final (148.60675ms)
✔ non-WAL database fails closed and leaves private unpublished partial (52.005792ms)
✔ malformed, null, array, oversized, retained and cross-RTU statuses rejected (0.541042ms)
✔ only allowlisted fields survive; raw credentials and controls are removed from reason (0.139875ms)
✔ command export authenticates, omits raw fields and scrubs secrets from all configuration layers (28.219417ms)
✔ export DTO keeps only typed snapshots, records redaction, and makes no de-identification/replay promise (0.67875ms)
✔ explicit broker URL password is treated as known credential in informational IDs (0.1615ms)
✔ control normalization cannot expose known secrets or create empty replacement patterns (0.172292ms)
✔ control characters cannot split a credential URL to bypass export redaction (1.118459ms)
✔ export target and observed values preserve real accepted, executing and completed command semantics (5.685459ms)
✔ HTTP export has latest20 only, original run IDs, RTU isolation and no persistent or control side effects (26.917042ms)
✔ original1.4 browser fixture remains tied to its known local API and bundle (0.344667ms)
✔ new1.5 browser fixture requires an explicit reviewed bundle before any writes (0.200667ms)
✔ all fixture modes refuse primary and mismatched endpoints (0.127667ms)
✔ restore mode uses isolated ports and remote credentials with explicit candidate identity (0.039583ms)
✔ unreviewed product or target modes fail closed (0.056208ms)
✔ approved1.6 uses a separate localfixture and never falls back to1.5 (0.058417ms)
✔ server numeric boundaries and fractional values remain exact (1.144417ms)
✔ empty and nonfinite inputs never become silent defaults or valid commands (0.078542ms)
✔ zero and fractional expiry use one supplied clock without business duration cap (0.327583ms)
✔ overflow and valid Date extended year yield field errors rather than exceptions (0.104875ms)
✔ target0 and availability-exceeding targets are not clamped; server still decides rated limit (0.05625ms)
✔ observation requires exact original command identity, action, REST and known status (0.510875ms)
✔ synchronous perRTU POST guard survives callers and releases before following state GET (2.280042ms)
✔ confirmed POST survives state failure; failed POST stays unconfirmed without retry (0.21975ms)
✔ explicit recheck is single in-flight, preserves confirmed on missing/error and rejects regression (0.1745ms)
✔ lost response resolves only by matching stored ID, never another row; last20 preserves uncertainty (0.297917ms)
✔ late recheck does not resurrect evicted receipt or overwrite anotherRTU (0.646584ms)
✔ late state refresh cannot replace a newer refresh and cannot erase rechecked status (0.580875ms)
✔ 15s production request boundary includes stalled response body, HTTP ignores body,401auth preserved (17.6545ms)
✔ remote management fails closed without strong token (0.398417ms)
✔ exact bearer token required and topic wildcards forbidden (0.075083ms)
✔ configuration bounds and credential redaction (0.141459ms)
✔ zero available power does not complete start while fractional startup remains (3.386375ms)
✔ already expired and latency-expired requests leave SCADA settings unchanged (4.826792ms)
✔ canonical global dedup, validation atomicity, priority intersections (6.111459ms)
✔ expiry before dispatch; sensor freeze cannot complete; restart deadline real time (0.875167ms)
✔ target checks every allocated device and signed actual error, then completion (0.351958ms)
✔ stop clears pending startup and completed requires a post-dispatch model sample (0.281667ms)
✔ failed durable dispatch rolls back model, command cache and outbox together (0.453459ms)
✔ setpoint action validation applies even to known duplicate IDs (0.203458ms)
✔ outer model transaction rollback also restores nested command cancellation cache (0.241667ms)
✔ parser diagnostics never echo malformed CSV field contents (1.59525ms)
✔ prototype names remain unknown columns and never enter normalized DTOs (1.456625ms)
✔ 100000 rows are accepted; excessive rows abort before parsing trailing malformed input (293.397167ms)
✔ HTTP preview returns bounded diagnostics and authenticates before malformed input (61.022083ms)
✔ preflight caps columns before allocation and preserves quoted commas, escapes and newlines (2.157459ms)
✔ preview agrees with registration units, interpolation and time zones (3.31075ms)
✔ preview bounds output and preserves TSV electrical fields without emitting unknown CSV columns (1.492792ms)
✔ hybrid preview follows combined-total precedence and split sum exactly (0.200666ms)
✔ preview uses existing row validation and rejects invalid request shapes (0.245833ms)
✔ authenticated preview has no database, controller, RTU or transport side effects (59.1165ms)
✔ deadline command preserves successful proof bytes but withholds failed child secrets (238.969916ms)
✔ expired, missing or invalid original deadline never starts the supplied command (155.668709ms)
✔ original remaining time caps a larger host timeout and uncertain output is withheld (2019.065541ms)
✔ host timeout terminates descendants only in the process group it created (3255.224541ms)
✔ successful leader exit stops residual group members before its PID is reaped (1332.61725ms)
✔ combined child output is capped while running and never emitted after failure (83.017875ms)
✔ SIGTERM to the wrapper stops its owned command group with no success output (2274.133792ms)
✔ canonical audit created uses explicitKST across midnight, leap day and year boundary (0.788333ms)
✔ missing, nonstring, invalid calendar and noncanonical input never become visible times (0.089041ms)
✔ alternate timestamps cannot fill absent or malformed created and cannot override valid created (0.065875ms)
✔ formatting is identical across host time zones (86.944042ms)
✔ binds real offsets, hashes, same video assets and relative reference (7.25875ms)
✔ rejects late (2.320083ms)
✔ rejects missing-asset (2.843083ms)
✔ rejects changed-video (2.609916ms)
✔ rejects wrong-manifest (2.407125ms)
✔ rejects unreviewed (2.453875ms)
✔ rejects placeholder (2.271792ms)
✔ rejects future-version (2.384208ms)
✔ rejects same-run (2.362125ms)
✔ CLI refuses to overwrite existing output (27.193917ms)
✔ security rejects invented-transition (3.048167ms)
✔ security rejects private-symlink (4.014208ms)
✔ security rejects parent-traversal (2.735958ms)
✔ security rejects outside-absolute (2.708959ms)
✔ security rejects missing-duration (2.2565ms)
✔ security rejects nan-duration (2.598292ms)
✔ security rejects negative-scene (2.520458ms)
✔ security rejects utc-string (2.419292ms)
✔ security rejects rollover-date (2.256583ms)
✔ security rejects credential-body (24.077417ms)
✔ security rejects wrong-run (2.447375ms)
✔ security rejects wrong-prd (2.47425ms)
✔ security rejects unknown-input (2.236958ms)
✔ security rejects old-command-report (2.983458ms)
✔ security rejects changed-recovery (2.569792ms)
✔ security rejects output-private (2.020708ms)
✔ rejects credential-like text derived from command report before config write (28.010208ms)
✔ accepts actual unchanged authoritative microsecond UTC ledger timestamps (4.031708ms)
✔ rejects noncanonical ledger 2026-02-30T21:37:33.079009+00:00 (2.045291ms)
✔ rejects noncanonical ledger 2026-09-21T21:37:33.079009+09:00 (1.964916ms)
✔ rejects noncanonical ledger Mon, 21 Sep 2026 21:37:33 GMT (2.14075ms)
✔ supports exactly product1.4.0/PRD1.11 with fully matching evidence (3.574375ms)
✔ rejects unreviewed matching product 1.4.1 (2.447959ms)
✔ rejects unreviewed matching product 1.4.0-rc.1 (2.533541ms)
✔ rejects unreviewed matching product 1.5.1 (2.640125ms)
✔ rejects unreviewed matching product 1.5.0-rc.1 (3.015042ms)
✔ rejects unreviewed matching product 1.6.1 (2.346333ms)
✔ rejects unreviewed matching product 1.6.0-rc.1 (2.787ms)
✔ rejects unreviewed matching product 1.7.0 (2.352917ms)
✔ rejects unreviewed matching product 2.0.0 (2.274208ms)
✔ supports exactly product1.5.0/PRD1.12 with fully matching evidence (3.145417ms)
✔ supports exactly product1.6.0/PRD1.13 while retaining same receipt scenes (3.206708ms)
✔ remaining time caps child work and rejects late receipts without extending original deadline (1.177792ms)
✔ hung synchronous tool is killed within remaining budget (124.118541ms)
✔ watchdog kills blocked worker and its owned subprocess group (470.002167ms)
✔ normal rehearsal tool succeeds inside finite budget (18.839042ms)
✔ reaped or reused worker and changed descendant identities are never signalled (0.492208ms)
✔ normal supervisor exit leaves unrelated live process alone (54.746291ms)
✔ final recorder reserve stops work early without extending deadline or shortening rehearsal (0.133292ms)
✔ final media binds approved content digest, run, runtime and frozen window (0.432917ms)
✔ syntactically valid but different image digest is rejected (0.139875ms)
✔ mismatched release/run/runtime/version and invalid or expired schedule fail closed (0.146584ms)
✔ lifecycle scene plan gates owned mutations and captures registration before controls (1.174791ms)
✔ unspecified lifecycle preserves prior rehearsal registration and scenario action formats (0.1525ms)
✔ actual registration request fingerprint must exactly match intent before response capture (0.197708ms)
✔ receipt demonstration is exact1.5/1.6 gated and wide RTU metrics are never cropped (0.414ms)
✔ health precedence and exact real-time boundaries (0.862667ms)
✔ CSV/TSV BOM and Korean aliases, unit and missing weather (2.3495ms)
✔ linear 300/599/600 boundaries and last interval hold, no wrapping interpolation (0.239416ms)
✔ mean/kWh energy holds original interval without claiming ramp-adjusted energy (0.522708ms)
✔ direction shortest arc and optional missing data never backwards-filled (0.231375ms)
✔ strict actual dates, offsets, seconds, leap years (0.205208ms)
✔ invalid CSV errors identify original row/field; duplicate, reverse, gap, NaN, empty (0.751875ms)
✔ registration validates whole input and generates correct hybrid IDs and virtual coordinates (0.832542ms)
✔ CSV total allocation and hybrid separate allocation, voltage/current provenance (0.58ms)
✔ weather wind power cubic/rated/cut-out and custom interpolation (0.497333ms)
✔ solar temperature correction, saturation, efficiency and manual night irradiance (0.471458ms)
✔ ramp, stopping, fractional startup and actuator freeze (0.258125ms)
✔ percentage limit and rated reductions, unchanged CSV power on weather-only edit (0.152791ms)
✔ all PATCH validators are atomic including RNG and source metadata (0.351958ms)
✔ LCG common noise, independent fault RNG, snapshot deterministic replay and pause (0.309333ms)
✔ separate irradiance CSV aligns source timestamp and falls back outside range (0.186833ms)
✔ frame includes complete state and excludes custom curve data; API retains curve (0.17225ms)
✔ loop count records actual dataset wraps, not seeks, and survives scenario JSON snapshots (0.17825ms)
✔ preserves exact config, release, all source files including itself, and upload hashes (8.31225ms)
✔ rejects config-secret before creating output (2.536667ms)
✔ rejects http-credentials before creating output (2.727041ms)
✔ rejects mqtt-credentials before creating output (2.454667ms)
✔ rejects private-upload before creating output (2.610417ms)
✔ rejects private-symlink before creating output (2.411208ms)
✔ rejects credential-outside-private before creating output (2.366166ms)
✔ rejects upload-secret before creating output (2.765792ms)
✔ stalled child is killed within command budget, without printing sensitive stdout (158.249875ms)
✔ original deadline and total budget reject subsequent launch instead of resetting on retry (1.236042ms)
✔ expired remote snapshot never creates a partial or final file (29.03325ms)
✔ snapshot failure leaves only private partial; existing verified final is preserved (66.1335ms)
✔ successful online snapshot publishes complete private SQLite then compression preserves bytes (71.660083ms)
✔ one MiB encoded chunk and final short chunk flush completely with matching byte hashes (48.417167ms)
✔ network recovery resumes from evidence while freeze and deadline remain authoritative (0.354333ms)
✔ independent actual backup CLI hung discovery stops within original deadline and keeps sensitive child output private (817.15625ms)
✔ independent actual backup CLI expired original deadline launches no kubectl (40.646792ms)
✔ independent budget expiration blocks a second command launch (23.734042ms)
✖ independent snapshot expired remote deadline creates neither final nor part (24.008791ms)
✔ independent HTTP command export preserves persisted observations across old run, absent fields, auth and RTU selection without writes (30.597375ms)
✔ expiresAt accepts explicit ISO zones/fractions and rejects permissive Date.parse calendar normalization (3.623042ms)
✔ expiresAt-only body change conflicts; equal priority supersedes overlapping but disjoint remains active (0.58175ms)
✔ physical database reopen restores unfinished deadline; timeout retains setting until explicit stop makes power zero (4.726375ms)
✔ actual model API cleanup restores owned settings only, remains idempotent and does not rewind dynamic time/output (47.856125ms)
✔ lost write response is reconciled without replaying already applied patch (23.363583ms)
✔ lost registration response identifies unique candidate but cannot invent initial baseline or write (15.490167ms)
✔ pre-existing or wrong registration ID and changed owned run fail closed (14.044792ms)
✔ expired deadline and wrong journal scope fail before writes; existing differences are report-only (20.435ms)
✔ planned same-owned scenario HTTP200 transition preserves original settings baseline (29.949167ms)
✔ wrong scenario owner and unresolved planned response never authorize cleanup (18.226375ms)
✔ begin reuses unchanged baseline without rewriting file and rejects changed pre-existing settings (6.877708ms)
✔ actual201 ownership and cleanup tolerate independent server clock offset -30000 (20.96825ms)
✔ actual201 ownership and cleanup tolerate independent server clock offset 30000 (20.91975ms)
✔ lost registration with independent clock still never creates a baseline or writes (13.783375ms)
✔ readonly event harness requires explicit matching reviewed target before I/O (0.745125ms)
✔ event source gate refuses missing version/hash/token/output and unsafe path (0.122625ms)
✔ form cleanup permits only captured plant/generator identities and PATCH routes (0.347542ms)
✔ independent delivery fixture proves only artifact consistency, never completion (45.603917ms)
✔ independent delivery rejects changed cleanup receipt (43.625333ms)
✔ independent delivery rejects missing reviewed facts (42.545083ms)
✔ independent delivery rejects missing binder inventory (42.824792ms)
✔ independent delivery rejects changed binding command report (43.116ms)
✔ independent delivery rejects invented recovery with changed existing RTU (44.819958ms)
✔ independent delivery rejects changed source manifest (44.481084ms)
✔ independent delivery rejects failed package validation (43.100041ms)
✔ independent delivery rejects same release different reviewed video (42.760458ms)
✔ independent delivery rejects missing deadline source (45.106958ms)
✔ independent delivery rejects empty reproduction list (43.743417ms)
✔ independent delivery rejects wrong config hash (43.248959ms)
✔ independent delivery rejects both image digests invalid (44.6935ms)
✔ expired actual outbox CLI launches no kubectl (40.044959ms)
✔ actual outbox CLI hung discovery ends at original deadline without sensitive child output (3020.682667ms)
✔ non-loopback override is rejected before any token-bearing HTTP or kubectl (58.786208ms)
✔ actual MQTT connection block owns and closes client when connection arrives after budget (55.709333ms)
✔ actual recovery port configuration preserves defaults and rejects conflicting or invalid ports (2.919167ms)
✔ actual observer callback ignores malformed and unrelated JSON and preserves exact matching body (0.629375ms)
✔ backup runtime identity rejects old rollout pod, wrong digest, unavailable or ambiguous ready pods (1.103459ms)
✔ independent preview: summaries scan beyond display rows; hidden invalid row is rejected by preview and registration (7.452583ms)
✔ independent preview HTTP: existing model and every persistent table unchanged, no MQTT connection path invoked (25.705583ms)
✔ receipt browser target rejects primary, external, credentials and mode mismatch before I/O (0.410542ms)
✔ isolated restore requires exact approved lowercase digest, private token and approved receipt versions (0.172834ms)
✔ default local mode remains isolated3109 with original private candidate token (0.057667ms)
✔ approved1.6 receipt target separateslocalport/token and keepsrestore safeguards (0.077459ms)
✔ independent review: generated sample files accepted by production parser (32.375791ms)
✔ independent review: delayed KMA HTTP result cannot overwrite newer manual edit or station (27.752541ms)
✔ actual release verifier expired boundary (24.614166ms)
✔ actual release verifier hang boundary (2514.232875ms)
✔ actual release verifier failure boundary (397.347708ms)
✔ actual release verifier normal boundary (413.0705ms)
✔ offline manifest verification remains independent of run deadline (27.001292ms)
✔ at-commit still hashes committed evidence when working file differs (83.169125ms)
✔ restore manifest enforces streamed source/destination SHA before app start and retains isolated read-only source (486.259875ms)
✔ wrong snapshot SHA fails before copy; optional argument keeps legacy command compatibility (423.845959ms)
✔ matching hashes do not replace SQLite integrity validation (315.232459ms)
✔ hung apply is killed by remaining deadline without raw output or automatic retry (3017.546041ms)
✔ expired or missing run fails closed without even a discovery or apply (77.293083ms)
✔ prune deletes old acknowledged frames/outbox while preserving old pending/unbatched data, command IDs and scenarios (1.799209ms)
✔ poll cadence and telemetry gaps remain distinct; legacy alias remains poll gap (0.279125ms)
✔ connection transition counts survive retry errors without double-counting close before first connect (0.556833ms)
✔ independent auditor accepts genuine ramp-down output above new available power and nullable electrical observations (3.671708ms)
✔ independent auditor rejects missing generator control fields (0.589167ms)
✔ independent auditor rejects empty weather (0.455875ms)
✔ independent auditor rejects null faults (0.430958ms)
✔ independent auditor rejects non ISO source timestamp (0.475125ms)
✔ independent auditor rejects non ISO observation timestamp (0.400459ms)
✔ verified IPC followed by worker failure never promotes partial or reveals worker diagnostics (42.74975ms)
✔ existing immutable final is preserved and prevents worker work (20.308625ms)
✔ noncooperative synchronous worker is killed without final publication (373.876958ms)
✔ hostile nonnumeric values produce fixed errors without reflecting input (0.442667ms)
✔ four-digit year upper boundary accepts9999 and refuses10000 without rounding inputs (0.701833ms)
✔ invalid numeric clock fails closed and fractional valid input stays unchanged (0.319959ms)
✔ command transport explicitly refuses redirect replay and never reads error bodies (0.424125ms)
✔ receipt reason redacts credential URLs even with embedded controls and known normalized secrets (0.21275ms)
✔ unknown response and HTTP failure retain original identity without an automatic POST retry (0.880042ms)
✔ per-device identity/auth overrides are separate from common defaults and LWT topics are exact (2.072333ms)
✔ malicious timestamp and fallback contents are never returned or coerced (0.355459ms)
✔ fixture requires exact explicit read target version hash and private token path (0.174291ms)
✔ runtime keeps tick/prune/shutdown alive when audit and storage both fail (22.577792ms)
✔ shutdown closes HTTP and SQLite even if transport stop rejects (2.295167ms)
✔ unauthenticated health/config contain no configured credentials; protected state requires token (5.039875ms)
✔ public config exact allowlist and authenticated downloads never echo the credential (5.102708ms)
✔ untrusted error metadata never becomes a diagnostic category or raw text (6.463875ms)
✔ JSON null arrays and hostile object keys remain sanitized failures (3.309417ms)
✔ non-2xx body is never parsed; remote failure retains explicitly historical local proof (2.649708ms)
✔ durable atomic model/frame, immutable sequence and byte/run/count batches (41.191666ms)
✔ retention keeps unacknowledged messages, unbatched frames, command IDs and scenarios (0.641041ms)
✔ successful local proof records bounded categories and normal read sequence (17.905917ms)
✔ local diagnosis health health_not_ok does not publish raw data (5.905917ms)
✔ local diagnosis health version_mismatch does not publish raw data (4.71625ms)
✔ local diagnosis health broker_disconnected does not publish raw data (3.778709ms)
✔ local diagnosis config version_mismatch does not publish raw data (4.55625ms)
✔ local diagnosis config authentication_not_required does not publish raw data (3.920417ms)
✔ local diagnosis state version_mismatch does not publish raw data (4.7435ms)
✔ local diagnosis state invalid_state does not publish raw data (4.175709ms)
✔ local diagnosis state broker_disconnected does not publish raw data (4.311125ms)
✔ local diagnosis state http_status does not publish raw data (4.022875ms)
✔ local diagnosis config invalid_json does not publish raw data (3.907167ms)
✔ local diagnosis state timeout does not publish raw data (1004.962666ms)
✔ interrupted HTTP response body is a transport failure, not invalid JSON (19.305916ms)
✔ credential, TCP and HTTP listener failures have distinct sanitized phases (7.919792ms)
✔ changed failure category is recorded while equivalent repeated failures stay deduplicated (7.33275ms)
✔ controlled kubectl outage retries with cap and recovers read-only with exact image/auth (769.713958ms)
✔ wrong remote image blocks forwarding and does not replay writes (1034.6745ms)
✔ occupied unrelated ports are neither killed nor replaced (385.234083ms)
✔ existing healthy external forward survives supervisor freeze, deadline and stop (402.372584ms)
✔ singleton excludes same-process duplicate, replaces verified stale PID identity, refuses incomplete lock (16.317875ms)
✔ invalid startup configuration fails closed and does not spawn commands (5.844833ms)
✔ deadline stops only owned forward; expected-image update is revalidated (576.988875ms)
✔ local-only owned forward loss records a new outage and recovery without remote failure (543.285959ms)
✔ unhealthy still-running owned forward records outage before replacement (585.160834ms)
✔ real model and store split full SCADA into valid size-bounded packets, including equal wall timestamps (64.932625ms)
✔ same-body QoS1 duplicate is counted; a changed body with same ID is an anomaly (0.897458ms)
✔ shared sequence jumps, sensor gaps, restored run and baseline changes are contextual observations (0.733833ms)
✔ independent structural defects are reported without throwing on malformed samples (1.554708ms)
✔ RTU identity, retained delivery and bounded dedup scope remain explicit (1.506ms)
✔ storage failure during pump keeps row retryable and other event errors never escape (23.159958ms)
✔ delayed storage failure and PUBACK ack failure retain original queue row for retry (65.39325ms)
✔ per RTU independent inflight; only PUBACK removes immutable row; malformed and retained rejected (36.17525ms)
✔ connection client IDs remain caller-specific with common auth configuration (0.188709ms)
✔ delayed pump reads latest model object and REST receipts persist (17.47175ms)
✔ provided 55-row wind TSV preserves voltage and proportional original-current estimate (3.605083ms)
✔ hybrid combined total distributes by rated capacity without inferring fuel from power shape (0.476083ms)
✔ KMA SFCTM2 field fixture uses index11 temperature, 10 degree wind and KST time (1.340541ms)
✔ KMA malformed/stale/future/out-of-range/wrong-station responses fail (0.29725ms)
✔ live refresh preserves irradiance; request has current observation parameters and no old tm (1.472458ms)
✔ automatic manual/frozen skips; explicit lookup enters weather mode and releases freeze (0.279708ms)
✔ failed live observations retain all last-valid values, source and timestamp without auth leaks (0.2675ms)
✔ missing direction preserves previous direction; SI never interpreted as irradiance (0.163375ms)
✔ manual edit during in-flight request is protected, including explicit request (0.3105ms)
ℹ tests 290
ℹ suites 0
ℹ pass 289
ℹ fail 1
ℹ cancelled 0
ℹ skipped 0
ℹ todo 0
ℹ duration_ms 35005.79075

✖ failing tests:

test at tests/review-backup.test.js:9:1
✖ independent snapshot expired remote deadline creates neither final nor part (24.008791ms)
  AssertionError [ERR_ASSERTION]: The input did not match the regular expression /deadline expired/. Input:
  
  ''
  
      at TestContext.<anonymous> (file:///Users/charleskoh/research/20260921-RALPTON/tests/review-backup.test.js:9:407)
      at Test.runInAsyncScope (node:async_hooks:227:14)
      at Test.run (node:internal/test_runner/test:1306:25)
      at Test.processPendingSubtests (node:internal/test_runner/test:897:18)
      at Test.postRun (node:internal/test_runner/test:1447:19)
      at Test.run (node:internal/test_runner/test:1372:12)
      at process.processTicksAndRejections (node:internal/process/task_queues:104:5)
      at async Test.processPendingSubtests (node:internal/test_runner/test:897:7) {
    generatedMessage: true,
    code: 'ERR_ASSERTION',
    actual: '',
    expected: /deadline expired/,
    operator: 'match',
    diff: 'simple'
  }
