
> grid-vpp-emulator@1.6.0 test
> node --test --test-concurrency=1 tests/*.test.js

✔ fixed read snapshot remains atomic with independent continuous WAL writer, and writer commits continue (272.257292ms)
ℹ {"writerCommits":111,"maxCommitMs":0.36845800000000395,"backupSteps":12306}
✔ mid-copy cooperative deadline finalizes backup, releases read transaction and leaves no published final (403.638ms)
✔ supervisor terminates own worker blocked inside synchronous work; SIGTERM-resistant worker is killed and read lock released (757.172959ms)
✔ supervisor refuses verified-looking IPC without successful worker exit and preserves existing final (88.284583ms)
✔ parent SIGTERM cancels its child, confirms exit and never publishes final (148.099125ms)
✔ non-WAL database fails closed and leaves private unpublished partial (53.050208ms)
✔ malformed, null, array, oversized, retained and cross-RTU statuses rejected (0.538208ms)
✔ only allowlisted fields survive; raw credentials and controls are removed from reason (0.140917ms)
✔ command export authenticates, omits raw fields and scrubs secrets from all configuration layers (27.658542ms)
✔ export DTO keeps only typed snapshots, records redaction, and makes no de-identification/replay promise (0.676459ms)
✔ explicit broker URL password is treated as known credential in informational IDs (0.161541ms)
✔ control normalization cannot expose known secrets or create empty replacement patterns (0.169375ms)
✔ control characters cannot split a credential URL to bypass export redaction (1.16525ms)
✔ export target and observed values preserve real accepted, executing and completed command semantics (5.522708ms)
✔ HTTP export has latest20 only, original run IDs, RTU isolation and no persistent or control side effects (26.715375ms)
✔ original1.4 browser fixture remains tied to its known local API and bundle (0.3615ms)
✔ new1.5 browser fixture requires an explicit reviewed bundle before any writes (0.203542ms)
✔ all fixture modes refuse primary and mismatched endpoints (0.128083ms)
✔ restore mode uses isolated ports and remote credentials with explicit candidate identity (0.043125ms)
✔ unreviewed product or target modes fail closed (0.062458ms)
✔ approved1.6 uses a separate localfixture and never falls back to1.5 (0.059958ms)
✔ server numeric boundaries and fractional values remain exact (1.206208ms)
✔ empty and nonfinite inputs never become silent defaults or valid commands (0.075958ms)
✔ zero and fractional expiry use one supplied clock without business duration cap (0.317125ms)
✔ overflow and valid Date extended year yield field errors rather than exceptions (0.113083ms)
✔ target0 and availability-exceeding targets are not clamped; server still decides rated limit (0.058958ms)
✔ observation requires exact original command identity, action, REST and known status (0.49075ms)
✔ synchronous perRTU POST guard survives callers and releases before following state GET (2.274583ms)
✔ confirmed POST survives state failure; failed POST stays unconfirmed without retry (0.212125ms)
✔ explicit recheck is single in-flight, preserves confirmed on missing/error and rejects regression (0.163125ms)
✔ lost response resolves only by matching stored ID, never another row; last20 preserves uncertainty (0.307209ms)
✔ late recheck does not resurrect evicted receipt or overwrite anotherRTU (0.672417ms)
✔ late state refresh cannot replace a newer refresh and cannot erase rechecked status (0.622917ms)
✔ 15s production request boundary includes stalled response body, HTTP ignores body,401auth preserved (16.45775ms)
✔ remote management fails closed without strong token (0.39525ms)
✔ exact bearer token required and topic wildcards forbidden (0.074375ms)
✔ configuration bounds and credential redaction (0.14ms)
✔ zero available power does not complete start while fractional startup remains (3.67125ms)
✔ already expired and latency-expired requests leave SCADA settings unchanged (5.284833ms)
✔ canonical global dedup, validation atomicity, priority intersections (6.761625ms)
✔ expiry before dispatch; sensor freeze cannot complete; restart deadline real time (0.888ms)
✔ target checks every allocated device and signed actual error, then completion (0.445834ms)
✔ stop clears pending startup and completed requires a post-dispatch model sample (0.486291ms)
✔ failed durable dispatch rolls back model, command cache and outbox together (0.618917ms)
✔ setpoint action validation applies even to known duplicate IDs (0.252667ms)
✔ outer model transaction rollback also restores nested command cancellation cache (0.281584ms)
✔ parser diagnostics never echo malformed CSV field contents (1.56875ms)
✔ prototype names remain unknown columns and never enter normalized DTOs (1.618958ms)
✔ 100000 rows are accepted; excessive rows abort before parsing trailing malformed input (289.910125ms)
✔ HTTP preview returns bounded diagnostics and authenticates before malformed input (54.919625ms)
✔ preflight caps columns before allocation and preserves quoted commas, escapes and newlines (2.127667ms)
✔ preview agrees with registration units, interpolation and time zones (3.1525ms)
✔ preview bounds output and preserves TSV electrical fields without emitting unknown CSV columns (1.466834ms)
✔ hybrid preview follows combined-total precedence and split sum exactly (0.209208ms)
✔ preview uses existing row validation and rejects invalid request shapes (0.254041ms)
✔ authenticated preview has no database, controller, RTU or transport side effects (58.727292ms)
✔ deadline command preserves successful proof bytes but withholds failed child secrets (238.487375ms)
✔ expired, missing or invalid original deadline never starts the supplied command (149.958ms)
✔ original remaining time caps a larger host timeout and uncertain output is withheld (2020.312291ms)
✔ host timeout terminates descendants only in the process group it created (3261.459125ms)
✔ successful leader exit stops residual group members before its PID is reaped (1334.368167ms)
✔ combined child output is capped while running and never emitted after failure (81.038333ms)
✔ SIGTERM to the wrapper stops its owned command group with no success output (2275.970625ms)
✔ canonical audit created uses explicitKST across midnight, leap day and year boundary (0.797083ms)
✔ missing, nonstring, invalid calendar and noncanonical input never become visible times (0.08875ms)
✔ alternate timestamps cannot fill absent or malformed created and cannot override valid created (0.0685ms)
✔ formatting is identical across host time zones (86.220083ms)
✔ binds real offsets, hashes, same video assets and relative reference (6.478458ms)
✔ rejects late (2.402416ms)
✔ rejects missing-asset (2.805875ms)
✔ rejects changed-video (2.658083ms)
✔ rejects wrong-manifest (2.478333ms)
✔ rejects unreviewed (2.471209ms)
✔ rejects placeholder (2.435416ms)
✔ rejects future-version (2.359334ms)
✔ rejects same-run (2.409625ms)
✔ CLI refuses to overwrite existing output (26.795834ms)
✔ security rejects invented-transition (3.080625ms)
✔ security rejects private-symlink (4.095125ms)
✔ security rejects parent-traversal (2.699334ms)
✔ security rejects outside-absolute (2.724625ms)
✔ security rejects missing-duration (2.371875ms)
✔ security rejects nan-duration (2.542042ms)
✔ security rejects negative-scene (2.465166ms)
✔ security rejects utc-string (2.345708ms)
✔ security rejects rollover-date (2.231791ms)
✔ security rejects credential-body (26.351666ms)
✔ security rejects wrong-run (2.594458ms)
✔ security rejects wrong-prd (2.485125ms)
✔ security rejects unknown-input (1.965125ms)
✔ security rejects old-command-report (3.552ms)
✔ security rejects changed-recovery (2.380417ms)
✔ security rejects output-private (2.168458ms)
✔ rejects credential-like text derived from command report before config write (27.702416ms)
✔ accepts actual unchanged authoritative microsecond UTC ledger timestamps (3.980583ms)
✔ rejects noncanonical ledger 2026-02-30T21:37:33.079009+00:00 (1.980875ms)
✔ rejects noncanonical ledger 2026-09-21T21:37:33.079009+09:00 (2.060916ms)
✔ rejects noncanonical ledger Mon, 21 Sep 2026 21:37:33 GMT (2.147708ms)
✔ supports exactly product1.4.0/PRD1.11 with fully matching evidence (3.445166ms)
✔ rejects unreviewed matching product 1.4.1 (2.67425ms)
✔ rejects unreviewed matching product 1.4.0-rc.1 (2.566583ms)
✔ rejects unreviewed matching product 1.5.1 (2.957833ms)
✔ rejects unreviewed matching product 1.5.0-rc.1 (2.610792ms)
✔ rejects unreviewed matching product 1.6.1 (2.548417ms)
✔ rejects unreviewed matching product 1.6.0-rc.1 (2.496542ms)
✔ rejects unreviewed matching product 1.7.0 (2.398084ms)
✔ rejects unreviewed matching product 2.0.0 (2.444375ms)
✔ supports exactly product1.5.0/PRD1.12 with fully matching evidence (3.068083ms)
✔ supports exactly product1.6.0/PRD1.13 while retaining same receipt scenes (3.122458ms)
✔ remaining time caps child work and rejects late receipts without extending original deadline (1.15375ms)
✔ hung synchronous tool is killed within remaining budget (124.588875ms)
✔ watchdog kills blocked worker and its owned subprocess group (468.348833ms)
✔ normal rehearsal tool succeeds inside finite budget (20.030208ms)
✔ reaped or reused worker and changed descendant identities are never signalled (0.457584ms)
✔ normal supervisor exit leaves unrelated live process alone (50.686459ms)
✔ final recorder reserve stops work early without extending deadline or shortening rehearsal (0.125833ms)
✔ final media binds approved content digest, run, runtime and frozen window (0.42425ms)
✔ syntactically valid but different image digest is rejected (0.139334ms)
✔ mismatched release/run/runtime/version and invalid or expired schedule fail closed (0.15025ms)
✔ lifecycle scene plan gates owned mutations and captures registration before controls (0.941292ms)
✔ unspecified lifecycle preserves prior rehearsal registration and scenario action formats (0.140625ms)
✔ actual registration request fingerprint must exactly match intent before response capture (0.185167ms)
✔ receipt demonstration is exact1.5/1.6 gated and wide RTU metrics are never cropped (0.399542ms)
✔ health precedence and exact real-time boundaries (0.889833ms)
✔ CSV/TSV BOM and Korean aliases, unit and missing weather (2.303375ms)
✔ linear 300/599/600 boundaries and last interval hold, no wrapping interpolation (0.238792ms)
✔ mean/kWh energy holds original interval without claiming ramp-adjusted energy (0.519792ms)
✔ direction shortest arc and optional missing data never backwards-filled (0.167166ms)
✔ strict actual dates, offsets, seconds, leap years (0.201791ms)
✔ invalid CSV errors identify original row/field; duplicate, reverse, gap, NaN, empty (0.76125ms)
✔ registration validates whole input and generates correct hybrid IDs and virtual coordinates (1.05825ms)
✔ CSV total allocation and hybrid separate allocation, voltage/current provenance (0.587625ms)
✔ weather wind power cubic/rated/cut-out and custom interpolation (0.26275ms)
✔ solar temperature correction, saturation, efficiency and manual night irradiance (0.443875ms)
✔ ramp, stopping, fractional startup and actuator freeze (0.246125ms)
✔ percentage limit and rated reductions, unchanged CSV power on weather-only edit (0.138042ms)
✔ all PATCH validators are atomic including RNG and source metadata (0.351334ms)
✔ LCG common noise, independent fault RNG, snapshot deterministic replay and pause (0.304084ms)
✔ separate irradiance CSV aligns source timestamp and falls back outside range (0.192666ms)
✔ frame includes complete state and excludes custom curve data; API retains curve (0.165459ms)
✔ loop count records actual dataset wraps, not seeks, and survives scenario JSON snapshots (0.163917ms)
✔ preserves exact config, release, all source files including itself, and upload hashes (7.978625ms)
✔ rejects config-secret before creating output (2.616541ms)
✔ rejects http-credentials before creating output (2.452792ms)
✔ rejects mqtt-credentials before creating output (2.558667ms)
✔ rejects private-upload before creating output (2.485708ms)
✔ rejects private-symlink before creating output (2.396209ms)
✔ rejects credential-outside-private before creating output (2.329584ms)
✔ rejects upload-secret before creating output (2.814292ms)
✔ stalled child is killed within command budget, without printing sensitive stdout (157.230042ms)
✔ original deadline and total budget reject subsequent launch instead of resetting on retry (1.151584ms)
✔ expired remote snapshot never creates a partial or final file (29.142667ms)
✔ snapshot failure leaves only private partial; existing verified final is preserved (66.753125ms)
✔ successful online snapshot publishes complete private SQLite then compression preserves bytes (69.457125ms)
✔ one MiB encoded chunk and final short chunk flush completely with matching byte hashes (45.965958ms)
✔ network recovery resumes from evidence while freeze and deadline remain authoritative (0.36875ms)
✖ independent actual backup CLI hung discovery stops within original deadline and keeps sensitive child output private (814.85425ms)
✔ independent actual backup CLI expired original deadline launches no kubectl (38.826166ms)
✔ independent budget expiration blocks a second command launch (23.609709ms)
✔ independent snapshot expired remote deadline creates neither final nor part (22.569833ms)
✔ independent HTTP command export preserves persisted observations across old run, absent fields, auth and RTU selection without writes (31.368125ms)
✔ expiresAt accepts explicit ISO zones/fractions and rejects permissive Date.parse calendar normalization (3.377ms)
✔ expiresAt-only body change conflicts; equal priority supersedes overlapping but disjoint remains active (0.921834ms)
✔ physical database reopen restores unfinished deadline; timeout retains setting until explicit stop makes power zero (4.722541ms)
✔ actual model API cleanup restores owned settings only, remains idempotent and does not rewind dynamic time/output (49.19075ms)
✔ lost write response is reconciled without replaying already applied patch (23.644583ms)
✔ lost registration response identifies unique candidate but cannot invent initial baseline or write (15.401375ms)
✔ pre-existing or wrong registration ID and changed owned run fail closed (18.102209ms)
✔ expired deadline and wrong journal scope fail before writes; existing differences are report-only (19.3795ms)
✔ planned same-owned scenario HTTP200 transition preserves original settings baseline (29.173542ms)
✔ wrong scenario owner and unresolved planned response never authorize cleanup (19.225125ms)
✔ begin reuses unchanged baseline without rewriting file and rejects changed pre-existing settings (7.148459ms)
✔ actual201 ownership and cleanup tolerate independent server clock offset -30000 (20.513417ms)
✔ actual201 ownership and cleanup tolerate independent server clock offset 30000 (19.952083ms)
✔ lost registration with independent clock still never creates a baseline or writes (13.117333ms)
✔ readonly event harness requires explicit matching reviewed target before I/O (0.51475ms)
✔ event source gate refuses missing version/hash/token/output and unsafe path (0.112834ms)
✔ form cleanup permits only captured plant/generator identities and PATCH routes (0.350542ms)
✔ independent delivery fixture proves only artifact consistency, never completion (45.394625ms)
✔ independent delivery rejects changed cleanup receipt (43.077792ms)
✔ independent delivery rejects missing reviewed facts (44.400792ms)
✔ independent delivery rejects missing binder inventory (43.469417ms)
✔ independent delivery rejects changed binding command report (43.344709ms)
✔ independent delivery rejects invented recovery with changed existing RTU (43.228708ms)
✔ independent delivery rejects changed source manifest (43.076959ms)
✔ independent delivery rejects failed package validation (44.015917ms)
✔ independent delivery rejects same release different reviewed video (43.063792ms)
✔ independent delivery rejects missing deadline source (43.368917ms)
✔ independent delivery rejects empty reproduction list (42.522167ms)
✔ independent delivery rejects wrong config hash (42.872833ms)
✔ independent delivery rejects both image digests invalid (43.538459ms)
✔ expired actual outbox CLI launches no kubectl (40.178291ms)
✔ actual outbox CLI hung discovery ends at original deadline without sensitive child output (3020.193958ms)
✔ non-loopback override is rejected before any token-bearing HTTP or kubectl (65.144167ms)
✔ actual MQTT connection block owns and closes client when connection arrives after budget (55.573375ms)
✔ actual recovery port configuration preserves defaults and rejects conflicting or invalid ports (2.61175ms)
✔ actual observer callback ignores malformed and unrelated JSON and preserves exact matching body (0.572917ms)
✔ backup runtime identity rejects old rollout pod, wrong digest, unavailable or ambiguous ready pods (0.883334ms)
✔ independent preview: summaries scan beyond display rows; hidden invalid row is rejected by preview and registration (7.49175ms)
✔ independent preview HTTP: existing model and every persistent table unchanged, no MQTT connection path invoked (25.636458ms)
✔ receipt browser target rejects primary, external, credentials and mode mismatch before I/O (0.38175ms)
✔ isolated restore requires exact approved lowercase digest, private token and approved receipt versions (0.162459ms)
✔ default local mode remains isolated3109 with original private candidate token (0.045125ms)
✔ approved1.6 receipt target separateslocalport/token and keepsrestore safeguards (0.075084ms)
✔ independent review: generated sample files accepted by production parser (30.443541ms)
✔ independent review: delayed KMA HTTP result cannot overwrite newer manual edit or station (27.112042ms)
✔ actual release verifier expired boundary (25.580667ms)
✔ actual release verifier hang boundary (2514.495042ms)
✔ actual release verifier failure boundary (341.593958ms)
✔ actual release verifier normal boundary (492.916167ms)
✔ offline manifest verification remains independent of run deadline (27.868583ms)
✔ at-commit still hashes committed evidence when working file differs (88.864541ms)
✔ restore manifest enforces streamed source/destination SHA before app start and retains isolated read-only source (377.221875ms)
✔ wrong snapshot SHA fails before copy; optional argument keeps legacy command compatibility (424.59375ms)
✔ matching hashes do not replace SQLite integrity validation (324.232958ms)
✔ hung apply is killed by remaining deadline without raw output or automatic retry (3020.81775ms)
✔ expired or missing run fails closed without even a discovery or apply (78.693792ms)
✔ prune deletes old acknowledged frames/outbox while preserving old pending/unbatched data, command IDs and scenarios (1.742875ms)
✔ poll cadence and telemetry gaps remain distinct; legacy alias remains poll gap (0.331583ms)
✔ connection transition counts survive retry errors without double-counting close before first connect (0.521208ms)
✔ independent auditor accepts genuine ramp-down output above new available power and nullable electrical observations (4.09525ms)
✔ independent auditor rejects missing generator control fields (0.608834ms)
✔ independent auditor rejects empty weather (0.454459ms)
✔ independent auditor rejects null faults (0.429166ms)
✔ independent auditor rejects non ISO source timestamp (0.474333ms)
✔ independent auditor rejects non ISO observation timestamp (0.433333ms)
✔ verified IPC followed by worker failure never promotes partial or reveals worker diagnostics (47.214667ms)
✔ existing immutable final is preserved and prevents worker work (21.936584ms)
✔ noncooperative synchronous worker is killed without final publication (374.514041ms)
✔ hostile nonnumeric values produce fixed errors without reflecting input (0.409625ms)
✔ four-digit year upper boundary accepts9999 and refuses10000 without rounding inputs (0.550833ms)
✔ invalid numeric clock fails closed and fractional valid input stays unchanged (0.279625ms)
✔ command transport explicitly refuses redirect replay and never reads error bodies (0.412ms)
✔ receipt reason redacts credential URLs even with embedded controls and known normalized secrets (0.212791ms)
✔ unknown response and HTTP failure retain original identity without an automatic POST retry (0.897416ms)
✔ per-device identity/auth overrides are separate from common defaults and LWT topics are exact (2.084ms)
✔ malicious timestamp and fallback contents are never returned or coerced (0.305833ms)
✔ fixture requires exact explicit read target version hash and private token path (0.173375ms)
✔ runtime keeps tick/prune/shutdown alive when audit and storage both fail (19.764292ms)
✔ shutdown closes HTTP and SQLite even if transport stop rejects (2.102625ms)
✔ unauthenticated health/config contain no configured credentials; protected state requires token (5.081417ms)
✔ public config exact allowlist and authenticated downloads never echo the credential (4.789417ms)
✔ untrusted error metadata never becomes a diagnostic category or raw text (5.719875ms)
✔ JSON null arrays and hostile object keys remain sanitized failures (3.253833ms)
✔ non-2xx body is never parsed; remote failure retains explicitly historical local proof (2.629625ms)
✔ durable atomic model/frame, immutable sequence and byte/run/count batches (39.901291ms)
✔ retention keeps unacknowledged messages, unbatched frames, command IDs and scenarios (0.638417ms)
✔ successful local proof records bounded categories and normal read sequence (18.671833ms)
✔ local diagnosis health health_not_ok does not publish raw data (5.760209ms)
✔ local diagnosis health version_mismatch does not publish raw data (4.930291ms)
✔ local diagnosis health broker_disconnected does not publish raw data (4.09ms)
✔ local diagnosis config version_mismatch does not publish raw data (4.378541ms)
✔ local diagnosis config authentication_not_required does not publish raw data (4.423208ms)
✔ local diagnosis state version_mismatch does not publish raw data (4.55675ms)
✔ local diagnosis state invalid_state does not publish raw data (3.926208ms)
✔ local diagnosis state broker_disconnected does not publish raw data (3.811834ms)
✔ local diagnosis state http_status does not publish raw data (3.886209ms)
✔ local diagnosis config invalid_json does not publish raw data (3.669667ms)
✔ local diagnosis state timeout does not publish raw data (1006.356ms)
✔ interrupted HTTP response body is a transport failure, not invalid JSON (25.358458ms)
✔ credential, TCP and HTTP listener failures have distinct sanitized phases (11.965583ms)
✔ changed failure category is recorded while equivalent repeated failures stay deduplicated (10.43775ms)
✔ controlled kubectl outage retries with cap and recovers read-only with exact image/auth (676.216708ms)
✔ wrong remote image blocks forwarding and does not replay writes (372.5765ms)
✔ occupied unrelated ports are neither killed nor replaced (373.445208ms)
✔ existing healthy external forward survives supervisor freeze, deadline and stop (401.576ms)
✔ singleton excludes same-process duplicate, replaces verified stale PID identity, refuses incomplete lock (16.62ms)
✔ invalid startup configuration fails closed and does not spawn commands (5.9275ms)
✔ deadline stops only owned forward; expected-image update is revalidated (858.581667ms)
✔ local-only owned forward loss records a new outage and recovery without remote failure (954.150917ms)
✔ unhealthy still-running owned forward records outage before replacement (519.925375ms)
✔ real model and store split full SCADA into valid size-bounded packets, including equal wall timestamps (63.956708ms)
✔ same-body QoS1 duplicate is counted; a changed body with same ID is an anomaly (0.844625ms)
✔ shared sequence jumps, sensor gaps, restored run and baseline changes are contextual observations (0.701666ms)
✔ independent structural defects are reported without throwing on malformed samples (1.91775ms)
✔ RTU identity, retained delivery and bounded dedup scope remain explicit (1.045375ms)
✔ storage failure during pump keeps row retryable and other event errors never escape (23.892125ms)
✔ delayed storage failure and PUBACK ack failure retain original queue row for retry (67.232917ms)
✔ per RTU independent inflight; only PUBACK removes immutable row; malformed and retained rejected (37.188917ms)
✔ connection client IDs remain caller-specific with common auth configuration (0.191417ms)
✔ delayed pump reads latest model object and REST receipts persist (18.428291ms)
✔ provided 55-row wind TSV preserves voltage and proportional original-current estimate (3.476916ms)
✔ hybrid combined total distributes by rated capacity without inferring fuel from power shape (0.4875ms)
✔ KMA SFCTM2 field fixture uses index11 temperature, 10 degree wind and KST time (1.34925ms)
✔ KMA malformed/stale/future/out-of-range/wrong-station responses fail (0.2945ms)
✔ live refresh preserves irradiance; request has current observation parameters and no old tm (1.491042ms)
✔ automatic manual/frozen skips; explicit lookup enters weather mode and releases freeze (0.308875ms)
✔ failed live observations retain all last-valid values, source and timestamp without auth leaks (0.296167ms)
✔ missing direction preserves previous direction; SI never interpreted as irradiance (0.152125ms)
✔ manual edit during in-flight request is protected, including explicit request (0.311917ms)
ℹ tests 290
ℹ suites 0
ℹ pass 289
ℹ fail 1
ℹ cancelled 0
ℹ skipped 0
ℹ todo 0
ℹ duration_ms 34747.147542

✖ failing tests:

test at tests/review-backup.test.js:3:35
✖ independent actual backup CLI hung discovery stops within original deadline and keeps sensitive child output private (814.85425ms)
  AssertionError [ERR_ASSERTION]: Expected values to be strictly equal:
  
  false !== true
  
      at TestContext.<anonymous> (file:///Users/charleskoh/research/20260921-RALPTON/tests/review-backup.test.js:5:572)
      at Test.runInAsyncScope (node:async_hooks:227:14)
      at Test.run (node:internal/test_runner/test:1306:25)
      at Test.start (node:internal/test_runner/test:1177:17)
      at startSubtestAfterBootstrap (node:internal/test_runner/harness:385:17) {
    generatedMessage: true,
    code: 'ERR_ASSERTION',
    actual: false,
    expected: true,
    operator: 'strictEqual',
    diff: 'simple'
  }
