✔ deadline command preserves successful proof bytes but withholds failed child secrets (234.934625ms)
✔ expired, missing or invalid original deadline never starts the supplied command (155.356792ms)
✔ original remaining time caps a larger host timeout and uncertain output is withheld (2008.624708ms)
✔ host timeout terminates descendants only in the process group it created (3250.938458ms)
✔ successful leader exit stops residual group members before its PID is reaped (1331.82675ms)
✔ combined child output is capped while running and never emitted after failure (80.467958ms)
✔ SIGTERM to the wrapper stops its owned command group with no success output (2273.766959ms)
✔ remaining time caps child work and rejects late receipts without extending original deadline (1.271708ms)
✔ hung synchronous tool is killed within remaining budget (124.945916ms)
✔ watchdog kills blocked worker and its owned subprocess group (464.800708ms)
✔ normal rehearsal tool succeeds inside finite budget (18.987333ms)
✔ reaped or reused worker and changed descendant identities are never signalled (0.436ms)
✔ normal supervisor exit leaves unrelated live process alone (51.364375ms)
✔ final media binds approved content digest, run, runtime and frozen window (0.409667ms)
✔ syntactically valid but different image digest is rejected (0.138375ms)
✔ mismatched release/run/runtime/version and invalid or expired schedule fail closed (0.144208ms)
✔ preserves exact config, release, all source files including itself, and upload hashes (7.719917ms)
✔ rejects config-secret before creating output (2.463125ms)
✔ rejects http-credentials before creating output (2.202208ms)
✔ rejects mqtt-credentials before creating output (2.239958ms)
✔ rejects private-upload before creating output (2.2055ms)
✔ rejects private-symlink before creating output (2.249208ms)
✔ rejects credential-outside-private before creating output (2.287042ms)
✔ rejects upload-secret before creating output (2.151959ms)
✔ independent delivery fixture proves only artifact consistency, never completion (46.073125ms)
✔ independent delivery rejects changed source manifest (40.5825ms)
✔ independent delivery rejects failed package validation (41.570375ms)
✔ independent delivery rejects same release different reviewed video (40.723291ms)
✔ independent delivery rejects missing deadline source (41.212459ms)
✔ independent delivery rejects empty reproduction list (39.531833ms)
✔ independent delivery rejects wrong config hash (41.143875ms)
✔ independent delivery rejects both image digests invalid (40.022ms)
✔ actual release verifier expired boundary (23.460334ms)
✔ actual release verifier hang boundary (2511.594083ms)
✔ actual release verifier failure boundary (1041.736875ms)
✔ actual release verifier normal boundary (1200.2ms)
✔ offline manifest verification remains independent of run deadline (25.632834ms)
✔ at-commit still hashes committed evidence when working file differs (80.325ms)
ℹ tests 38
ℹ suites 0
ℹ pass 38
ℹ fail 0
ℹ cancelled 0
ℹ skipped 0
ℹ todo 0
ℹ duration_ms 15426.031708
