✖ deadline command preserves successful proof bytes but withholds failed child secrets (55.497542ms)
✔ expired, missing or invalid original deadline never starts the supplied command (175.336792ms)
✔ original remaining time caps a larger host timeout and uncertain output is withheld (2017.201959ms)
✔ host timeout terminates descendants only in the process group it created (3263.609875ms)
✔ successful leader exit stops residual group members before its PID is reaped (1335.323292ms)
✔ combined child output is capped while running and never emitted after failure (77.99225ms)
✔ independent delivery fixture proves only artifact consistency, never completion (44.481625ms)
✔ independent delivery rejects changed source manifest (48.020459ms)
✔ independent delivery rejects failed package validation (45.601416ms)
✔ independent delivery rejects same release different reviewed video (43.783666ms)
✖ independent delivery rejects missing deadline source (44.94825ms)
✔ independent delivery rejects empty reproduction list (42.842208ms)
✔ independent delivery rejects wrong config hash (42.226834ms)
✔ independent delivery rejects both image digests invalid (40.931666ms)
ℹ tests 14
ℹ suites 0
ℹ pass 12
ℹ fail 2
ℹ cancelled 0
ℹ skipped 0
ℹ todo 0
ℹ duration_ms 6955.089458

✖ failing tests:

test at tests/deadline-command.test.js:13:1
✖ deadline command preserves successful proof bytes but withholds failed child secrets (55.497542ms)
  AssertionError [ERR_ASSERTION]: deadline-command: could not run the local command; no raw child output emitted
  Traceback (most recent call last):
    File "/Users/charleskoh/research/20260921-RALPTON/scripts/deadline-command.py", line 115, in <module>
      sys.exit(main())
               ~~~~^^
    File "/Users/charleskoh/research/20260921-RALPTON/scripts/deadline-command.py", line 101, in main
      stop_owned_group()
      ~~~~~~~~~~~~~~~~^^
    File "/Users/charleskoh/research/20260921-RALPTON/scripts/deadline-command.py", line 57, in stop_owned_group
      os.killpg(process.pid, signal.SIGKILL)
      ~~~~~~~~~^^^^^^^^^^^^^^^^^^^^^^^^^^^^^
  PermissionError: [Errno 1] Operation not permitted
  
  
  1 !== 0
  
      at TestContext.<anonymous> (file:///Users/charleskoh/research/20260921-RALPTON/tests/deadline-command.test.js:16:12)
      at Test.runInAsyncScope (node:async_hooks:227:14)
      at Test.run (node:internal/test_runner/test:1306:25)
      at Test.start (node:internal/test_runner/test:1177:17)
      at startSubtestAfterBootstrap (node:internal/test_runner/harness:385:17) {
    generatedMessage: false,
    code: 'ERR_ASSERTION',
    actual: 1,
    expected: 0,
    operator: 'strictEqual',
    diff: 'simple'
  }

test at tests/review-media-delivery.test.js:31:3
✖ independent delivery rejects missing deadline source (44.94825ms)
  AssertionError [ERR_ASSERTION]: {"result":"INCOMPLETE","files":67,"failedChecks":1,"failures":["All required recorder sources are inventoried"],"report":null,"completionClaim":false}
  
      at TestContext.<anonymous> (file:///Users/charleskoh/research/20260921-RALPTON/tests/review-media-delivery.test.js:31:760)
      at Test.runInAsyncScope (node:async_hooks:227:14)
      at Test.run (node:internal/test_runner/test:1306:25)
      at Test.processPendingSubtests (node:internal/test_runner/test:897:18)
      at Test.postRun (node:internal/test_runner/test:1447:19)
      at Test.run (node:internal/test_runner/test:1372:12)
      at async Test.processPendingSubtests (node:internal/test_runner/test:897:7) {
    generatedMessage: false,
    code: 'ERR_ASSERTION',
    actual: false,
    expected: true,
    operator: '==',
    diff: 'simple'
  }
