✔ expired actual outbox CLI launches no kubectl (56.303167ms)
✖ actual outbox CLI hung discovery ends at original deadline without sensitive child output (2.805334ms)
ℹ tests 2
ℹ suites 0
ℹ pass 1
ℹ fail 1
ℹ cancelled 0
ℹ skipped 0
ℹ todo 0
ℹ duration_ms 97.677542

✖ failing tests:

test at tests/review-outbox-boundary.test.js:11:1
✖ actual outbox CLI hung discovery ends at original deadline without sensitive child output (2.805334ms)
  Error: listen EADDRINUSE: address already in use 127.0.0.1:3104
      at Server.setupListenHandle [as _listen2] (node:net:2008:16)
      at listenInCluster (node:net:2065:12)
      at node:net:2274:7
      at process.processTicksAndRejections (node:internal/process/task_queues:90:21) {
    code: 'EADDRINUSE',
    errno: -48,
    syscall: 'listen',
    address: '127.0.0.1',
    port: 3104
  }
