cmake version 4.4.3

CMake suite maintained and supported by Kitware (kitware.com/cmake).
CMake Warning (deprecated) at CMakeLists.txt:1 (cmake_minimum_required):
  Compatibility with CMake < 3.10 will be removed from a future version of
  CMake.

  Update the VERSION argument <min> value.  Or, use the <min>...<max> syntax
  to tell CMake that the project requires at least <min> but has been updated
  to work with policies introduced by <max> or earlier.
This warning is for project developers.  Use -Wno-author or -Wno-deprecated
to suppress it.

-- The C compiler identification is AppleClang 21.0.0.21000101
-- The CXX compiler identification is AppleClang 21.0.0.21000101
-- Detecting C compiler ABI info
-- Detecting C compiler ABI info - done
-- Check for working C compiler: /usr/bin/cc - skipped
-- Detecting C compile features
-- Detecting C compile features - done
-- Detecting CXX compiler ABI info
-- Detecting CXX compiler ABI info - done
-- Check for working CXX compiler: /usr/bin/c++ - skipped
-- Detecting CXX compile features
-- Detecting CXX compile features - done
-- whisper.cpp version: 1.9.4-dev
-- Found Git: /opt/homebrew/bin/git (found version "2.54.0")
-- The ASM compiler identification is AppleClang
-- Found assembler: /usr/bin/cc
-- Performing Test CMAKE_HAVE_LIBC_PTHREAD
-- Performing Test CMAKE_HAVE_LIBC_PTHREAD - Success
-- Found Threads: TRUE
-- Warning: ccache not found - consider installing it for faster compilation or disable this warning with GGML_CCACHE=OFF
-- CMAKE_SYSTEM_PROCESSOR: arm64
-- GGML_SYSTEM_ARCH: ARM
-- Could NOT find OpenMP_C (missing: OpenMP_C_FLAGS OpenMP_C_LIB_NAMES) 
-- Could NOT find OpenMP_CXX (missing: OpenMP_CXX_FLAGS OpenMP_CXX_LIB_NAMES) 
-- Could NOT find OpenMP (missing: OpenMP_C_FOUND OpenMP_CXX_FOUND) 
CMake Warning at ggml/src/CMakeLists.txt:347 (message):
  OpenMP not found


-- Including CPU backend
-- Accelerate framework found
-- ARM detected
-- Performing Test GGML_COMPILER_SUPPORTS_FP16_FORMAT_I3E
-- Performing Test GGML_COMPILER_SUPPORTS_FP16_FORMAT_I3E - Failed
CMake Warning at ggml/src/ggml-cpu/CMakeLists.txt:140 (message):
  ARM -march/-mcpu not found, -mcpu=native will be used
Call Stack (most recent call first):
  ggml/src/CMakeLists.txt:586 (ggml_add_cpu_backend_variant_impl)


-- Performing Test GGML_MACHINE_SUPPORTS_dotprod
-- Performing Test GGML_MACHINE_SUPPORTS_dotprod - Success
-- Performing Test GGML_MACHINE_SUPPORTS_i8mm
-- Performing Test GGML_MACHINE_SUPPORTS_i8mm - Success
-- Performing Test GGML_MACHINE_SUPPORTS_sve
-- Performing Test GGML_MACHINE_SUPPORTS_sve - Failed
-- Performing Test GGML_MACHINE_SUPPORTS_nosve
-- Performing Test GGML_MACHINE_SUPPORTS_nosve - Success
-- Performing Test GGML_MACHINE_SUPPORTS_sme
-- Performing Test GGML_MACHINE_SUPPORTS_sme - Success
-- Checking for ARM features using flags:
--   -U__ARM_FEATURE_SVE
--   -mcpu=native+dotprod+i8mm+nosve+sme
-- Performing Test HAVE_DOTPROD
-- Performing Test HAVE_DOTPROD - Success
-- Performing Test HAVE_SVE
-- Performing Test HAVE_SVE - Failed
-- Performing Test HAVE_MATMUL_INT8
-- Performing Test HAVE_MATMUL_INT8 - Success
-- Performing Test HAVE_FMA
-- Performing Test HAVE_FMA - Success
-- Performing Test HAVE_FP16_VECTOR_ARITHMETIC
-- Performing Test HAVE_FP16_VECTOR_ARITHMETIC - Success
-- Performing Test HAVE_SME
-- Performing Test HAVE_SME - Success
-- Adding CPU backend variant ggml-cpu: -U__ARM_FEATURE_SVE;-mcpu=native+dotprod+i8mm+nosve+sme 
-- Looking for dgemm_
-- Looking for dgemm_ - found
-- Found BLAS: /Library/Developer/CommandLineTools/SDKs/MacOSX.sdk/System/Library/Frameworks/Accelerate.framework
-- BLAS found, Libraries: /Library/Developer/CommandLineTools/SDKs/MacOSX.sdk/System/Library/Frameworks/Accelerate.framework
-- BLAS found, Includes: 
-- Including BLAS backend
-- ggml version: 0.23.0
-- ggml commit:  a488206
-- Configuring done (4.3s)
-- Generating done (0.1s)
-- Build files have been written to: /Users/charleskoh/research/20260921-RALPTON/artifacts/private/audio-asr-20260921/build
[  5%] Building C object ggml/src/CMakeFiles/ggml-base.dir/ggml.c.o
[  5%] Building CXX object ggml/src/CMakeFiles/ggml-base.dir/ggml.cpp.o
[  7%] Building C object ggml/src/CMakeFiles/ggml-base.dir/ggml-alloc.c.o
[ 10%] Building CXX object ggml/src/CMakeFiles/ggml-base.dir/ggml-backend.cpp.o
[ 12%] Building CXX object ggml/src/CMakeFiles/ggml-base.dir/ggml-backend-meta.cpp.o
[ 15%] Building CXX object ggml/src/CMakeFiles/ggml-base.dir/ggml-opt.cpp.o
[ 17%] Building CXX object ggml/src/CMakeFiles/ggml-base.dir/ggml-threading.cpp.o
[ 20%] Building C object ggml/src/CMakeFiles/ggml-base.dir/ggml-quants.c.o
[ 22%] Building CXX object ggml/src/CMakeFiles/ggml-base.dir/gguf.cpp.o
[ 25%] Linking CXX static library libggml-base.a
[ 25%] Built target ggml-base
[ 27%] Building CXX object ggml/src/ggml-blas/CMakeFiles/ggml-blas.dir/ggml-blas.cpp.o
[ 30%] Building C object ggml/src/CMakeFiles/ggml-cpu.dir/ggml-cpu/ggml-cpu.c.o
[ 32%] Building CXX object ggml/src/CMakeFiles/ggml-cpu.dir/ggml-cpu/ggml-cpu.cpp.o
[ 35%] Linking CXX static library libggml-blas.a
[ 35%] Built target ggml-blas
[ 37%] Building CXX object ggml/src/CMakeFiles/ggml-cpu.dir/ggml-cpu/repack.cpp.o
[ 40%] Building CXX object ggml/src/CMakeFiles/ggml-cpu.dir/ggml-cpu/iqp.cpp.o
[ 42%] Building CXX object ggml/src/CMakeFiles/ggml-cpu.dir/ggml-cpu/hbm.cpp.o
[ 45%] Building C object ggml/src/CMakeFiles/ggml-cpu.dir/ggml-cpu/quants.c.o
[ 47%] Building CXX object ggml/src/CMakeFiles/ggml-cpu.dir/ggml-cpu/traits.cpp.o
[ 50%] Building CXX object ggml/src/CMakeFiles/ggml-cpu.dir/ggml-cpu/amx/amx.cpp.o
[ 52%] Building CXX object ggml/src/CMakeFiles/ggml-cpu.dir/ggml-cpu/amx/mmq.cpp.o
[ 55%] Building CXX object ggml/src/CMakeFiles/ggml-cpu.dir/ggml-cpu/binary-ops.cpp.o
[ 57%] Building CXX object ggml/src/CMakeFiles/ggml-cpu.dir/ggml-cpu/unary-ops.cpp.o
[ 60%] Building CXX object ggml/src/CMakeFiles/ggml-cpu.dir/ggml-cpu/vec.cpp.o
[ 62%] Building CXX object ggml/src/CMakeFiles/ggml-cpu.dir/ggml-cpu/ops.cpp.o
[ 65%] Building C object ggml/src/CMakeFiles/ggml-cpu.dir/ggml-cpu/arch/arm/quants.c.o
[ 67%] Building CXX object ggml/src/CMakeFiles/ggml-cpu.dir/ggml-cpu/arch/arm/repack.cpp.o
[ 70%] Linking CXX static library libggml-cpu.a
[ 70%] Built target ggml-cpu
[ 75%] Building CXX object ggml/src/CMakeFiles/ggml.dir/ggml-backend-reg.cpp.o
[ 75%] Building CXX object ggml/src/CMakeFiles/ggml.dir/ggml-backend-dl.cpp.o
[ 77%] Linking CXX static library libggml.a
[ 77%] Built target ggml
[ 80%] Building CXX object src/CMakeFiles/whisper.dir/whisper.cpp.o
[ 82%] Linking CXX static library libwhisper.a
[ 82%] Built target whisper
[ 87%] Building CXX object examples/CMakeFiles/common.dir/common-ggml.cpp.o
[ 87%] Building CXX object examples/CMakeFiles/common.dir/common.cpp.o
[ 90%] Building CXX object examples/CMakeFiles/common.dir/common-whisper.cpp.o
[ 92%] Building CXX object examples/CMakeFiles/common.dir/grammar-parser.cpp.o
In file included from /Users/charleskoh/research/20260921-RALPTON/artifacts/private/audio-asr-20260921/source/ggml-org-whisper.cpp-927cfce/examples/common-whisper.cpp:247:
/Users/charleskoh/research/20260921-RALPTON/artifacts/private/audio-asr-20260921/source/ggml-org-whisper.cpp-927cfce/examples/stb_vorbis.c:1404:75: warning: pointer comparison always evaluates to false [-Wtautological-compare]
 1404 |       if (f->stream_start + loc >= f->stream_end || f->stream_start + loc < f->stream_start) {
      |                                                                           ^
1 warning generated.
[ 95%] Linking CXX static library libcommon.a
[ 95%] Built target common
[ 97%] Building CXX object examples/cli/CMakeFiles/whisper-cli.dir/cli.cpp.o
[100%] Linking CXX executable ../../bin/whisper-cli
[100%] Built target whisper-cli
