whisper_init_from_file_with_params_no_state: loading model from '/Users/charleskoh/research/20260921-RALPTON/artifacts/private/audio-asr-20260921/ggml-small.bin'
whisper_init_with_params_no_state: use gpu    = 0
whisper_init_with_params_no_state: flash attn = 1
whisper_init_with_params_no_state: gpu_device = 0
whisper_init_with_params_no_state: dtw        = 0
whisper_init_with_params_no_state: devices    = 2
whisper_init_with_params_no_state: backends   = 2
whisper_model_load: loading model
whisper_model_load: n_vocab       = 51865
whisper_model_load: n_audio_ctx   = 1500
whisper_model_load: n_audio_state = 768
whisper_model_load: n_audio_head  = 12
whisper_model_load: n_audio_layer = 12
whisper_model_load: n_text_ctx    = 448
whisper_model_load: n_text_state  = 768
whisper_model_load: n_text_head   = 12
whisper_model_load: n_text_layer  = 12
whisper_model_load: n_mels        = 80
whisper_model_load: ftype         = 1
whisper_model_load: qntvr         = 0
whisper_model_load: type          = 3 (small)
whisper_model_load: adding 1608 extra tokens
whisper_model_load: n_langs       = 99
whisper_model_load:          CPU total size =   487.01 MB
whisper_model_load: model size    =  487.01 MB
whisper_backend_init_gpu: no GPU found
whisper_backend_init: using BLAS backend
whisper_init_state: kv self size  =   18.87 MB
whisper_init_state: kv cross size =   56.62 MB
whisper_init_state: kv pad  size  =    4.72 MB
whisper_init_state: compute buffer (conv)   =   22.42 MB
whisper_init_state: compute buffer (encode) =   33.85 MB
whisper_init_state: compute buffer (cross)  =    6.20 MB
whisper_init_state: compute buffer (decode) =   97.28 MB
read_audio_data: reading audio data from '/Users/charleskoh/research/20260921-RALPTON/artifacts/private/audio-asr-20260921/short.wav' ...
read_audio_data: trying to decode with miniaudio

system_info: n_threads = 4 / 15 | WHISPER : VITISAI = 0 | COREML = 0 | OPENVINO = 0 | CPU : NEON = 1 | ARM_FMA = 1 | FP16_VA = 1 | MATMUL_INT8 = 1 | DOTPROD = 1 | SME = 1 | SME2 = 1 | ACCELERATE = 1 | REPACK = 1 | 

main: processing '/Users/charleskoh/research/20260921-RALPTON/artifacts/private/audio-asr-20260921/short.wav' (320000 samples, 20.0 sec), 4 threads, 1 processors, 5 beams + best of 5, lang = ko, task = transcribe, timestamps = 1 ...


[00:00:00.000 --> 00:00:03.380]   로컬 가상 데이터로 실제 화면을 조작합니다.
[00:00:03.380 --> 00:00:10.460]   그리드는 외부 VPP의 데이터 수집과 제어 경로를 시험하며 실물 설비나 시장 입찰은 다루지 않습니다.
output_txt: saving output to '/Users/charleskoh/research/20260921-RALPTON/artifacts/private/audio-asr-20260921/asr-short.txt'
output_srt: saving output to '/Users/charleskoh/research/20260921-RALPTON/artifacts/private/audio-asr-20260921/asr-short.srt'
output_json: saving output to '/Users/charleskoh/research/20260921-RALPTON/artifacts/private/audio-asr-20260921/asr-short.json'

whisper_print_timings:     load time =   139.91 ms
whisper_print_timings:     fallbacks =   0 p /   0 h
whisper_print_timings:      mel time =     4.57 ms
whisper_print_timings:   sample time =    43.99 ms /   318 runs (     0.14 ms per run)
whisper_print_timings:   encode time =   506.55 ms /     1 runs (   506.55 ms per run)
whisper_print_timings:   decode time =     0.00 ms /     1 runs (     0.00 ms per run)
whisper_print_timings:   batchd time =   601.67 ms /   316 runs (     1.90 ms per run)
whisper_print_timings:   prompt time =     0.00 ms /     1 runs (     0.00 ms per run)
whisper_print_timings:    total time =  1318.09 ms
