✔ malformed, null, array, oversized, retained and cross-RTU statuses rejected (18.216125ms)
✔ only allowlisted fields survive; raw credentials and controls are removed from reason (4.22825ms)
✔ command export authenticates, omits raw fields and scrubs secrets from all configuration layers (289.597917ms)
✔ export DTO keeps only typed snapshots, records redaction, and makes no de-identification/replay promise (7.3115ms)
✔ explicit broker URL password is treated as known credential in informational IDs (1.660292ms)
✔ control normalization cannot expose known secrets or create empty replacement patterns (1.565583ms)
✔ control characters cannot split a credential URL to bypass export redaction (10.089166ms)
✔ export target and observed values preserve real accepted, executing and completed command semantics (62.419625ms)
✔ HTTP export has latest20 only, original run IDs, RTU isolation and no persistent or control side effects (251.519166ms)
✔ remote management fails closed without strong token (6.127ms)
✔ exact bearer token required and topic wildcards forbidden (0.788083ms)
✔ configuration bounds and credential redaction (3.285959ms)
✔ zero available power does not complete start while fractional startup remains (65.033625ms)
✔ already expired and latency-expired requests leave SCADA settings unchanged (23.658125ms)
✔ canonical global dedup, validation atomicity, priority intersections (52.86775ms)
✔ expiry before dispatch; sensor freeze cannot complete; restart deadline real time (8.775042ms)
✔ target checks every allocated device and signed actual error, then completion (1.731833ms)
✔ stop clears pending startup and completed requires a post-dispatch model sample (1.1795ms)
✔ failed durable dispatch rolls back model, command cache and outbox together (3.945458ms)
✔ setpoint action validation applies even to known duplicate IDs (0.777417ms)
✔ outer model transaction rollback also restores nested command cancellation cache (0.824792ms)
✔ parser diagnostics never echo malformed CSV field contents (18.362833ms)
✔ prototype names remain unknown columns and never enter normalized DTOs (16.644042ms)
✔ 100000 rows are accepted; excessive rows abort before parsing trailing malformed input (684.433417ms)
✔ HTTP preview returns bounded diagnostics and authenticates before malformed input (293.928334ms)
✔ preflight caps columns before allocation and preserves quoted commas, escapes and newlines (18.708625ms)
✔ preview agrees with registration units, interpolation and time zones (29.222542ms)
✔ preview bounds output and preserves TSV electrical fields without emitting unknown CSV columns (12.05775ms)
✔ hybrid preview follows combined-total precedence and split sum exactly (1.792542ms)
✔ preview uses existing row validation and rejects invalid request shapes (2.094ms)
✔ authenticated preview has no database, controller, RTU or transport side effects (281.625041ms)
✔ health precedence and exact real-time boundaries (18.638166ms)
✔ CSV/TSV BOM and Korean aliases, unit and missing weather (23.006875ms)
✔ linear 300/599/600 boundaries and last interval hold, no wrapping interpolation (1.693291ms)
✔ mean/kWh energy holds original interval without claiming ramp-adjusted energy (5.71275ms)
✔ direction shortest arc and optional missing data never backwards-filled (3.025125ms)
✔ strict actual dates, offsets, seconds, leap years (5.492125ms)
✔ invalid CSV errors identify original row/field; duplicate, reverse, gap, NaN, empty (14.150625ms)
✔ registration validates whole input and generates correct hybrid IDs and virtual coordinates (11.220042ms)
✔ CSV total allocation and hybrid separate allocation, voltage/current provenance (21.171208ms)
✔ weather wind power cubic/rated/cut-out and custom interpolation (6.291ms)
✔ solar temperature correction, saturation, efficiency and manual night irradiance (18.165625ms)
✔ ramp, stopping, fractional startup and actuator freeze (2.192042ms)
✔ percentage limit and rated reductions, unchanged CSV power on weather-only edit (0.960792ms)
✔ all PATCH validators are atomic including RNG and source metadata (3.079875ms)
✔ LCG common noise, independent fault RNG, snapshot deterministic replay and pause (0.965834ms)
✔ separate irradiance CSV aligns source timestamp and falls back outside range (0.485375ms)
✔ frame includes complete state and excludes custom curve data; API retains curve (0.695541ms)
✔ loop count records actual dataset wraps, not seeks, and survives scenario JSON snapshots (2.999917ms)
✔ independent HTTP command export preserves persisted observations across old run, absent fields, auth and RTU selection without writes (236.026416ms)
✔ expiresAt accepts explicit ISO zones/fractions and rejects permissive Date.parse calendar normalization (51.690875ms)
✔ expiresAt-only body change conflicts; equal priority supersedes overlapping but disjoint remains active (3.772833ms)
✔ physical database reopen restores unfinished deadline; timeout retains setting until explicit stop makes power zero (28.163125ms)
✔ independent preview: summaries scan beyond display rows; hidden invalid row is rejected by preview and registration (52.19475ms)
✔ independent preview HTTP: existing model and every persistent table unchanged, no MQTT connection path invoked (195.589208ms)
✔ prune deletes old acknowledged frames/outbox while preserving old pending/unbatched data, command IDs and scenarios (39.669416ms)
✔ per-device identity/auth overrides are separate from common defaults and LWT topics are exact (31.746916ms)
✔ runtime keeps tick/prune/shutdown alive when audit and storage both fail (155.141584ms)
✔ shutdown closes HTTP and SQLite even if transport stop rejects (6.992ms)
✔ unauthenticated health/config contain no configured credentials; protected state requires token (51.558667ms)
✔ public config exact allowlist and authenticated downloads never echo the credential (36.30975ms)
✔ durable atomic model/frame, immutable sequence and byte/run/count batches (188.581292ms)
✔ retention keeps unacknowledged messages, unbatched frames, command IDs and scenarios (4.263416ms)
✔ storage failure during pump keeps row retryable and other event errors never escape (58.360875ms)
✔ delayed storage failure and PUBACK ack failure retain original queue row for retry (69.833125ms)
✔ per RTU independent inflight; only PUBACK removes immutable row; malformed and retained rejected (75.541ms)
✔ connection client IDs remain caller-specific with common auth configuration (1.198042ms)
✔ delayed pump reads latest model object and REST receipts persist (20.235042ms)
✔ provided 55-row wind TSV preserves voltage and proportional original-current estimate (59.035584ms)
✔ hybrid combined total distributes by rated capacity without inferring fuel from power shape (6.274ms)
✔ KMA SFCTM2 field fixture uses index11 temperature, 10 degree wind and KST time (13.595833ms)
✔ KMA malformed/stale/future/out-of-range/wrong-station responses fail (3.3405ms)
✔ live refresh preserves irradiance; request has current observation parameters and no old tm (9.754667ms)
✔ automatic manual/frozen skips; explicit lookup enters weather mode and releases freeze (2.197792ms)
✔ failed live observations retain all last-valid values, source and timestamp without auth leaks (3.881042ms)
✔ missing direction preserves previous direction; SI never interpreted as irradiance (1.034708ms)
✔ manual edit during in-flight request is protected, including explicit request (3.94675ms)
ℹ tests 77
ℹ suites 0
ℹ pass 77
ℹ fail 0
ℹ cancelled 0
ℹ skipped 0
ℹ todo 0
ℹ duration_ms 13921.502631
