✔ malformed, null, array, oversized, retained and cross-RTU statuses rejected (18.223792ms)
✔ only allowlisted fields survive; raw credentials and controls are removed from reason (3.798334ms)
✔ remote management fails closed without strong token (9.7675ms)
✔ exact bearer token required and topic wildcards forbidden (1.714917ms)
✔ configuration bounds and credential redaction (4.971125ms)
✔ zero available power does not complete start while fractional startup remains (80.862458ms)
✔ already expired and latency-expired requests leave SCADA settings unchanged (31.510916ms)
✔ canonical global dedup, validation atomicity, priority intersections (97.309417ms)
✔ expiry before dispatch; sensor freeze cannot complete; restart deadline real time (13.572542ms)
✔ target checks every allocated device and signed actual error, then completion (4.885167ms)
✔ stop clears pending startup and completed requires a post-dispatch model sample (3.020167ms)
✔ failed durable dispatch rolls back model, command cache and outbox together (6.086084ms)
✔ setpoint action validation applies even to known duplicate IDs (1.295041ms)
✔ outer model transaction rollback also restores nested command cancellation cache (3.144917ms)
✔ health precedence and exact real-time boundaries (30.0315ms)
✔ CSV/TSV BOM and Korean aliases, unit and missing weather (36.620001ms)
✔ linear 300/599/600 boundaries and last interval hold, no wrapping interpolation (5.7515ms)
✔ mean/kWh energy holds original interval without claiming ramp-adjusted energy (10.875416ms)
✔ direction shortest arc and optional missing data never backwards-filled (7.547167ms)
✔ strict actual dates, offsets, seconds, leap years (13.255542ms)
✔ invalid CSV errors identify original row/field; duplicate, reverse, gap, NaN, empty (25.019ms)
✔ registration validates whole input and generates correct hybrid IDs and virtual coordinates (27.39475ms)
✔ CSV total allocation and hybrid separate allocation, voltage/current provenance (7.10775ms)
✔ weather wind power cubic/rated/cut-out and custom interpolation (4.872709ms)
✔ solar temperature correction, saturation, efficiency and manual night irradiance (5.872958ms)
✔ ramp, stopping, fractional startup and actuator freeze (3.3785ms)
✔ percentage limit and rated reductions, unchanged CSV power on weather-only edit (4.376125ms)
✔ all PATCH validators are atomic including RNG and source metadata (2.861208ms)
✔ LCG common noise, independent fault RNG, snapshot deterministic replay and pause (2.389875ms)
✔ separate irradiance CSV aligns source timestamp and falls back outside range (1.712041ms)
✔ frame includes complete state and excludes custom curve data; API retains curve (1.992542ms)
✔ loop count records actual dataset wraps, not seeks, and survives scenario JSON snapshots (6.235334ms)
✔ expiresAt accepts explicit ISO zones/fractions and rejects permissive Date.parse calendar normalization (85.082041ms)
✔ expiresAt-only body change conflicts; equal priority supersedes overlapping but disjoint remains active (8.93775ms)
✔ physical database reopen restores unfinished deadline; timeout retains setting until explicit stop makes power zero (24.103208ms)
✔ independent review: generated sample files accepted by production parser (432.575625ms)
✔ independent review: delayed KMA HTTP result cannot overwrite newer manual edit or station (271.898791ms)
✔ prune deletes old acknowledged frames/outbox while preserving old pending/unbatched data, command IDs and scenarios (70.7145ms)
✔ runtime keeps tick/prune/shutdown alive when audit and storage both fail (205.208917ms)
✔ shutdown closes HTTP and SQLite even if transport stop rejects (9.071667ms)
✔ unauthenticated health/config contain no configured credentials; protected state requires token (65.001708ms)
✔ durable atomic model/frame, immutable sequence and byte/run/count batches (173.298792ms)
✔ retention keeps unacknowledged messages, unbatched frames, command IDs and scenarios (8.495334ms)
✔ storage failure during pump keeps row retryable and other event errors never escape (73.279459ms)
✔ delayed storage failure and PUBACK ack failure retain original queue row for retry (69.76525ms)
✔ per RTU independent inflight; only PUBACK removes immutable row; malformed and retained rejected (87.652792ms)
✔ connection client IDs remain caller-specific with common auth configuration (1.605125ms)
✔ delayed pump reads latest model object and REST receipts persist (21.350667ms)
✔ provided 55-row wind TSV preserves voltage and proportional original-current estimate (103.587542ms)
✔ hybrid combined total distributes by rated capacity without inferring fuel from power shape (7.686875ms)
✔ KMA SFCTM2 field fixture uses index11 temperature, 10 degree wind and KST time (18.055958ms)
✔ KMA malformed/stale/future/out-of-range/wrong-station responses fail (6.0265ms)
✔ live refresh preserves irradiance; request has current observation parameters and no old tm (12.805875ms)
✔ automatic manual/frozen skips; explicit lookup enters weather mode and releases freeze (2.835833ms)
✔ failed live observations retain all last-valid values, source and timestamp without auth leaks (5.3105ms)
✔ missing direction preserves previous direction; SI never interpreted as irradiance (1.678666ms)
✔ manual edit during in-flight request is protected, including explicit request (5.777125ms)
ℹ tests 57
ℹ suites 0
ℹ pass 57
ℹ fail 0
ℹ cancelled 0
ℹ skipped 0
ℹ todo 0
ℹ duration_ms 1921.034126
