
> grid-vpp-emulator@1.5.0 test
> node --test --test-concurrency=1 tests/*.test.js

✔ malformed, null, array, oversized, retained and cross-RTU statuses rejected (0.607458ms)
✔ only allowlisted fields survive; raw credentials and controls are removed from reason (0.291792ms)
✔ command export authenticates, omits raw fields and scrubs secrets from all configuration layers (29.808167ms)
✔ export DTO keeps only typed snapshots, records redaction, and makes no de-identification/replay promise (0.7755ms)
✔ explicit broker URL password is treated as known credential in informational IDs (0.169334ms)
✔ control normalization cannot expose known secrets or create empty replacement patterns (0.164625ms)
✔ control characters cannot split a credential URL to bypass export redaction (1.277375ms)
✔ export target and observed values preserve real accepted, executing and completed command semantics (5.799291ms)
✔ HTTP export has latest20 only, original run IDs, RTU isolation and no persistent or control side effects (27.615875ms)
✔ original1.4 browser fixture remains tied to its known local API and bundle (0.29875ms)
✔ new1.5 browser fixture requires an explicit reviewed bundle before any writes (0.206333ms)
✔ all fixture modes refuse primary and mismatched endpoints (0.103ms)
✔ restore mode uses isolated ports and remote credentials with explicit candidate identity (0.038791ms)
✔ unreviewed product or target modes fail closed (0.060291ms)
✔ server numeric boundaries and fractional values remain exact (1.447291ms)
✔ empty and nonfinite inputs never become silent defaults or valid commands (0.085ms)
✔ zero and fractional expiry use one supplied clock without business duration cap (0.405167ms)
✔ overflow and valid Date extended year yield field errors rather than exceptions (0.095125ms)
✔ target0 and availability-exceeding targets are not clamped; server still decides rated limit (0.06375ms)
✔ observation requires exact original command identity, action, REST and known status (0.506042ms)
✔ synchronous perRTU POST guard survives callers and releases before following state GET (2.186084ms)
✔ confirmed POST survives state failure; failed POST stays unconfirmed without retry (0.217667ms)
✔ explicit recheck is single in-flight, preserves confirmed on missing/error and rejects regression (0.161791ms)
✔ lost response resolves only by matching stored ID, never another row; last20 preserves uncertainty (0.290667ms)
✔ late recheck does not resurrect evicted receipt or overwrite anotherRTU (0.66175ms)
✔ late state refresh cannot replace a newer refresh and cannot erase rechecked status (0.654167ms)
✔ 15s production request boundary includes stalled response body, HTTP ignores body,401auth preserved (16.608708ms)
✔ remote management fails closed without strong token (0.406792ms)
✔ exact bearer token required and topic wildcards forbidden (0.07875ms)
✔ configuration bounds and credential redaction (0.143375ms)
✔ zero available power does not complete start while fractional startup remains (3.782625ms)
✔ already expired and latency-expired requests leave SCADA settings unchanged (5.123375ms)
✔ canonical global dedup, validation atomicity, priority intersections (7.256ms)
✔ expiry before dispatch; sensor freeze cannot complete; restart deadline real time (1.039375ms)
✔ target checks every allocated device and signed actual error, then completion (0.421709ms)
✔ stop clears pending startup and completed requires a post-dispatch model sample (0.327083ms)
✔ failed durable dispatch rolls back model, command cache and outbox together (0.549708ms)
✔ setpoint action validation applies even to known duplicate IDs (0.259333ms)
✔ outer model transaction rollback also restores nested command cancellation cache (0.304833ms)
✔ parser diagnostics never echo malformed CSV field contents (1.803458ms)
✔ prototype names remain unknown columns and never enter normalized DTOs (1.706667ms)
✔ 100000 rows are accepted; excessive rows abort before parsing trailing malformed input (292.742083ms)
✔ HTTP preview returns bounded diagnostics and authenticates before malformed input (60.68525ms)
✔ preflight caps columns before allocation and preserves quoted commas, escapes and newlines (2.194292ms)
✔ preview agrees with registration units, interpolation and time zones (3.293542ms)
✔ preview bounds output and preserves TSV electrical fields without emitting unknown CSV columns (1.369833ms)
✔ hybrid preview follows combined-total precedence and split sum exactly (0.17125ms)
✔ preview uses existing row validation and rejects invalid request shapes (0.250041ms)
✔ authenticated preview has no database, controller, RTU or transport side effects (62.05775ms)
✔ deadline command preserves successful proof bytes but withholds failed child secrets (305.97025ms)
✔ expired, missing or invalid original deadline never starts the supplied command (165.450292ms)
✔ original remaining time caps a larger host timeout and uncertain output is withheld (2020.30425ms)
✔ host timeout terminates descendants only in the process group it created (3264.946917ms)
✔ successful leader exit stops residual group members before its PID is reaped (1333.339375ms)
✔ combined child output is capped while running and never emitted after failure (83.228375ms)
✔ SIGTERM to the wrapper stops its owned command group with no success output (2272.692209ms)
✔ binds real offsets, hashes, same video assets and relative reference (8.629916ms)
✔ rejects late (2.790625ms)
✔ rejects missing-asset (3.446667ms)
✔ rejects changed-video (2.85475ms)
✔ rejects wrong-manifest (3.009833ms)
✔ rejects unreviewed (2.586917ms)
✔ rejects placeholder (2.391834ms)
✔ rejects future-version (2.41575ms)
✔ rejects same-run (2.701958ms)
✔ CLI refuses to overwrite existing output (29.088292ms)
✔ security rejects invented-transition (3.151042ms)
✔ security rejects private-symlink (4.24875ms)
✔ security rejects parent-traversal (2.750708ms)
✔ security rejects outside-absolute (2.710667ms)
✔ security rejects missing-duration (2.472959ms)
✔ security rejects nan-duration (2.673917ms)
✔ security rejects negative-scene (2.53725ms)
✔ security rejects utc-string (2.327458ms)
✔ security rejects rollover-date (2.353292ms)
✔ security rejects credential-body (24.121292ms)
✔ security rejects wrong-run (2.441292ms)
✔ security rejects wrong-prd (2.629708ms)
✔ security rejects unknown-input (2.152708ms)
✔ security rejects old-command-report (3.170625ms)
✔ security rejects changed-recovery (2.719667ms)
✔ security rejects output-private (2.120583ms)
✔ rejects credential-like text derived from command report before config write (28.453875ms)
✔ accepts actual unchanged authoritative microsecond UTC ledger timestamps (3.90675ms)
✔ rejects noncanonical ledger 2026-02-30T21:37:33.079009+00:00 (2.117292ms)
✔ rejects noncanonical ledger 2026-09-21T21:37:33.079009+09:00 (2.116917ms)
✔ rejects noncanonical ledger Mon, 21 Sep 2026 21:37:33 GMT (2.114708ms)
✔ supports exactly product1.4.0/PRD1.11 with fully matching evidence (3.667666ms)
✔ rejects unreviewed matching product 1.4.1 (2.47475ms)
✔ rejects unreviewed matching product 1.4.0-rc.1 (2.678208ms)
✔ rejects unreviewed matching product 1.5.1 (2.903625ms)
✔ rejects unreviewed matching product 1.5.0-rc.1 (2.598833ms)
✔ rejects unreviewed matching product 1.6.0 (2.402417ms)
✔ rejects unreviewed matching product 2.0.0 (2.48875ms)
✔ supports exactly product1.5.0/PRD1.12 with fully matching evidence (3.071833ms)
✔ remaining time caps child work and rejects late receipts without extending original deadline (1.276084ms)
✔ hung synchronous tool is killed within remaining budget (121.912583ms)
✔ watchdog kills blocked worker and its owned subprocess group (466.387334ms)
✔ normal rehearsal tool succeeds inside finite budget (18.280583ms)
✔ reaped or reused worker and changed descendant identities are never signalled (0.405125ms)
✔ normal supervisor exit leaves unrelated live process alone (51.156958ms)
✔ final recorder reserve stops work early without extending deadline or shortening rehearsal (0.121084ms)
✔ final media binds approved content digest, run, runtime and frozen window (0.42575ms)
✔ syntactically valid but different image digest is rejected (0.13775ms)
✔ mismatched release/run/runtime/version and invalid or expired schedule fail closed (0.146084ms)
✔ lifecycle scene plan gates owned mutations and captures registration before controls (0.75825ms)
✔ unspecified lifecycle preserves prior rehearsal registration and scenario action formats (0.44025ms)
✔ actual registration request fingerprint must exactly match intent before response capture (0.189542ms)
✔ health precedence and exact real-time boundaries (0.959625ms)
✔ CSV/TSV BOM and Korean aliases, unit and missing weather (2.225625ms)
✔ linear 300/599/600 boundaries and last interval hold, no wrapping interpolation (0.229833ms)
✔ mean/kWh energy holds original interval without claiming ramp-adjusted energy (0.58125ms)
✔ direction shortest arc and optional missing data never backwards-filled (0.173541ms)
✔ strict actual dates, offsets, seconds, leap years (0.208ms)
✔ invalid CSV errors identify original row/field; duplicate, reverse, gap, NaN, empty (0.774375ms)
✔ registration validates whole input and generates correct hybrid IDs and virtual coordinates (0.805ms)
✔ CSV total allocation and hybrid separate allocation, voltage/current provenance (0.549417ms)
✔ weather wind power cubic/rated/cut-out and custom interpolation (0.253125ms)
✔ solar temperature correction, saturation, efficiency and manual night irradiance (0.40425ms)
✔ ramp, stopping, fractional startup and actuator freeze (0.236083ms)
✔ percentage limit and rated reductions, unchanged CSV power on weather-only edit (0.134959ms)
✔ all PATCH validators are atomic including RNG and source metadata (0.336584ms)
✔ LCG common noise, independent fault RNG, snapshot deterministic replay and pause (0.300375ms)
✔ separate irradiance CSV aligns source timestamp and falls back outside range (0.221792ms)
✔ frame includes complete state and excludes custom curve data; API retains curve (0.190292ms)
✔ loop count records actual dataset wraps, not seeks, and survives scenario JSON snapshots (0.170666ms)
✔ preserves exact config, release, all source files including itself, and upload hashes (8.7035ms)
✔ rejects config-secret before creating output (2.588083ms)
✔ rejects http-credentials before creating output (2.363542ms)
✔ rejects mqtt-credentials before creating output (2.399292ms)
✔ rejects private-upload before creating output (2.676208ms)
✔ rejects private-symlink before creating output (2.526667ms)
✔ rejects credential-outside-private before creating output (2.539791ms)
✔ rejects upload-secret before creating output (3.04375ms)
✔ stalled child is killed within command budget, without printing sensitive stdout (156.944125ms)
✔ original deadline and total budget reject subsequent launch instead of resetting on retry (1.229875ms)
✔ expired remote snapshot never creates a partial or final file (27.887625ms)
✔ snapshot failure leaves only private partial; existing verified final is preserved (45.811083ms)
✔ successful online snapshot publishes complete private SQLite then compression preserves bytes (48.470584ms)
✔ one MiB encoded chunk and final short chunk flush completely with matching byte hashes (46.546583ms)
✔ network recovery resumes from evidence while freeze and deadline remain authoritative (0.347625ms)
✔ independent actual backup CLI hung discovery stops within original deadline and keeps sensitive child output private (818.903042ms)
✔ independent actual backup CLI expired original deadline launches no kubectl (39.804875ms)
✔ independent budget expiration blocks a second command launch (24.138708ms)
✔ independent snapshot expired remote deadline creates neither final nor part (21.039875ms)
✔ independent HTTP command export preserves persisted observations across old run, absent fields, auth and RTU selection without writes (32.312334ms)
✔ expiresAt accepts explicit ISO zones/fractions and rejects permissive Date.parse calendar normalization (3.771416ms)
✔ expiresAt-only body change conflicts; equal priority supersedes overlapping but disjoint remains active (0.649125ms)
✔ physical database reopen restores unfinished deadline; timeout retains setting until explicit stop makes power zero (4.712625ms)
✔ actual model API cleanup restores owned settings only, remains idempotent and does not rewind dynamic time/output (51.135791ms)
✔ lost write response is reconciled without replaying already applied patch (23.520292ms)
✔ lost registration response identifies unique candidate but cannot invent initial baseline or write (15.668792ms)
✔ pre-existing or wrong registration ID and changed owned run fail closed (13.799375ms)
✔ expired deadline and wrong journal scope fail before writes; existing differences are report-only (26.465792ms)
✔ planned same-owned scenario HTTP200 transition preserves original settings baseline (30.0325ms)
✔ wrong scenario owner and unresolved planned response never authorize cleanup (19.128416ms)
✔ begin reuses unchanged baseline without rewriting file and rejects changed pre-existing settings (7.788458ms)
✔ actual201 ownership and cleanup tolerate independent server clock offset -30000 (19.959666ms)
✔ actual201 ownership and cleanup tolerate independent server clock offset 30000 (19.881375ms)
✔ lost registration with independent clock still never creates a baseline or writes (14.942833ms)
✔ independent delivery fixture proves only artifact consistency, never completion (47.956542ms)
✔ independent delivery rejects changed cleanup receipt (45.402709ms)
✔ independent delivery rejects missing reviewed facts (45.0795ms)
✔ independent delivery rejects missing binder inventory (44.372333ms)
✔ independent delivery rejects changed binding command report (44.731458ms)
✔ independent delivery rejects invented recovery with changed existing RTU (44.150875ms)
✔ independent delivery rejects changed source manifest (43.40625ms)
✔ independent delivery rejects failed package validation (44.260333ms)
✔ independent delivery rejects same release different reviewed video (44.34275ms)
✔ independent delivery rejects missing deadline source (43.312041ms)
✔ independent delivery rejects empty reproduction list (42.707ms)
✔ independent delivery rejects wrong config hash (44.664583ms)
✔ independent delivery rejects both image digests invalid (45.009083ms)
✔ expired actual outbox CLI launches no kubectl (41.133542ms)
✔ actual outbox CLI hung discovery ends at original deadline without sensitive child output (3014.652125ms)
✔ non-loopback override is rejected before any token-bearing HTTP or kubectl (48.859334ms)
✔ actual MQTT connection block owns and closes client when connection arrives after budget (53.297333ms)
✔ actual recovery port configuration preserves defaults and rejects conflicting or invalid ports (2.708792ms)
✔ actual observer callback ignores malformed and unrelated JSON and preserves exact matching body (0.604167ms)
✔ backup runtime identity rejects old rollout pod, wrong digest, unavailable or ambiguous ready pods (0.89625ms)
✔ independent preview: summaries scan beyond display rows; hidden invalid row is rejected by preview and registration (7.549584ms)
✔ independent preview HTTP: existing model and every persistent table unchanged, no MQTT connection path invoked (26.90175ms)
✔ independent review: generated sample files accepted by production parser (31.439292ms)
✔ independent review: delayed KMA HTTP result cannot overwrite newer manual edit or station (27.714583ms)
✔ actual release verifier expired boundary (24.048ms)
✔ actual release verifier hang boundary (2514.639041ms)
✔ actual release verifier failure boundary (457.676709ms)
✔ actual release verifier normal boundary (374.012084ms)
✔ offline manifest verification remains independent of run deadline (25.275958ms)
✔ at-commit still hashes committed evidence when working file differs (83.726375ms)
✔ restore manifest enforces streamed source/destination SHA before app start and retains isolated read-only source (398.960125ms)
✔ wrong snapshot SHA fails before copy; optional argument keeps legacy command compatibility (587.915833ms)
✔ matching hashes do not replace SQLite integrity validation (414.655916ms)
✔ hung apply is killed by remaining deadline without raw output or automatic retry (3018.5245ms)
✔ expired or missing run fails closed without even a discovery or apply (78.714167ms)
✔ prune deletes old acknowledged frames/outbox while preserving old pending/unbatched data, command IDs and scenarios (1.901959ms)
✔ poll cadence and telemetry gaps remain distinct; legacy alias remains poll gap (0.293917ms)
✔ connection transition counts survive retry errors without double-counting close before first connect (0.569458ms)
✔ independent auditor accepts genuine ramp-down output above new available power and nullable electrical observations (3.867042ms)
✔ independent auditor rejects missing generator control fields (0.641291ms)
✔ independent auditor rejects empty weather (0.541792ms)
✔ independent auditor rejects null faults (0.448834ms)
✔ independent auditor rejects non ISO source timestamp (0.490833ms)
✔ independent auditor rejects non ISO observation timestamp (0.402375ms)
✔ hostile nonnumeric values produce fixed errors without reflecting input (0.409625ms)
✔ four-digit year upper boundary accepts9999 and refuses10000 without rounding inputs (0.643708ms)
✔ invalid numeric clock fails closed and fractional valid input stays unchanged (0.280625ms)
✔ command transport explicitly refuses redirect replay and never reads error bodies (0.432541ms)
✔ receipt reason redacts credential URLs even with embedded controls and known normalized secrets (0.21475ms)
✔ unknown response and HTTP failure retain original identity without an automatic POST retry (0.958584ms)
✔ per-device identity/auth overrides are separate from common defaults and LWT topics are exact (2.1125ms)
✔ runtime keeps tick/prune/shutdown alive when audit and storage both fail (20.020458ms)
✔ shutdown closes HTTP and SQLite even if transport stop rejects (2.845209ms)
✔ unauthenticated health/config contain no configured credentials; protected state requires token (4.82725ms)
✔ public config exact allowlist and authenticated downloads never echo the credential (5.064917ms)
✔ untrusted error metadata never becomes a diagnostic category or raw text (5.977625ms)
✔ JSON null arrays and hostile object keys remain sanitized failures (3.461542ms)
✔ non-2xx body is never parsed; remote failure retains explicitly historical local proof (2.423625ms)
✔ durable atomic model/frame, immutable sequence and byte/run/count batches (40.434083ms)
✔ retention keeps unacknowledged messages, unbatched frames, command IDs and scenarios (0.667625ms)
✔ successful local proof records bounded categories and normal read sequence (19.121583ms)
✔ local diagnosis health health_not_ok does not publish raw data (5.951208ms)
✔ local diagnosis health version_mismatch does not publish raw data (4.737833ms)
✔ local diagnosis health broker_disconnected does not publish raw data (4.107792ms)
✔ local diagnosis config version_mismatch does not publish raw data (4.384083ms)
✔ local diagnosis config authentication_not_required does not publish raw data (4.480292ms)
✔ local diagnosis state version_mismatch does not publish raw data (4.77925ms)
✔ local diagnosis state invalid_state does not publish raw data (4.530042ms)
✔ local diagnosis state broker_disconnected does not publish raw data (4.148292ms)
✔ local diagnosis state http_status does not publish raw data (4.287792ms)
✔ local diagnosis config invalid_json does not publish raw data (3.644583ms)
✔ local diagnosis state timeout does not publish raw data (1006.097792ms)
✔ interrupted HTTP response body is a transport failure, not invalid JSON (21.727625ms)
✔ credential, TCP and HTTP listener failures have distinct sanitized phases (7.681208ms)
✔ changed failure category is recorded while equivalent repeated failures stay deduplicated (6.817042ms)
✔ controlled kubectl outage retries with cap and recovers read-only with exact image/auth (736.194458ms)
✔ wrong remote image blocks forwarding and does not replay writes (486.263292ms)
✔ occupied unrelated ports are neither killed nor replaced (421.190083ms)
✔ existing healthy external forward survives supervisor freeze, deadline and stop (931.569583ms)
✔ singleton excludes same-process duplicate, replaces verified stale PID identity, refuses incomplete lock (16.213167ms)
✔ invalid startup configuration fails closed and does not spawn commands (5.910416ms)
✔ deadline stops only owned forward; expected-image update is revalidated (842.783667ms)
✔ local-only owned forward loss records a new outage and recovery without remote failure (567.325417ms)
✔ unhealthy still-running owned forward records outage before replacement (635.868791ms)
✔ real model and store split full SCADA into valid size-bounded packets, including equal wall timestamps (70.488417ms)
✔ same-body QoS1 duplicate is counted; a changed body with same ID is an anomaly (0.897417ms)
✔ shared sequence jumps, sensor gaps, restored run and baseline changes are contextual observations (0.766ms)
✔ independent structural defects are reported without throwing on malformed samples (1.594959ms)
✔ RTU identity, retained delivery and bounded dedup scope remain explicit (1.466ms)
✔ storage failure during pump keeps row retryable and other event errors never escape (22.843958ms)
✔ delayed storage failure and PUBACK ack failure retain original queue row for retry (66.099ms)
✔ per RTU independent inflight; only PUBACK removes immutable row; malformed and retained rejected (36.926792ms)
✔ connection client IDs remain caller-specific with common auth configuration (0.339833ms)
✔ delayed pump reads latest model object and REST receipts persist (18.604958ms)
✔ provided 55-row wind TSV preserves voltage and proportional original-current estimate (3.552708ms)
✔ hybrid combined total distributes by rated capacity without inferring fuel from power shape (0.470708ms)
✔ KMA SFCTM2 field fixture uses index11 temperature, 10 degree wind and KST time (1.249583ms)
✔ KMA malformed/stale/future/out-of-range/wrong-station responses fail (0.279916ms)
✔ live refresh preserves irradiance; request has current observation parameters and no old tm (1.412417ms)
✔ automatic manual/frozen skips; explicit lookup enters weather mode and releases freeze (0.295666ms)
✔ failed live observations retain all last-valid values, source and timestamp without auth leaks (0.267334ms)
✔ missing direction preserves previous direction; SI never interpreted as irradiance (0.144792ms)
✔ manual edit during in-flight request is protected, including explicit request (0.3055ms)
ℹ tests 263
ℹ suites 0
ℹ pass 263
ℹ fail 0
ℹ cancelled 0
ℹ skipped 0
ℹ todo 0
ℹ duration_ms 33079.426208
