
> grid-vpp-emulator@1.7.0 test
> node --test --test-concurrency=1 tests/*.test.js

✔ fixed read snapshot remains atomic with independent continuous WAL writer, and writer commits continue (266.799375ms)
ℹ {"writerCommits":104,"maxCommitMs":0.30320800000000503,"backupSteps":12306}
✔ mid-copy cooperative deadline finalizes backup, releases read transaction and leaves no published final (398.113125ms)
✔ supervisor terminates own worker blocked inside synchronous work; SIGTERM-resistant worker is killed and read lock released (749.461292ms)
✔ supervisor refuses verified-looking IPC without successful worker exit and preserves existing final (89.32775ms)
✔ parent SIGTERM cancels its child, confirms exit and never publishes final (150.41875ms)
✔ non-WAL database fails closed and leaves private unpublished partial (55.746875ms)
✔ malformed, null, array, oversized, retained and cross-RTU statuses rejected (0.803416ms)
✔ only allowlisted fields survive; raw credentials and controls are removed from reason (0.1725ms)
✔ command export authenticates, omits raw fields and scrubs secrets from all configuration layers (27.980917ms)
✔ export DTO keeps only typed snapshots, records redaction, and makes no de-identification/replay promise (0.677459ms)
✔ explicit broker URL password is treated as known credential in informational IDs (0.164708ms)
✔ control normalization cannot expose known secrets or create empty replacement patterns (0.173083ms)
✔ control characters cannot split a credential URL to bypass export redaction (1.097041ms)
✔ export target and observed values preserve real accepted, executing and completed command semantics (5.881ms)
✔ HTTP export has latest20 only, original run IDs, RTU isolation and no persistent or control side effects (27.18125ms)
✔ original1.4 browser fixture remains tied to its known local API and bundle (0.342792ms)
✔ new1.5 browser fixture requires an explicit reviewed bundle before any writes (0.222125ms)
✔ all fixture modes refuse primary and mismatched endpoints (0.163375ms)
✔ restore mode uses isolated ports and remote credentials with explicit candidate identity (0.045542ms)
✔ unreviewed product or target modes fail closed (0.06275ms)
✔ approved1.6 uses a separate localfixture and never falls back to1.5 (0.062042ms)
✔ approved1.7 form fixture is isolated3111 with an explicit candidate bundle (0.062041ms)
✔ server numeric boundaries and fractional values remain exact (1.189792ms)
✔ empty and nonfinite inputs never become silent defaults or valid commands (0.073417ms)
✔ zero and fractional expiry use one supplied clock without business duration cap (0.316208ms)
✔ overflow and valid Date extended year yield field errors rather than exceptions (0.114417ms)
✔ target0 and availability-exceeding targets are not clamped; server still decides rated limit (0.061208ms)
✔ retains last rows and browser completion time through failure, recovers with fresh success and distinguishes empty (1.177292ms)
✔ slow request never overlaps, finite timeout aborts and late success cannot replace error (0.2235ms)
✔ switch/unmount aborts owned work, clears all timers and discards late old RTU results (0.157417ms)
✔ reader authenticates GET only, caps order at20, rejects malformed bodies and never reads HTTP error bodies (0.412417ms)
✔ timeout covers stalled JSON body after successful headers (0.153792ms)
✔ observation requires exact original command identity, action, REST and known status (0.499541ms)
✔ synchronous perRTU POST guard survives callers and releases before following state GET (2.149833ms)
✔ confirmed POST survives state failure; failed POST stays unconfirmed without retry (0.197042ms)
✔ explicit recheck is single in-flight, preserves confirmed on missing/error and rejects regression (0.157833ms)
✔ lost response resolves only by matching stored ID, never another row; last20 preserves uncertainty (0.294875ms)
✔ late recheck does not resurrect evicted receipt or overwrite anotherRTU (0.61575ms)
✔ late state refresh cannot replace a newer refresh and cannot erase rechecked status (0.637042ms)
✔ 15s production request boundary includes stalled response body, HTTP ignores body,401auth preserved (17.711125ms)
✔ remote management fails closed without strong token (0.418625ms)
✔ exact bearer token required and topic wildcards forbidden (0.077083ms)
✔ configuration bounds and credential redaction (0.138542ms)
✔ zero available power does not complete start while fractional startup remains (3.467583ms)
✔ already expired and latency-expired requests leave SCADA settings unchanged (4.864542ms)
✔ canonical global dedup, validation atomicity, priority intersections (5.977666ms)
✔ expiry before dispatch; sensor freeze cannot complete; restart deadline real time (0.788375ms)
✔ target checks every allocated device and signed actual error, then completion (0.559917ms)
✔ stop clears pending startup and completed requires a post-dispatch model sample (0.318583ms)
✔ failed durable dispatch rolls back model, command cache and outbox together (0.467292ms)
✔ setpoint action validation applies even to known duplicate IDs (0.20975ms)
✔ outer model transaction rollback also restores nested command cancellation cache (0.248833ms)
✔ parser diagnostics never echo malformed CSV field contents (1.751917ms)
✔ prototype names remain unknown columns and never enter normalized DTOs (1.580667ms)
✔ 100000 rows are accepted; excessive rows abort before parsing trailing malformed input (290.290833ms)
✔ HTTP preview returns bounded diagnostics and authenticates before malformed input (56.241875ms)
✔ preflight caps columns before allocation and preserves quoted commas, escapes and newlines (3.033125ms)
✔ preview agrees with registration units, interpolation and time zones (3.277ms)
✔ preview bounds output and preserves TSV electrical fields without emitting unknown CSV columns (1.279417ms)
✔ hybrid preview follows combined-total precedence and split sum exactly (0.1945ms)
✔ preview uses existing row validation and rejects invalid request shapes (0.245625ms)
✔ authenticated preview has no database, controller, RTU or transport side effects (58.901375ms)
✔ deadline command preserves successful proof bytes but withholds failed child secrets (244.337334ms)
✔ expired, missing or invalid original deadline never starts the supplied command (160.538792ms)
✔ original remaining time caps a larger host timeout and uncertain output is withheld (2015.2245ms)
✔ host timeout terminates descendants only in the process group it created (3253.603834ms)
✔ successful leader exit stops residual group members before its PID is reaped (1352.933291ms)
✔ combined child output is capped while running and never emitted after failure (81.909792ms)
✔ SIGTERM to the wrapper stops its owned command group with no success output (2274.805917ms)
✔ canonical audit created uses explicitKST across midnight, leap day and year boundary (0.775125ms)
✔ missing, nonstring, invalid calendar and noncanonical input never become visible times (0.091084ms)
✔ alternate timestamps cannot fill absent or malformed created and cannot override valid created (0.116334ms)
✔ formatting is identical across host time zones (90.248416ms)
✔ binds real offsets, hashes, same video assets and relative reference (6.795417ms)
✔ rejects late (2.255791ms)
✔ rejects missing-asset (2.959625ms)
✔ rejects changed-video (2.509708ms)
✔ rejects wrong-manifest (2.467042ms)
✔ rejects unreviewed (2.67025ms)
✔ rejects placeholder (2.399625ms)
✔ rejects future-version (2.543667ms)
✔ rejects same-run (2.74825ms)
✔ CLI refuses to overwrite existing output (26.970291ms)
✔ security rejects invented-transition (2.971166ms)
✔ security rejects private-symlink (4.152083ms)
✔ security rejects parent-traversal (2.655917ms)
✔ security rejects outside-absolute (2.626042ms)
✔ security rejects missing-duration (2.588708ms)
✔ security rejects nan-duration (2.573958ms)
✔ security rejects negative-scene (2.615ms)
✔ security rejects utc-string (2.439167ms)
✔ security rejects rollover-date (2.365459ms)
✔ security rejects credential-body (25.883833ms)
✔ security rejects wrong-run (2.766ms)
✔ security rejects wrong-prd (2.748667ms)
✔ security rejects unknown-input (2.283209ms)
✔ security rejects old-command-report (3.283958ms)
✔ security rejects changed-recovery (2.6615ms)
✔ security rejects output-private (2.119292ms)
✔ rejects credential-like text derived from command report before config write (28.217334ms)
✔ accepts actual unchanged authoritative microsecond UTC ledger timestamps (4.266958ms)
✔ rejects noncanonical ledger 2026-02-30T21:37:33.079009+00:00 (2.075917ms)
✔ rejects noncanonical ledger 2026-09-21T21:37:33.079009+09:00 (2.022625ms)
✔ rejects noncanonical ledger Mon, 21 Sep 2026 21:37:33 GMT (2.328666ms)
✔ supports exactly product1.4.0/PRD1.11 with fully matching evidence (3.5885ms)
✔ rejects unreviewed matching product 1.4.1 (2.549917ms)
✔ rejects unreviewed matching product 1.4.0-rc.1 (2.65425ms)
✔ rejects unreviewed matching product 1.5.1 (2.966541ms)
✔ rejects unreviewed matching product 1.5.0-rc.1 (2.592958ms)
✔ rejects unreviewed matching product 1.6.1 (2.452291ms)
✔ rejects unreviewed matching product 1.6.0-rc.1 (2.606959ms)
✔ rejects unreviewed matching product 1.7.0 (2.431666ms)
✔ rejects unreviewed matching product 2.0.0 (2.470292ms)
✔ supports exactly product1.5.0/PRD1.12 with fully matching evidence (3.256375ms)
✔ supports exactly product1.6.0/PRD1.13 while retaining same receipt scenes (3.24825ms)
✔ remaining time caps child work and rejects late receipts without extending original deadline (1.308583ms)
✔ hung synchronous tool is killed within remaining budget (123.785375ms)
✔ watchdog kills blocked worker and its owned subprocess group (475.2095ms)
✔ normal rehearsal tool succeeds inside finite budget (19.737209ms)
✔ reaped or reused worker and changed descendant identities are never signalled (0.432375ms)
✔ normal supervisor exit leaves unrelated live process alone (52.961334ms)
✔ final recorder reserve stops work early without extending deadline or shortening rehearsal (0.432833ms)
✔ final media binds approved content digest, run, runtime and frozen window (0.418209ms)
✔ syntactically valid but different image digest is rejected (0.137917ms)
✔ mismatched release/run/runtime/version and invalid or expired schedule fail closed (0.153167ms)
✔ lifecycle scene plan gates owned mutations and captures registration before controls (0.908041ms)
✔ unspecified lifecycle preserves prior rehearsal registration and scenario action formats (0.140542ms)
✔ actual registration request fingerprint must exactly match intent before response capture (0.18375ms)
✔ receipt demonstration is exact1.5/1.6 gated and wide RTU metrics are never cropped (0.40475ms)
✔ health precedence and exact real-time boundaries (0.899208ms)
✔ CSV/TSV BOM and Korean aliases, unit and missing weather (2.257792ms)
✔ linear 300/599/600 boundaries and last interval hold, no wrapping interpolation (0.22125ms)
✔ mean/kWh energy holds original interval without claiming ramp-adjusted energy (0.52ms)
✔ direction shortest arc and optional missing data never backwards-filled (0.176208ms)
✔ strict actual dates, offsets, seconds, leap years (0.199292ms)
✔ invalid CSV errors identify original row/field; duplicate, reverse, gap, NaN, empty (0.847917ms)
✔ registration validates whole input and generates correct hybrid IDs and virtual coordinates (0.806833ms)
✔ CSV total allocation and hybrid separate allocation, voltage/current provenance (0.583667ms)
✔ weather wind power cubic/rated/cut-out and custom interpolation (0.253125ms)
✔ solar temperature correction, saturation, efficiency and manual night irradiance (0.437083ms)
✔ ramp, stopping, fractional startup and actuator freeze (0.291583ms)
✔ percentage limit and rated reductions, unchanged CSV power on weather-only edit (0.1545ms)
✔ all PATCH validators are atomic including RNG and source metadata (0.35275ms)
✔ LCG common noise, independent fault RNG, snapshot deterministic replay and pause (0.310791ms)
✔ separate irradiance CSV aligns source timestamp and falls back outside range (0.202625ms)
✔ frame includes complete state and excludes custom curve data; API retains curve (0.164667ms)
✔ loop count records actual dataset wraps, not seeks, and survives scenario JSON snapshots (0.178208ms)
✔ preserves exact config, release, all source files including itself, and upload hashes (8.29375ms)
✔ rejects config-secret before creating output (2.359334ms)
✔ rejects http-credentials before creating output (2.82925ms)
✔ rejects mqtt-credentials before creating output (2.422042ms)
✔ rejects private-upload before creating output (2.537041ms)
✔ rejects private-symlink before creating output (2.769209ms)
✔ rejects credential-outside-private before creating output (2.503875ms)
✔ rejects upload-secret before creating output (2.618708ms)
✔ stalled child is killed within command budget, without printing sensitive stdout (156.49525ms)
✔ original deadline and total budget reject subsequent launch instead of resetting on retry (1.057875ms)
✔ expired remote snapshot never creates a partial or final file (28.4705ms)
✔ snapshot failure leaves only private partial; existing verified final is preserved (68.996291ms)
✔ successful online snapshot publishes complete private SQLite then compression preserves bytes (70.3495ms)
✔ one MiB encoded chunk and final short chunk flush completely with matching byte hashes (46.535916ms)
✔ outbox capture uses identical hardened source, exact verified pod and unchanged original deadline (1.477666ms)
✔ incomplete, unverified or failed snapshot cannot advance into restart proof (2.894792ms)
✔ network recovery resumes from evidence while freeze and deadline remain authoritative (0.345625ms)
✔ independent actual backup CLI hung discovery stops within original deadline and keeps sensitive child output private (2510.467667ms)
✔ independent actual backup CLI expired original deadline launches no kubectl (29.658583ms)
✔ independent budget expiration blocks a second command launch (21.308833ms)
✔ independent snapshot expired remote deadline creates neither final nor part (22.455792ms)
✔ independent HTTP command export preserves persisted observations across old run, absent fields, auth and RTU selection without writes (32.045166ms)
✔ command list observer requires exact target/version/digest/private path before I/O (0.377167ms)
✔ remote observation forbids controlled faults unless explicit actual-only (0.097417ms)
✔ expiresAt accepts explicit ISO zones/fractions and rejects permissive Date.parse calendar normalization (3.711459ms)
✔ expiresAt-only body change conflicts; equal priority supersedes overlapping but disjoint remains active (0.591416ms)
✔ physical database reopen restores unfinished deadline; timeout retains setting until explicit stop makes power zero (5.027375ms)
✔ actual model API cleanup restores owned settings only, remains idempotent and does not rewind dynamic time/output (52.357041ms)
✔ lost write response is reconciled without replaying already applied patch (23.587458ms)
✔ lost registration response identifies unique candidate but cannot invent initial baseline or write (14.52925ms)
✔ pre-existing or wrong registration ID and changed owned run fail closed (13.905667ms)
✔ expired deadline and wrong journal scope fail before writes; existing differences are report-only (19.407833ms)
✔ planned same-owned scenario HTTP200 transition preserves original settings baseline (32.028875ms)
✔ wrong scenario owner and unresolved planned response never authorize cleanup (19.482208ms)
✔ begin reuses unchanged baseline without rewriting file and rejects changed pre-existing settings (7.779541ms)
✔ actual201 ownership and cleanup tolerate independent server clock offset -30000 (29.997166ms)
✔ actual201 ownership and cleanup tolerate independent server clock offset 30000 (21.609291ms)
✔ lost registration with independent clock still never creates a baseline or writes (14.912792ms)
✔ readonly event harness requires explicit matching reviewed target before I/O (0.53675ms)
✔ event source gate refuses missing version/hash/token/output and unsafe path (0.117709ms)
✔ form cleanup permits only captured plant/generator identities and PATCH routes (0.367084ms)
✔ independent delivery fixture proves only artifact consistency, never completion (47.368834ms)
✔ independent delivery rejects changed cleanup receipt (44.394541ms)
✔ independent delivery rejects missing reviewed facts (44.909125ms)
✔ independent delivery rejects missing binder inventory (45.985542ms)
✔ independent delivery rejects changed binding command report (46.476458ms)
✔ independent delivery rejects invented recovery with changed existing RTU (43.574042ms)
✔ independent delivery rejects changed source manifest (44.357875ms)
✔ independent delivery rejects failed package validation (43.861917ms)
✔ independent delivery rejects same release different reviewed video (45.486958ms)
✔ independent delivery rejects missing deadline source (43.167833ms)
✔ independent delivery rejects empty reproduction list (43.742833ms)
✔ independent delivery rejects wrong config hash (44.418833ms)
✔ independent delivery rejects both image digests invalid (43.600958ms)
✔ expired actual outbox CLI launches no kubectl (41.008ms)
✔ actual outbox CLI hung discovery ends at original deadline without sensitive child output (3012.1545ms)
✔ non-loopback override is rejected before any token-bearing HTTP or kubectl (50.032333ms)
✔ actual MQTT connection block owns and closes client when connection arrives after budget (54.4435ms)
✔ actual recovery port configuration preserves defaults and rejects conflicting or invalid ports (2.789334ms)
✔ actual observer callback ignores malformed and unrelated JSON and preserves exact matching body (0.627375ms)
✔ backup runtime identity rejects old rollout pod, wrong digest, unavailable or ambiguous ready pods (0.898083ms)
✔ independent preview: summaries scan beyond display rows; hidden invalid row is rejected by preview and registration (7.66475ms)
✔ independent preview HTTP: existing model and every persistent table unchanged, no MQTT connection path invoked (26.106667ms)
✔ receipt browser target rejects primary, external, credentials and mode mismatch before I/O (0.388875ms)
✔ isolated restore requires exact approved lowercase digest, private token and approved receipt versions (0.17025ms)
✔ default local mode remains isolated3109 with original private candidate token (0.045292ms)
✔ approved1.6 receipt target separateslocalport/token and keepsrestore safeguards (0.089375ms)
✔ approved1.7 receipt fixture is isolated3111 and refuses prior or primary ports (0.090208ms)
✔ independent review: generated sample files accepted by production parser (32.000167ms)
✔ independent review: delayed KMA HTTP result cannot overwrite newer manual edit or station (28.225333ms)
✔ actual release verifier expired boundary (26.477208ms)
✔ actual release verifier hang boundary (2511.839625ms)
✔ actual release verifier failure boundary (390.344666ms)
✔ actual release verifier normal boundary (556.023292ms)
✔ offline manifest verification remains independent of run deadline (30.133ms)
✔ at-commit still hashes committed evidence when working file differs (94.883709ms)
✔ restore manifest enforces streamed source/destination SHA before app start and retains isolated read-only source (483.208708ms)
✔ wrong snapshot SHA fails before copy; optional argument keeps legacy command compatibility (424.4205ms)
✔ matching hashes do not replace SQLite integrity validation (355.129666ms)
✔ hung apply is killed by remaining deadline without raw output or automatic retry (3017.042ms)
✔ expired or missing run fails closed without even a discovery or apply (77.902125ms)
✔ prune deletes old acknowledged frames/outbox while preserving old pending/unbatched data, command IDs and scenarios (1.664584ms)
✔ poll cadence and telemetry gaps remain distinct; legacy alias remains poll gap (0.283541ms)
✔ connection transition counts survive retry errors without double-counting close before first connect (0.569542ms)
✔ independent auditor accepts genuine ramp-down output above new available power and nullable electrical observations (3.998959ms)
✔ independent auditor rejects missing generator control fields (0.720459ms)
✔ independent auditor rejects empty weather (0.500375ms)
✔ independent auditor rejects null faults (0.443333ms)
✔ independent auditor rejects non ISO source timestamp (0.474833ms)
✔ independent auditor rejects non ISO observation timestamp (0.4095ms)
✔ verified IPC followed by worker failure never promotes partial or reveals worker diagnostics (42.27775ms)
✔ existing immutable final is preserved and prevents worker work (21.674208ms)
✔ noncooperative synchronous worker is killed without final publication (376.5255ms)
✔ hostile nonnumeric values produce fixed errors without reflecting input (0.402584ms)
✔ four-digit year upper boundary accepts9999 and refuses10000 without rounding inputs (0.642ms)
✔ invalid numeric clock fails closed and fractional valid input stays unchanged (0.292417ms)
✔ command transport explicitly refuses redirect replay and never reads error bodies (0.418291ms)
✔ receipt reason redacts credential URLs even with embedded controls and known normalized secrets (0.215959ms)
✔ unknown response and HTTP failure retain original identity without an automatic POST retry (0.981709ms)
✔ per-device identity/auth overrides are separate from common defaults and LWT topics are exact (2.184416ms)
✔ malicious timestamp and fallback contents are never returned or coerced (0.340375ms)
✔ fixture requires exact explicit read target version hash and private token path (0.170625ms)
✔ event regression candidate1.7 remains read-only and requires its exact3111 target (0.064583ms)
✔ runtime keeps tick/prune/shutdown alive when audit and storage both fail (19.913916ms)
✔ shutdown closes HTTP and SQLite even if transport stop rejects (2.215333ms)
✔ unauthenticated health/config contain no configured credentials; protected state requires token (4.606875ms)
✔ public config exact allowlist and authenticated downloads never echo the credential (4.911792ms)
✔ untrusted error metadata never becomes a diagnostic category or raw text (5.960167ms)
✔ JSON null arrays and hostile object keys remain sanitized failures (3.279334ms)
✔ non-2xx body is never parsed; remote failure retains explicitly historical local proof (2.423375ms)
✔ durable atomic model/frame, immutable sequence and byte/run/count batches (41.101333ms)
✔ retention keeps unacknowledged messages, unbatched frames, command IDs and scenarios (0.772959ms)
✔ successful local proof records bounded categories and normal read sequence (18.845667ms)
✔ local diagnosis health health_not_ok does not publish raw data (5.963708ms)
✔ local diagnosis health version_mismatch does not publish raw data (4.610416ms)
✔ local diagnosis health broker_disconnected does not publish raw data (4.375292ms)
✔ local diagnosis config version_mismatch does not publish raw data (4.628042ms)
✔ local diagnosis config authentication_not_required does not publish raw data (4.421667ms)
✔ local diagnosis state version_mismatch does not publish raw data (4.617334ms)
✔ local diagnosis state invalid_state does not publish raw data (3.934792ms)
✔ local diagnosis state broker_disconnected does not publish raw data (3.856708ms)
✔ local diagnosis state http_status does not publish raw data (3.94275ms)
✔ local diagnosis config invalid_json does not publish raw data (3.54725ms)
✔ local diagnosis state timeout does not publish raw data (1006.909ms)
✔ interrupted HTTP response body is a transport failure, not invalid JSON (28.075375ms)
✔ credential, TCP and HTTP listener failures have distinct sanitized phases (13.259458ms)
✔ changed failure category is recorded while equivalent repeated failures stay deduplicated (9.623125ms)
✔ controlled kubectl outage retries with cap and recovers read-only with exact image/auth (725.138125ms)
✔ wrong remote image blocks forwarding and does not replay writes (366.407042ms)
✔ occupied unrelated ports are neither killed nor replaced (361.5945ms)
✔ existing healthy external forward survives supervisor freeze, deadline and stop (400.013417ms)
✔ singleton excludes same-process duplicate, replaces verified stale PID identity, refuses incomplete lock (15.718541ms)
✔ invalid startup configuration fails closed and does not spawn commands (6.157833ms)
✔ deadline stops only owned forward; expected-image update is revalidated (574.744584ms)
✔ local-only owned forward loss records a new outage and recovery without remote failure (606.045458ms)
✔ unhealthy still-running owned forward records outage before replacement (546.879292ms)
✔ real model and store split full SCADA into valid size-bounded packets, including equal wall timestamps (65.242916ms)
✔ same-body QoS1 duplicate is counted; a changed body with same ID is an anomaly (0.951834ms)
✔ shared sequence jumps, sensor gaps, restored run and baseline changes are contextual observations (0.752542ms)
✔ independent structural defects are reported without throwing on malformed samples (1.564417ms)
✔ RTU identity, retained delivery and bounded dedup scope remain explicit (1.334417ms)
✔ storage failure during pump keeps row retryable and other event errors never escape (24.120166ms)
✔ delayed storage failure and PUBACK ack failure retain original queue row for retry (68.5075ms)
✔ per RTU independent inflight; only PUBACK removes immutable row; malformed and retained rejected (37.029125ms)
✔ connection client IDs remain caller-specific with common auth configuration (0.204292ms)
✔ delayed pump reads latest model object and REST receipts persist (16.99075ms)
✔ provided 55-row wind TSV preserves voltage and proportional original-current estimate (3.806541ms)
✔ hybrid combined total distributes by rated capacity without inferring fuel from power shape (0.557917ms)
✔ KMA SFCTM2 field fixture uses index11 temperature, 10 degree wind and KST time (1.371833ms)
✔ KMA malformed/stale/future/out-of-range/wrong-station responses fail (0.294125ms)
✔ live refresh preserves irradiance; request has current observation parameters and no old tm (1.753166ms)
✔ automatic manual/frozen skips; explicit lookup enters weather mode and releases freeze (0.302542ms)
✔ failed live observations retain all last-valid values, source and timestamp without auth leaks (0.274042ms)
✔ missing direction preserves previous direction; SI never interpreted as irradiance (0.156666ms)
✔ manual edit during in-flight request is protected, including explicit request (0.309791ms)
ℹ tests 302
ℹ suites 0
ℹ pass 302
ℹ fail 0
ℹ cancelled 0
ℹ skipped 0
ℹ todo 0
ℹ duration_ms 36263.418667
