
> grid-vpp-emulator@1.5.0 test
> node --test --test-concurrency=1 tests/*.test.js

✔ malformed, null, array, oversized, retained and cross-RTU statuses rejected (0.945541ms)
✔ only allowlisted fields survive; raw credentials and controls are removed from reason (0.348875ms)
✔ command export authenticates, omits raw fields and scrubs secrets from all configuration layers (32.224708ms)
✔ export DTO keeps only typed snapshots, records redaction, and makes no de-identification/replay promise (0.776458ms)
✔ explicit broker URL password is treated as known credential in informational IDs (0.17ms)
✔ control normalization cannot expose known secrets or create empty replacement patterns (0.166708ms)
✔ control characters cannot split a credential URL to bypass export redaction (1.332958ms)
✔ export target and observed values preserve real accepted, executing and completed command semantics (6.537333ms)
✔ HTTP export has latest20 only, original run IDs, RTU isolation and no persistent or control side effects (31.150167ms)
✔ original1.4 browser fixture remains tied to its known local API and bundle (0.350625ms)
✔ new1.5 browser fixture requires an explicit reviewed bundle before any writes (0.210458ms)
✔ all fixture modes refuse primary and mismatched endpoints (0.108667ms)
✔ restore mode uses isolated ports and remote credentials with explicit candidate identity (0.040834ms)
✔ unreviewed product or target modes fail closed (0.065958ms)
✔ server numeric boundaries and fractional values remain exact (1.467083ms)
✔ empty and nonfinite inputs never become silent defaults or valid commands (0.086334ms)
✔ zero and fractional expiry use one supplied clock without business duration cap (0.4495ms)
✔ overflow and valid Date extended year yield field errors rather than exceptions (0.112ms)
✔ target0 and availability-exceeding targets are not clamped; server still decides rated limit (0.065083ms)
✔ observation requires exact original command identity, action, REST and known status (0.52975ms)
✔ synchronous perRTU POST guard survives callers and releases before following state GET (2.900209ms)
✔ confirmed POST survives state failure; failed POST stays unconfirmed without retry (0.298833ms)
✔ explicit recheck is single in-flight, preserves confirmed on missing/error and rejects regression (0.242333ms)
✔ lost response resolves only by matching stored ID, never another row; last20 preserves uncertainty (0.442542ms)
✔ late recheck does not resurrect evicted receipt or overwrite anotherRTU (0.993417ms)
✔ late state refresh cannot replace a newer refresh and cannot erase rechecked status (0.976ms)
✔ 15s production request boundary includes stalled response body, HTTP ignores body,401auth preserved (17.913708ms)
✔ remote management fails closed without strong token (0.450375ms)
✔ exact bearer token required and topic wildcards forbidden (0.089917ms)
✔ configuration bounds and credential redaction (0.190208ms)
✔ zero available power does not complete start while fractional startup remains (4.07875ms)
✔ already expired and latency-expired requests leave SCADA settings unchanged (5.377333ms)
✔ canonical global dedup, validation atomicity, priority intersections (7.317291ms)
✔ expiry before dispatch; sensor freeze cannot complete; restart deadline real time (0.945459ms)
✔ target checks every allocated device and signed actual error, then completion (0.408167ms)
✔ stop clears pending startup and completed requires a post-dispatch model sample (0.313833ms)
✔ failed durable dispatch rolls back model, command cache and outbox together (0.486709ms)
✔ setpoint action validation applies even to known duplicate IDs (0.219542ms)
✔ outer model transaction rollback also restores nested command cancellation cache (0.258875ms)
✔ parser diagnostics never echo malformed CSV field contents (1.974541ms)
✔ prototype names remain unknown columns and never enter normalized DTOs (1.785708ms)
✔ 100000 rows are accepted; excessive rows abort before parsing trailing malformed input (339.650584ms)
✔ HTTP preview returns bounded diagnostics and authenticates before malformed input (68.260959ms)
✔ preflight caps columns before allocation and preserves quoted commas, escapes and newlines (2.211708ms)
✔ preview agrees with registration units, interpolation and time zones (3.48075ms)
✔ preview bounds output and preserves TSV electrical fields without emitting unknown CSV columns (1.538542ms)
✔ hybrid preview follows combined-total precedence and split sum exactly (0.218375ms)
✔ preview uses existing row validation and rejects invalid request shapes (0.285666ms)
✔ authenticated preview has no database, controller, RTU or transport side effects (66.353792ms)
✔ deadline command preserves successful proof bytes but withholds failed child secrets (282.301333ms)
✔ expired, missing or invalid original deadline never starts the supplied command (174.708292ms)
✔ original remaining time caps a larger host timeout and uncertain output is withheld (2017.79225ms)
✔ host timeout terminates descendants only in the process group it created (3264.5895ms)
✔ successful leader exit stops residual group members before its PID is reaped (1331.04225ms)
✔ combined child output is capped while running and never emitted after failure (85.493959ms)
✔ SIGTERM to the wrapper stops its owned command group with no success output (2274.775834ms)
✔ binds real offsets, hashes, same video assets and relative reference (9.0365ms)
✔ rejects late (2.770791ms)
✔ rejects missing-asset (3.306084ms)
✔ rejects changed-video (3.124583ms)
✔ rejects wrong-manifest (2.591917ms)
✔ rejects unreviewed (2.48375ms)
✔ rejects placeholder (2.709458ms)
✔ rejects future-version (2.53275ms)
✔ rejects same-run (2.592167ms)
✔ CLI refuses to overwrite existing output (29.008167ms)
✔ security rejects invented-transition (3.058583ms)
✔ security rejects private-symlink (4.320125ms)
✔ security rejects parent-traversal (2.906792ms)
✔ security rejects outside-absolute (2.865166ms)
✔ security rejects missing-duration (2.603125ms)
✔ security rejects nan-duration (2.553959ms)
✔ security rejects negative-scene (2.395625ms)
✔ security rejects utc-string (2.383708ms)
✔ security rejects rollover-date (2.308916ms)
✔ security rejects credential-body (25.730917ms)
✔ security rejects wrong-run (2.4795ms)
✔ security rejects wrong-prd (2.607375ms)
✔ security rejects unknown-input (2.202291ms)
✔ security rejects old-command-report (3.181833ms)
✔ security rejects changed-recovery (2.5905ms)
✔ security rejects output-private (2.172542ms)
✔ rejects credential-like text derived from command report before config write (28.65375ms)
✔ accepts actual unchanged authoritative microsecond UTC ledger timestamps (4.126375ms)
✔ rejects noncanonical ledger 2026-02-30T21:37:33.079009+00:00 (2.181875ms)
✔ rejects noncanonical ledger 2026-09-21T21:37:33.079009+09:00 (2.070292ms)
✔ rejects noncanonical ledger Mon, 21 Sep 2026 21:37:33 GMT (2.028333ms)
✔ supports exactly product1.4.0/PRD1.11 with fully matching evidence (3.886209ms)
✔ rejects unreviewed matching product 1.4.1 (2.508125ms)
✔ rejects unreviewed matching product 1.4.0-rc.1 (2.506375ms)
✔ rejects unreviewed matching product 1.5.1 (3.097708ms)
✔ rejects unreviewed matching product 1.5.0-rc.1 (2.867042ms)
✔ rejects unreviewed matching product 1.6.0 (2.505042ms)
✔ rejects unreviewed matching product 2.0.0 (2.577916ms)
✔ supports exactly product1.5.0/PRD1.12 with fully matching evidence (2.954667ms)
✔ remaining time caps child work and rejects late receipts without extending original deadline (1.227458ms)
✔ hung synchronous tool is killed within remaining budget (124.184041ms)
✔ watchdog kills blocked worker and its owned subprocess group (469.607042ms)
✔ normal rehearsal tool succeeds inside finite budget (18.575166ms)
✔ reaped or reused worker and changed descendant identities are never signalled (0.435541ms)
✔ normal supervisor exit leaves unrelated live process alone (52.015209ms)
✔ final recorder reserve stops work early without extending deadline or shortening rehearsal (0.405458ms)
✔ final media binds approved content digest, run, runtime and frozen window (0.413084ms)
✔ syntactically valid but different image digest is rejected (0.136417ms)
✔ mismatched release/run/runtime/version and invalid or expired schedule fail closed (0.146042ms)
✔ lifecycle scene plan gates owned mutations and captures registration before controls (0.925375ms)
✔ unspecified lifecycle preserves prior rehearsal registration and scenario action formats (0.417958ms)
✔ actual registration request fingerprint must exactly match intent before response capture (0.267625ms)
✔ health precedence and exact real-time boundaries (1.100125ms)
✔ CSV/TSV BOM and Korean aliases, unit and missing weather (2.193708ms)
✔ linear 300/599/600 boundaries and last interval hold, no wrapping interpolation (0.222666ms)
✔ mean/kWh energy holds original interval without claiming ramp-adjusted energy (0.686917ms)
✔ direction shortest arc and optional missing data never backwards-filled (0.229125ms)
✔ strict actual dates, offsets, seconds, leap years (0.254625ms)
✔ invalid CSV errors identify original row/field; duplicate, reverse, gap, NaN, empty (0.785042ms)
✔ registration validates whole input and generates correct hybrid IDs and virtual coordinates (0.825416ms)
✔ CSV total allocation and hybrid separate allocation, voltage/current provenance (0.549125ms)
✔ weather wind power cubic/rated/cut-out and custom interpolation (0.253834ms)
✔ solar temperature correction, saturation, efficiency and manual night irradiance (0.386583ms)
✔ ramp, stopping, fractional startup and actuator freeze (0.189292ms)
✔ percentage limit and rated reductions, unchanged CSV power on weather-only edit (0.116ms)
✔ all PATCH validators are atomic including RNG and source metadata (0.315209ms)
✔ LCG common noise, independent fault RNG, snapshot deterministic replay and pause (0.307666ms)
✔ separate irradiance CSV aligns source timestamp and falls back outside range (0.258375ms)
✔ frame includes complete state and excludes custom curve data; API retains curve (0.206875ms)
✔ loop count records actual dataset wraps, not seeks, and survives scenario JSON snapshots (0.18175ms)
✔ preserves exact config, release, all source files including itself, and upload hashes (8.56225ms)
✔ rejects config-secret before creating output (2.618584ms)
✔ rejects http-credentials before creating output (2.583917ms)
✔ rejects mqtt-credentials before creating output (2.361125ms)
✔ rejects private-upload before creating output (2.571084ms)
✔ rejects private-symlink before creating output (2.431833ms)
✔ rejects credential-outside-private before creating output (2.624708ms)
✔ rejects upload-secret before creating output (2.695875ms)
✔ stalled child is killed within command budget, without printing sensitive stdout (157.513292ms)
✔ original deadline and total budget reject subsequent launch instead of resetting on retry (0.903375ms)
✔ expired remote snapshot never creates a partial or final file (25.967333ms)
✔ snapshot failure leaves only private partial; existing verified final is preserved (46.426ms)
✔ successful online snapshot publishes complete private SQLite then compression preserves bytes (56.621792ms)
✔ one MiB encoded chunk and final short chunk flush completely with matching byte hashes (48.38175ms)
✔ network recovery resumes from evidence while freeze and deadline remain authoritative (0.403458ms)
✔ independent actual backup CLI hung discovery stops within original deadline and keeps sensitive child output private (817.299541ms)
✔ independent actual backup CLI expired original deadline launches no kubectl (39.60175ms)
✔ independent budget expiration blocks a second command launch (24.013791ms)
✔ independent snapshot expired remote deadline creates neither final nor part (23.177917ms)
✔ independent HTTP command export preserves persisted observations across old run, absent fields, auth and RTU selection without writes (31.60325ms)
✔ expiresAt accepts explicit ISO zones/fractions and rejects permissive Date.parse calendar normalization (3.515542ms)
✔ expiresAt-only body change conflicts; equal priority supersedes overlapping but disjoint remains active (0.565042ms)
✔ physical database reopen restores unfinished deadline; timeout retains setting until explicit stop makes power zero (5.431ms)
✔ actual model API cleanup restores owned settings only, remains idempotent and does not rewind dynamic time/output (49.097583ms)
✔ lost write response is reconciled without replaying already applied patch (25.614083ms)
✔ lost registration response identifies unique candidate but cannot invent initial baseline or write (14.163625ms)
✔ pre-existing or wrong registration ID and changed owned run fail closed (13.136541ms)
✔ expired deadline and wrong journal scope fail before writes; existing differences are report-only (19.344791ms)
✔ planned same-owned scenario HTTP200 transition preserves original settings baseline (29.101584ms)
✔ wrong scenario owner and unresolved planned response never authorize cleanup (25.342541ms)
✔ begin reuses unchanged baseline without rewriting file and rejects changed pre-existing settings (6.588958ms)
✔ actual201 ownership and cleanup tolerate independent server clock offset -30000 (19.98325ms)
✔ actual201 ownership and cleanup tolerate independent server clock offset 30000 (21.05625ms)
✔ lost registration with independent clock still never creates a baseline or writes (18.176916ms)
✔ independent delivery fixture proves only artifact consistency, never completion (47.753792ms)
✔ independent delivery rejects changed cleanup receipt (44.141042ms)
✔ independent delivery rejects missing reviewed facts (42.857625ms)
✔ independent delivery rejects missing binder inventory (44.758459ms)
✔ independent delivery rejects changed binding command report (44.083542ms)
✔ independent delivery rejects invented recovery with changed existing RTU (43.369416ms)
✔ independent delivery rejects changed source manifest (43.07525ms)
✔ independent delivery rejects failed package validation (43.270417ms)
✔ independent delivery rejects same release different reviewed video (43.485625ms)
✔ independent delivery rejects missing deadline source (43.768042ms)
✔ independent delivery rejects empty reproduction list (46.249125ms)
✔ independent delivery rejects wrong config hash (43.163875ms)
✔ independent delivery rejects both image digests invalid (43.139625ms)
✔ expired actual outbox CLI launches no kubectl (40.176292ms)
✔ actual outbox CLI hung discovery ends at original deadline without sensitive child output (3013.140959ms)
✔ non-loopback override is rejected before any token-bearing HTTP or kubectl (50.764042ms)
✖ actual MQTT connection block owns and closes client when connection arrives after budget (1.139375ms)
✔ actual observer callback ignores malformed and unrelated JSON and preserves exact matching body (0.518458ms)
✔ backup runtime identity rejects old rollout pod, wrong digest, unavailable or ambiguous ready pods (0.839583ms)
✔ independent preview: summaries scan beyond display rows; hidden invalid row is rejected by preview and registration (7.617667ms)
✔ independent preview HTTP: existing model and every persistent table unchanged, no MQTT connection path invoked (26.452333ms)
✔ independent review: generated sample files accepted by production parser (31.349667ms)
✔ independent review: delayed KMA HTTP result cannot overwrite newer manual edit or station (29.125583ms)
✔ actual release verifier expired boundary (24.813208ms)
✔ actual release verifier hang boundary (2511.305583ms)
✔ actual release verifier failure boundary (400.33225ms)
✔ actual release verifier normal boundary (417.022458ms)
✔ offline manifest verification remains independent of run deadline (25.679792ms)
✔ at-commit still hashes committed evidence when working file differs (88.881583ms)
✔ restore manifest enforces streamed source/destination SHA before app start and retains isolated read-only source (470.264125ms)
✔ wrong snapshot SHA fails before copy; optional argument keeps legacy command compatibility (400.150208ms)
✔ matching hashes do not replace SQLite integrity validation (275.575458ms)
✔ hung apply is killed by remaining deadline without raw output or automatic retry (3019.130042ms)
✔ expired or missing run fails closed without even a discovery or apply (78.00475ms)
✔ prune deletes old acknowledged frames/outbox while preserving old pending/unbatched data, command IDs and scenarios (1.806541ms)
✔ poll cadence and telemetry gaps remain distinct; legacy alias remains poll gap (0.287084ms)
✔ connection transition counts survive retry errors without double-counting close before first connect (0.56025ms)
✔ independent auditor accepts genuine ramp-down output above new available power and nullable electrical observations (3.668042ms)
✔ independent auditor rejects missing generator control fields (0.594583ms)
✔ independent auditor rejects empty weather (0.457125ms)
✔ independent auditor rejects null faults (0.428ms)
✔ independent auditor rejects non ISO source timestamp (0.484166ms)
✔ independent auditor rejects non ISO observation timestamp (0.57525ms)
✔ hostile nonnumeric values produce fixed errors without reflecting input (0.404625ms)
✔ four-digit year upper boundary accepts9999 and refuses10000 without rounding inputs (0.661875ms)
✔ invalid numeric clock fails closed and fractional valid input stays unchanged (0.311583ms)
✔ command transport explicitly refuses redirect replay and never reads error bodies (0.414791ms)
✔ receipt reason redacts credential URLs even with embedded controls and known normalized secrets (0.222791ms)
✔ unknown response and HTTP failure retain original identity without an automatic POST retry (0.927917ms)
✔ per-device identity/auth overrides are separate from common defaults and LWT topics are exact (2.392583ms)
✔ runtime keeps tick/prune/shutdown alive when audit and storage both fail (20.46125ms)
✔ shutdown closes HTTP and SQLite even if transport stop rejects (2.184417ms)
✔ unauthenticated health/config contain no configured credentials; protected state requires token (4.632041ms)
✔ public config exact allowlist and authenticated downloads never echo the credential (6.86825ms)
✔ untrusted error metadata never becomes a diagnostic category or raw text (5.84175ms)
✔ JSON null arrays and hostile object keys remain sanitized failures (3.33825ms)
✔ non-2xx body is never parsed; remote failure retains explicitly historical local proof (2.510625ms)
✔ durable atomic model/frame, immutable sequence and byte/run/count batches (40.659042ms)
✔ retention keeps unacknowledged messages, unbatched frames, command IDs and scenarios (0.634792ms)
✔ successful local proof records bounded categories and normal read sequence (18.761125ms)
✔ local diagnosis health health_not_ok does not publish raw data (6.096875ms)
✔ local diagnosis health version_mismatch does not publish raw data (4.647458ms)
✔ local diagnosis health broker_disconnected does not publish raw data (3.99175ms)
✔ local diagnosis config version_mismatch does not publish raw data (4.353709ms)
✔ local diagnosis config authentication_not_required does not publish raw data (4.328542ms)
✔ local diagnosis state version_mismatch does not publish raw data (4.547291ms)
✔ local diagnosis state invalid_state does not publish raw data (4.0945ms)
✔ local diagnosis state broker_disconnected does not publish raw data (3.714791ms)
✔ local diagnosis state http_status does not publish raw data (4.168167ms)
✔ local diagnosis config invalid_json does not publish raw data (3.439ms)
✔ local diagnosis state timeout does not publish raw data (1006.247333ms)
✔ interrupted HTTP response body is a transport failure, not invalid JSON (25.388625ms)
✔ credential, TCP and HTTP listener failures have distinct sanitized phases (12.300875ms)
✔ changed failure category is recorded while equivalent repeated failures stay deduplicated (10.351666ms)
✔ controlled kubectl outage retries with cap and recovers read-only with exact image/auth (707.5685ms)
✔ wrong remote image blocks forwarding and does not replay writes (432.844792ms)
✔ occupied unrelated ports are neither killed nor replaced (364.989333ms)
✔ existing healthy external forward survives supervisor freeze, deadline and stop (732.851792ms)
✔ singleton excludes same-process duplicate, replaces verified stale PID identity, refuses incomplete lock (16.186ms)
✔ invalid startup configuration fails closed and does not spawn commands (5.504375ms)
✔ deadline stops only owned forward; expected-image update is revalidated (685.659084ms)
✔ local-only owned forward loss records a new outage and recovery without remote failure (714.391125ms)
✔ unhealthy still-running owned forward records outage before replacement (1262.044417ms)
✔ real model and store split full SCADA into valid size-bounded packets, including equal wall timestamps (65.708958ms)
✔ same-body QoS1 duplicate is counted; a changed body with same ID is an anomaly (0.888125ms)
✔ shared sequence jumps, sensor gaps, restored run and baseline changes are contextual observations (0.811417ms)
✔ independent structural defects are reported without throwing on malformed samples (1.844417ms)
✔ RTU identity, retained delivery and bounded dedup scope remain explicit (1.151667ms)
✔ storage failure during pump keeps row retryable and other event errors never escape (24.030375ms)
✔ delayed storage failure and PUBACK ack failure retain original queue row for retry (67.517917ms)
✔ per RTU independent inflight; only PUBACK removes immutable row; malformed and retained rejected (35.331958ms)
✔ connection client IDs remain caller-specific with common auth configuration (0.182292ms)
✔ delayed pump reads latest model object and REST receipts persist (18.374833ms)
✔ provided 55-row wind TSV preserves voltage and proportional original-current estimate (3.658541ms)
✔ hybrid combined total distributes by rated capacity without inferring fuel from power shape (0.505958ms)
✔ KMA SFCTM2 field fixture uses index11 temperature, 10 degree wind and KST time (1.241083ms)
✔ KMA malformed/stale/future/out-of-range/wrong-station responses fail (0.279166ms)
✔ live refresh preserves irradiance; request has current observation parameters and no old tm (1.41675ms)
✔ automatic manual/frozen skips; explicit lookup enters weather mode and releases freeze (0.290875ms)
✔ failed live observations retain all last-valid values, source and timestamp without auth leaks (0.260209ms)
✔ missing direction preserves previous direction; SI never interpreted as irradiance (0.148042ms)
✔ manual edit during in-flight request is protected, including explicit request (0.314ms)
ℹ tests 262
ℹ suites 0
ℹ pass 261
ℹ fail 1
ℹ cancelled 0
ℹ skipped 0
ℹ todo 0
ℹ duration_ms 33195.673667

✖ failing tests:

test at tests/review-outbox-boundary.test.js:15:1
✖ actual MQTT connection block owns and closes client when connection arrives after budget (1.139375ms)
  AssertionError [ERR_ASSERTION]: The input did not match the regular expression /timed out/. Input:
  
  'process is not defined'
  
      at file:///Users/charleskoh/research/20260921-RALPTON/tests/review-outbox-boundary.test.js:24:172
      at process.processTicksAndRejections (node:internal/process/task_queues:104:5) {
    generatedMessage: true,
    code: 'ERR_ASSERTION',
    actual: 'process is not defined',
    expected: /timed out/,
    operator: 'match',
    diff: 'simple'
  }
