
> grid-vpp-emulator@1.5.0 test
> node --test --test-concurrency=1 tests/*.test.js

✔ malformed, null, array, oversized, retained and cross-RTU statuses rejected (0.624791ms)
✔ only allowlisted fields survive; raw credentials and controls are removed from reason (0.150125ms)
✔ command export authenticates, omits raw fields and scrubs secrets from all configuration layers (29.103042ms)
✔ export DTO keeps only typed snapshots, records redaction, and makes no de-identification/replay promise (0.700792ms)
✔ explicit broker URL password is treated as known credential in informational IDs (0.175375ms)
✔ control normalization cannot expose known secrets or create empty replacement patterns (0.159959ms)
✔ control characters cannot split a credential URL to bypass export redaction (1.145958ms)
✔ export target and observed values preserve real accepted, executing and completed command semantics (5.99775ms)
✔ HTTP export has latest20 only, original run IDs, RTU isolation and no persistent or control side effects (26.9935ms)
✔ original1.4 browser fixture remains tied to its known local API and bundle (0.309792ms)
✔ new1.5 browser fixture requires an explicit reviewed bundle before any writes (0.19275ms)
✔ all fixture modes refuse primary and mismatched endpoints (0.101667ms)
✔ restore mode uses isolated ports and remote credentials with explicit candidate identity (0.037542ms)
✔ unreviewed product or target modes fail closed (0.059167ms)
✔ server numeric boundaries and fractional values remain exact (1.381709ms)
✔ empty and nonfinite inputs never become silent defaults or valid commands (0.088709ms)
✔ zero and fractional expiry use one supplied clock without business duration cap (0.344375ms)
✔ overflow and valid Date extended year yield field errors rather than exceptions (0.0945ms)
✔ target0 and availability-exceeding targets are not clamped; server still decides rated limit (0.053792ms)
✔ observation requires exact original command identity, action, REST and known status (0.493459ms)
✔ synchronous perRTU POST guard survives callers and releases before following state GET (2.293167ms)
✔ confirmed POST survives state failure; failed POST stays unconfirmed without retry (0.220667ms)
✔ explicit recheck is single in-flight, preserves confirmed on missing/error and rejects regression (0.166792ms)
✔ lost response resolves only by matching stored ID, never another row; last20 preserves uncertainty (0.296375ms)
✔ late recheck does not resurrect evicted receipt or overwrite anotherRTU (0.64025ms)
✔ late state refresh cannot replace a newer refresh and cannot erase rechecked status (0.586167ms)
✔ 15s production request boundary includes stalled response body, HTTP ignores body,401auth preserved (17.554791ms)
✔ remote management fails closed without strong token (0.397ms)
✔ exact bearer token required and topic wildcards forbidden (0.079ms)
✔ configuration bounds and credential redaction (0.141334ms)
✔ zero available power does not complete start while fractional startup remains (3.448166ms)
✔ already expired and latency-expired requests leave SCADA settings unchanged (5.189583ms)
✔ canonical global dedup, validation atomicity, priority intersections (6.351ms)
✔ expiry before dispatch; sensor freeze cannot complete; restart deadline real time (0.842625ms)
✔ target checks every allocated device and signed actual error, then completion (0.362584ms)
✔ stop clears pending startup and completed requires a post-dispatch model sample (0.299583ms)
✔ failed durable dispatch rolls back model, command cache and outbox together (0.449667ms)
✔ setpoint action validation applies even to known duplicate IDs (0.204291ms)
✔ outer model transaction rollback also restores nested command cancellation cache (0.246291ms)
✔ parser diagnostics never echo malformed CSV field contents (1.702959ms)
✔ prototype names remain unknown columns and never enter normalized DTOs (1.583125ms)
✔ 100000 rows are accepted; excessive rows abort before parsing trailing malformed input (304.057417ms)
✔ HTTP preview returns bounded diagnostics and authenticates before malformed input (60.672417ms)
✔ preflight caps columns before allocation and preserves quoted commas, escapes and newlines (2.477625ms)
✔ preview agrees with registration units, interpolation and time zones (3.759ms)
✔ preview bounds output and preserves TSV electrical fields without emitting unknown CSV columns (1.566166ms)
✔ hybrid preview follows combined-total precedence and split sum exactly (0.216583ms)
✔ preview uses existing row validation and rejects invalid request shapes (0.265958ms)
✔ authenticated preview has no database, controller, RTU or transport side effects (78.632ms)
✔ deadline command preserves successful proof bytes but withholds failed child secrets (245.174833ms)
✔ expired, missing or invalid original deadline never starts the supplied command (163.288708ms)
✔ original remaining time caps a larger host timeout and uncertain output is withheld (2019.333833ms)
✔ host timeout terminates descendants only in the process group it created (3265.97225ms)
✔ successful leader exit stops residual group members before its PID is reaped (1315.396042ms)
✔ combined child output is capped while running and never emitted after failure (73.566917ms)
✔ SIGTERM to the wrapper stops its owned command group with no success output (2272.273292ms)
✔ binds real offsets, hashes, same video assets and relative reference (7.846ms)
✔ rejects late (2.653833ms)
✔ rejects missing-asset (3.0195ms)
✔ rejects changed-video (3.16925ms)
✔ rejects wrong-manifest (2.477333ms)
✔ rejects unreviewed (2.296083ms)
✔ rejects placeholder (2.581084ms)
✔ rejects future-version (2.42125ms)
✔ rejects same-run (2.467958ms)
✔ CLI refuses to overwrite existing output (30.214334ms)
✔ security rejects invented-transition (3.249583ms)
✔ security rejects private-symlink (4.443959ms)
✔ security rejects parent-traversal (2.739ms)
✔ security rejects outside-absolute (2.675333ms)
✔ security rejects missing-duration (2.412375ms)
✔ security rejects nan-duration (2.47625ms)
✔ security rejects negative-scene (2.419708ms)
✔ security rejects utc-string (2.488917ms)
✔ security rejects rollover-date (2.339708ms)
✔ security rejects credential-body (25.379083ms)
✔ security rejects wrong-run (2.564333ms)
✔ security rejects wrong-prd (2.761708ms)
✔ security rejects unknown-input (2.427459ms)
✔ security rejects old-command-report (3.01975ms)
✔ security rejects changed-recovery (2.611375ms)
✔ security rejects output-private (2.256667ms)
✔ rejects credential-like text derived from command report before config write (30.9935ms)
✔ accepts actual unchanged authoritative microsecond UTC ledger timestamps (4.26875ms)
✔ rejects noncanonical ledger 2026-02-30T21:37:33.079009+00:00 (2.192542ms)
✔ rejects noncanonical ledger 2026-09-21T21:37:33.079009+09:00 (2.347625ms)
✔ rejects noncanonical ledger Mon, 21 Sep 2026 21:37:33 GMT (2.391583ms)
✔ supports exactly product1.4.0/PRD1.11 with fully matching evidence (3.735208ms)
✔ rejects unreviewed matching product 1.4.1 (2.662584ms)
✔ rejects unreviewed matching product 1.4.0-rc.1 (2.473792ms)
✔ rejects unreviewed matching product 1.5.1 (2.900333ms)
✔ rejects unreviewed matching product 1.5.0-rc.1 (3.024875ms)
✔ rejects unreviewed matching product 1.6.0 (2.3985ms)
✔ rejects unreviewed matching product 2.0.0 (2.495209ms)
✔ supports exactly product1.5.0/PRD1.12 with fully matching evidence (3.329708ms)
✔ remaining time caps child work and rejects late receipts without extending original deadline (1.277625ms)
✔ hung synchronous tool is killed within remaining budget (124.289292ms)
✔ watchdog kills blocked worker and its owned subprocess group (469.462458ms)
✔ normal rehearsal tool succeeds inside finite budget (20.250959ms)
✔ reaped or reused worker and changed descendant identities are never signalled (0.446625ms)
✔ normal supervisor exit leaves unrelated live process alone (53.870042ms)
✔ final recorder reserve stops work early without extending deadline or shortening rehearsal (0.123166ms)
✔ final media binds approved content digest, run, runtime and frozen window (0.40975ms)
✔ syntactically valid but different image digest is rejected (0.137334ms)
✔ mismatched release/run/runtime/version and invalid or expired schedule fail closed (0.147708ms)
✔ lifecycle scene plan gates owned mutations and captures registration before controls (0.985958ms)
✔ unspecified lifecycle preserves prior rehearsal registration and scenario action formats (0.161375ms)
✔ actual registration request fingerprint must exactly match intent before response capture (0.216209ms)
✔ receipt demonstration is exact1.5 gated and wide RTU metrics are never cropped (0.339042ms)
✔ health precedence and exact real-time boundaries (0.851334ms)
✔ CSV/TSV BOM and Korean aliases, unit and missing weather (2.284167ms)
✔ linear 300/599/600 boundaries and last interval hold, no wrapping interpolation (0.241167ms)
✔ mean/kWh energy holds original interval without claiming ramp-adjusted energy (0.522708ms)
✔ direction shortest arc and optional missing data never backwards-filled (0.168ms)
✔ strict actual dates, offsets, seconds, leap years (0.20225ms)
✔ invalid CSV errors identify original row/field; duplicate, reverse, gap, NaN, empty (0.763583ms)
✔ registration validates whole input and generates correct hybrid IDs and virtual coordinates (0.783458ms)
✔ CSV total allocation and hybrid separate allocation, voltage/current provenance (0.53775ms)
✔ weather wind power cubic/rated/cut-out and custom interpolation (0.251166ms)
✔ solar temperature correction, saturation, efficiency and manual night irradiance (0.62775ms)
✔ ramp, stopping, fractional startup and actuator freeze (0.282583ms)
✔ percentage limit and rated reductions, unchanged CSV power on weather-only edit (0.18825ms)
✔ all PATCH validators are atomic including RNG and source metadata (0.483166ms)
✔ LCG common noise, independent fault RNG, snapshot deterministic replay and pause (0.332917ms)
✔ separate irradiance CSV aligns source timestamp and falls back outside range (0.28025ms)
✔ frame includes complete state and excludes custom curve data; API retains curve (0.191625ms)
✔ loop count records actual dataset wraps, not seeks, and survives scenario JSON snapshots (0.187958ms)
✔ preserves exact config, release, all source files including itself, and upload hashes (8.27025ms)
✔ rejects config-secret before creating output (2.462208ms)
✔ rejects http-credentials before creating output (2.343834ms)
✔ rejects mqtt-credentials before creating output (2.560792ms)
✔ rejects private-upload before creating output (2.68825ms)
✔ rejects private-symlink before creating output (2.760459ms)
✔ rejects credential-outside-private before creating output (2.703333ms)
✔ rejects upload-secret before creating output (2.600542ms)
✔ stalled child is killed within command budget, without printing sensitive stdout (156.571167ms)
✔ original deadline and total budget reject subsequent launch instead of resetting on retry (0.880541ms)
✔ expired remote snapshot never creates a partial or final file (26.57825ms)
✔ snapshot failure leaves only private partial; existing verified final is preserved (43.700917ms)
✔ successful online snapshot publishes complete private SQLite then compression preserves bytes (49.32475ms)
✔ one MiB encoded chunk and final short chunk flush completely with matching byte hashes (47.893625ms)
✔ network recovery resumes from evidence while freeze and deadline remain authoritative (0.379625ms)
✔ independent actual backup CLI hung discovery stops within original deadline and keeps sensitive child output private (810.3735ms)
✔ independent actual backup CLI expired original deadline launches no kubectl (32.484958ms)
✔ independent budget expiration blocks a second command launch (23.28375ms)
✔ independent snapshot expired remote deadline creates neither final nor part (20.5875ms)
✔ independent HTTP command export preserves persisted observations across old run, absent fields, auth and RTU selection without writes (31.241792ms)
✔ expiresAt accepts explicit ISO zones/fractions and rejects permissive Date.parse calendar normalization (3.664ms)
✔ expiresAt-only body change conflicts; equal priority supersedes overlapping but disjoint remains active (0.598333ms)
✔ physical database reopen restores unfinished deadline; timeout retains setting until explicit stop makes power zero (5.1655ms)
✔ actual model API cleanup restores owned settings only, remains idempotent and does not rewind dynamic time/output (49.352542ms)
✔ lost write response is reconciled without replaying already applied patch (22.724125ms)
✔ lost registration response identifies unique candidate but cannot invent initial baseline or write (15.249917ms)
✔ pre-existing or wrong registration ID and changed owned run fail closed (14.219917ms)
✔ expired deadline and wrong journal scope fail before writes; existing differences are report-only (19.316584ms)
✔ planned same-owned scenario HTTP200 transition preserves original settings baseline (29.914125ms)
✔ wrong scenario owner and unresolved planned response never authorize cleanup (19.31625ms)
✔ begin reuses unchanged baseline without rewriting file and rejects changed pre-existing settings (6.65925ms)
✔ actual201 ownership and cleanup tolerate independent server clock offset -30000 (19.006291ms)
✔ actual201 ownership and cleanup tolerate independent server clock offset 30000 (20.994209ms)
✔ lost registration with independent clock still never creates a baseline or writes (12.823625ms)
✔ independent delivery fixture proves only artifact consistency, never completion (46.988541ms)
✔ independent delivery rejects changed cleanup receipt (45.556333ms)
✔ independent delivery rejects missing reviewed facts (42.936791ms)
✔ independent delivery rejects missing binder inventory (43.762792ms)
✔ independent delivery rejects changed binding command report (43.973375ms)
✔ independent delivery rejects invented recovery with changed existing RTU (44.119334ms)
✔ independent delivery rejects changed source manifest (42.951917ms)
✔ independent delivery rejects failed package validation (43.205666ms)
✔ independent delivery rejects same release different reviewed video (43.899625ms)
✔ independent delivery rejects missing deadline source (45.598542ms)
✔ independent delivery rejects empty reproduction list (46.244792ms)
✔ independent delivery rejects wrong config hash (48.73125ms)
✔ independent delivery rejects both image digests invalid (47.552334ms)
✔ expired actual outbox CLI launches no kubectl (47.511625ms)
✔ actual outbox CLI hung discovery ends at original deadline without sensitive child output (3014.825834ms)
✔ non-loopback override is rejected before any token-bearing HTTP or kubectl (50.12925ms)
✔ actual MQTT connection block owns and closes client when connection arrives after budget (54.448583ms)
✔ actual recovery port configuration preserves defaults and rejects conflicting or invalid ports (2.968542ms)
✔ actual observer callback ignores malformed and unrelated JSON and preserves exact matching body (0.656417ms)
✔ backup runtime identity rejects old rollout pod, wrong digest, unavailable or ambiguous ready pods (0.899333ms)
✔ independent preview: summaries scan beyond display rows; hidden invalid row is rejected by preview and registration (7.467917ms)
✔ independent preview HTTP: existing model and every persistent table unchanged, no MQTT connection path invoked (26.10625ms)
✔ receipt browser target rejects primary, external, credentials and mode mismatch before I/O (0.453125ms)
✔ isolated restore requires exact approved lowercase digest, private token and version1.5 (0.163333ms)
✔ default local mode remains isolated3109 with original private candidate token (0.048458ms)
✔ independent review: generated sample files accepted by production parser (34.091084ms)
✔ independent review: delayed KMA HTTP result cannot overwrite newer manual edit or station (28.696417ms)
✔ actual release verifier expired boundary (23.970084ms)
✔ actual release verifier hang boundary (2513.747958ms)
✔ actual release verifier failure boundary (422.918125ms)
✔ actual release verifier normal boundary (561.404584ms)
✔ offline manifest verification remains independent of run deadline (27.363541ms)
✔ at-commit still hashes committed evidence when working file differs (94.673833ms)
✔ restore manifest enforces streamed source/destination SHA before app start and retains isolated read-only source (672.88175ms)
✔ wrong snapshot SHA fails before copy; optional argument keeps legacy command compatibility (642.620416ms)
✔ matching hashes do not replace SQLite integrity validation (356.996292ms)
✔ hung apply is killed by remaining deadline without raw output or automatic retry (3019.597542ms)
✔ expired or missing run fails closed without even a discovery or apply (78.642875ms)
✔ prune deletes old acknowledged frames/outbox while preserving old pending/unbatched data, command IDs and scenarios (1.790375ms)
✔ poll cadence and telemetry gaps remain distinct; legacy alias remains poll gap (0.284666ms)
✔ connection transition counts survive retry errors without double-counting close before first connect (0.56725ms)
✔ independent auditor accepts genuine ramp-down output above new available power and nullable electrical observations (3.702791ms)
✔ independent auditor rejects missing generator control fields (0.659834ms)
✔ independent auditor rejects empty weather (0.493708ms)
✔ independent auditor rejects null faults (0.558208ms)
✔ independent auditor rejects non ISO source timestamp (0.701583ms)
✔ independent auditor rejects non ISO observation timestamp (0.483666ms)
✔ hostile nonnumeric values produce fixed errors without reflecting input (0.422334ms)
✔ four-digit year upper boundary accepts9999 and refuses10000 without rounding inputs (0.7745ms)
✔ invalid numeric clock fails closed and fractional valid input stays unchanged (0.357584ms)
✔ command transport explicitly refuses redirect replay and never reads error bodies (0.496167ms)
✔ receipt reason redacts credential URLs even with embedded controls and known normalized secrets (0.254375ms)
✔ unknown response and HTTP failure retain original identity without an automatic POST retry (1.07125ms)
✔ per-device identity/auth overrides are separate from common defaults and LWT topics are exact (2.402292ms)
✔ runtime keeps tick/prune/shutdown alive when audit and storage both fail (23.007917ms)
✔ shutdown closes HTTP and SQLite even if transport stop rejects (2.479667ms)
✔ unauthenticated health/config contain no configured credentials; protected state requires token (5.676333ms)
✔ public config exact allowlist and authenticated downloads never echo the credential (8.155917ms)
✔ untrusted error metadata never becomes a diagnostic category or raw text (6.360625ms)
✔ JSON null arrays and hostile object keys remain sanitized failures (4.579959ms)
✔ non-2xx body is never parsed; remote failure retains explicitly historical local proof (3.044042ms)
✔ durable atomic model/frame, immutable sequence and byte/run/count batches (52.251208ms)
✔ retention keeps unacknowledged messages, unbatched frames, command IDs and scenarios (0.705292ms)
✔ successful local proof records bounded categories and normal read sequence (20.694ms)
✔ local diagnosis health health_not_ok does not publish raw data (7.368291ms)
✔ local diagnosis health version_mismatch does not publish raw data (6.198584ms)
✔ local diagnosis health broker_disconnected does not publish raw data (4.360167ms)
✔ local diagnosis config version_mismatch does not publish raw data (5.546ms)
✔ local diagnosis config authentication_not_required does not publish raw data (5.1955ms)
✔ local diagnosis state version_mismatch does not publish raw data (5.394833ms)
✔ local diagnosis state invalid_state does not publish raw data (5.1945ms)
✔ local diagnosis state broker_disconnected does not publish raw data (4.549291ms)
✔ local diagnosis state http_status does not publish raw data (4.294375ms)
✔ local diagnosis config invalid_json does not publish raw data (3.813709ms)
✔ local diagnosis state timeout does not publish raw data (1006.322959ms)
✔ interrupted HTTP response body is a transport failure, not invalid JSON (17.790709ms)
✔ credential, TCP and HTTP listener failures have distinct sanitized phases (6.750625ms)
✔ changed failure category is recorded while equivalent repeated failures stay deduplicated (6.57575ms)
✔ controlled kubectl outage retries with cap and recovers read-only with exact image/auth (707.224958ms)
✔ wrong remote image blocks forwarding and does not replay writes (616.265042ms)
✔ occupied unrelated ports are neither killed nor replaced (364.385167ms)
✔ existing healthy external forward survives supervisor freeze, deadline and stop (997.193ms)
✔ singleton excludes same-process duplicate, replaces verified stale PID identity, refuses incomplete lock (15.768125ms)
✔ invalid startup configuration fails closed and does not spawn commands (5.652667ms)
✔ deadline stops only owned forward; expected-image update is revalidated (576.108167ms)
✔ local-only owned forward loss records a new outage and recovery without remote failure (608.643708ms)
✔ unhealthy still-running owned forward records outage before replacement (557.924291ms)
✔ real model and store split full SCADA into valid size-bounded packets, including equal wall timestamps (64.725167ms)
✔ same-body QoS1 duplicate is counted; a changed body with same ID is an anomaly (0.921917ms)
✔ shared sequence jumps, sensor gaps, restored run and baseline changes are contextual observations (0.753708ms)
✔ independent structural defects are reported without throwing on malformed samples (1.521792ms)
✔ RTU identity, retained delivery and bounded dedup scope remain explicit (1.520208ms)
✔ storage failure during pump keeps row retryable and other event errors never escape (24.159209ms)
✔ delayed storage failure and PUBACK ack failure retain original queue row for retry (66.435333ms)
✔ per RTU independent inflight; only PUBACK removes immutable row; malformed and retained rejected (37.314833ms)
✔ connection client IDs remain caller-specific with common auth configuration (0.198708ms)
✔ delayed pump reads latest model object and REST receipts persist (17.537083ms)
✔ provided 55-row wind TSV preserves voltage and proportional original-current estimate (3.8055ms)
✔ hybrid combined total distributes by rated capacity without inferring fuel from power shape (0.502542ms)
✔ KMA SFCTM2 field fixture uses index11 temperature, 10 degree wind and KST time (1.521125ms)
✔ KMA malformed/stale/future/out-of-range/wrong-station responses fail (0.320083ms)
✔ live refresh preserves irradiance; request has current observation parameters and no old tm (1.546042ms)
✔ automatic manual/frozen skips; explicit lookup enters weather mode and releases freeze (0.296541ms)
✔ failed live observations retain all last-valid values, source and timestamp without auth leaks (0.2845ms)
✔ missing direction preserves previous direction; SI never interpreted as irradiance (0.155291ms)
✔ manual edit during in-flight request is protected, including explicit request (0.308ms)
ℹ tests 267
ℹ suites 0
ℹ pass 267
ℹ fail 0
ℹ cancelled 0
ℹ skipped 0
ℹ todo 0
ℹ duration_ms 33371.970834
