
> grid-vpp-emulator@1.6.0 test
> node --test --test-concurrency=1 tests/*.test.js

✔ malformed, null, array, oversized, retained and cross-RTU statuses rejected (0.8365ms)
✔ only allowlisted fields survive; raw credentials and controls are removed from reason (0.15975ms)
✔ command export authenticates, omits raw fields and scrubs secrets from all configuration layers (28.443833ms)
✔ export DTO keeps only typed snapshots, records redaction, and makes no de-identification/replay promise (0.75675ms)
✔ explicit broker URL password is treated as known credential in informational IDs (0.177875ms)
✔ control normalization cannot expose known secrets or create empty replacement patterns (0.170291ms)
✔ control characters cannot split a credential URL to bypass export redaction (1.126208ms)
✔ export target and observed values preserve real accepted, executing and completed command semantics (5.873584ms)
✔ HTTP export has latest20 only, original run IDs, RTU isolation and no persistent or control side effects (26.83ms)
✔ original1.4 browser fixture remains tied to its known local API and bundle (0.325667ms)
✔ new1.5 browser fixture requires an explicit reviewed bundle before any writes (0.195ms)
✔ all fixture modes refuse primary and mismatched endpoints (0.133083ms)
✔ restore mode uses isolated ports and remote credentials with explicit candidate identity (0.039375ms)
✔ unreviewed product or target modes fail closed (0.055708ms)
✔ approved1.6 uses a separate localfixture and never falls back to1.5 (0.057458ms)
✔ server numeric boundaries and fractional values remain exact (1.369209ms)
✔ empty and nonfinite inputs never become silent defaults or valid commands (0.087125ms)
✔ zero and fractional expiry use one supplied clock without business duration cap (0.311667ms)
✔ overflow and valid Date extended year yield field errors rather than exceptions (0.080083ms)
✔ target0 and availability-exceeding targets are not clamped; server still decides rated limit (0.050042ms)
✔ observation requires exact original command identity, action, REST and known status (0.500542ms)
✔ synchronous perRTU POST guard survives callers and releases before following state GET (1.986667ms)
✔ confirmed POST survives state failure; failed POST stays unconfirmed without retry (0.180916ms)
✔ explicit recheck is single in-flight, preserves confirmed on missing/error and rejects regression (0.151958ms)
✔ lost response resolves only by matching stored ID, never another row; last20 preserves uncertainty (0.288042ms)
✔ late recheck does not resurrect evicted receipt or overwrite anotherRTU (0.686041ms)
✔ late state refresh cannot replace a newer refresh and cannot erase rechecked status (0.65475ms)
✔ 15s production request boundary includes stalled response body, HTTP ignores body,401auth preserved (17.68175ms)
✔ remote management fails closed without strong token (0.50325ms)
✔ exact bearer token required and topic wildcards forbidden (0.087584ms)
✔ configuration bounds and credential redaction (0.15375ms)
✔ zero available power does not complete start while fractional startup remains (3.583541ms)
✔ already expired and latency-expired requests leave SCADA settings unchanged (5.097958ms)
✔ canonical global dedup, validation atomicity, priority intersections (6.174459ms)
✔ expiry before dispatch; sensor freeze cannot complete; restart deadline real time (0.812042ms)
✔ target checks every allocated device and signed actual error, then completion (0.347167ms)
✔ stop clears pending startup and completed requires a post-dispatch model sample (0.28425ms)
✔ failed durable dispatch rolls back model, command cache and outbox together (0.440709ms)
✔ setpoint action validation applies even to known duplicate IDs (0.198375ms)
✔ outer model transaction rollback also restores nested command cancellation cache (0.236958ms)
✔ parser diagnostics never echo malformed CSV field contents (1.597708ms)
✔ prototype names remain unknown columns and never enter normalized DTOs (1.398792ms)
✔ 100000 rows are accepted; excessive rows abort before parsing trailing malformed input (290.645709ms)
✔ HTTP preview returns bounded diagnostics and authenticates before malformed input (55.765709ms)
✔ preflight caps columns before allocation and preserves quoted commas, escapes and newlines (2.438625ms)
✔ preview agrees with registration units, interpolation and time zones (3.252208ms)
✔ preview bounds output and preserves TSV electrical fields without emitting unknown CSV columns (1.482458ms)
✔ hybrid preview follows combined-total precedence and split sum exactly (0.15625ms)
✔ preview uses existing row validation and rejects invalid request shapes (0.240208ms)
✔ authenticated preview has no database, controller, RTU or transport side effects (61.034334ms)
✔ deadline command preserves successful proof bytes but withholds failed child secrets (273.458292ms)
✔ expired, missing or invalid original deadline never starts the supplied command (164.211875ms)
✔ original remaining time caps a larger host timeout and uncertain output is withheld (2013.9615ms)
✔ host timeout terminates descendants only in the process group it created (3264.930459ms)
✔ successful leader exit stops residual group members before its PID is reaped (1328.053ms)
✔ combined child output is capped while running and never emitted after failure (64.746584ms)
✔ SIGTERM to the wrapper stops its owned command group with no success output (2274.508708ms)
✔ canonical audit created uses explicitKST across midnight, leap day and year boundary (0.791042ms)
✔ missing, nonstring, invalid calendar and noncanonical input never become visible times (0.088375ms)
✔ alternate timestamps cannot fill absent or malformed created and cannot override valid created (0.067583ms)
✔ formatting is identical across host time zones (82.864583ms)
✔ binds real offsets, hashes, same video assets and relative reference (6.986209ms)
✔ rejects late (2.397708ms)
✔ rejects missing-asset (2.922875ms)
✔ rejects changed-video (3.081292ms)
✔ rejects wrong-manifest (2.336334ms)
✔ rejects unreviewed (2.293667ms)
✔ rejects placeholder (2.59475ms)
✔ rejects future-version (2.445458ms)
✔ rejects same-run (2.378458ms)
✔ CLI refuses to overwrite existing output (30.435458ms)
✔ security rejects invented-transition (2.825542ms)
✔ security rejects private-symlink (4.173209ms)
✔ security rejects parent-traversal (2.630583ms)
✔ security rejects outside-absolute (2.577292ms)
✔ security rejects missing-duration (2.731417ms)
✔ security rejects nan-duration (2.314834ms)
✔ security rejects negative-scene (2.537875ms)
✔ security rejects utc-string (2.580667ms)
✔ security rejects rollover-date (2.323709ms)
✔ security rejects credential-body (26.223333ms)
✔ security rejects wrong-run (2.504375ms)
✔ security rejects wrong-prd (2.523334ms)
✔ security rejects unknown-input (2.20925ms)
✔ security rejects old-command-report (3.026ms)
✔ security rejects changed-recovery (2.887917ms)
✔ security rejects output-private (2.145542ms)
✔ rejects credential-like text derived from command report before config write (30.218917ms)
✔ accepts actual unchanged authoritative microsecond UTC ledger timestamps (3.925417ms)
✔ rejects noncanonical ledger 2026-02-30T21:37:33.079009+00:00 (2.020417ms)
✔ rejects noncanonical ledger 2026-09-21T21:37:33.079009+09:00 (2.195875ms)
✔ rejects noncanonical ledger Mon, 21 Sep 2026 21:37:33 GMT (2.115583ms)
✔ supports exactly product1.4.0/PRD1.11 with fully matching evidence (3.615208ms)
✔ rejects unreviewed matching product 1.4.1 (2.642167ms)
✔ rejects unreviewed matching product 1.4.0-rc.1 (2.50375ms)
✔ rejects unreviewed matching product 1.5.1 (2.762333ms)
✔ rejects unreviewed matching product 1.5.0-rc.1 (2.742416ms)
✔ rejects unreviewed matching product 1.6.1 (2.385709ms)
✔ rejects unreviewed matching product 1.6.0-rc.1 (2.597166ms)
✔ rejects unreviewed matching product 1.7.0 (2.393ms)
✔ rejects unreviewed matching product 2.0.0 (2.3555ms)
✔ supports exactly product1.5.0/PRD1.12 with fully matching evidence (3.240958ms)
✔ supports exactly product1.6.0/PRD1.13 while retaining same receipt scenes (3.402959ms)
✔ remaining time caps child work and rejects late receipts without extending original deadline (1.298417ms)
✔ hung synchronous tool is killed within remaining budget (124.448333ms)
✔ watchdog kills blocked worker and its owned subprocess group (472.061834ms)
✔ normal rehearsal tool succeeds inside finite budget (20.220584ms)
✔ reaped or reused worker and changed descendant identities are never signalled (0.450125ms)
✔ normal supervisor exit leaves unrelated live process alone (52.676958ms)
✔ final recorder reserve stops work early without extending deadline or shortening rehearsal (0.413875ms)
✔ final media binds approved content digest, run, runtime and frozen window (0.456958ms)
✔ syntactically valid but different image digest is rejected (0.14375ms)
✔ mismatched release/run/runtime/version and invalid or expired schedule fail closed (0.154ms)
✔ lifecycle scene plan gates owned mutations and captures registration before controls (0.966ms)
✔ unspecified lifecycle preserves prior rehearsal registration and scenario action formats (0.146291ms)
✔ actual registration request fingerprint must exactly match intent before response capture (0.192083ms)
✔ receipt demonstration is exact1.5/1.6 gated and wide RTU metrics are never cropped (0.430875ms)
✔ health precedence and exact real-time boundaries (0.916167ms)
✔ CSV/TSV BOM and Korean aliases, unit and missing weather (2.275ms)
✔ linear 300/599/600 boundaries and last interval hold, no wrapping interpolation (0.2425ms)
✔ mean/kWh energy holds original interval without claiming ramp-adjusted energy (0.612709ms)
✔ direction shortest arc and optional missing data never backwards-filled (0.234375ms)
✔ strict actual dates, offsets, seconds, leap years (0.220792ms)
✔ invalid CSV errors identify original row/field; duplicate, reverse, gap, NaN, empty (0.87925ms)
✔ registration validates whole input and generates correct hybrid IDs and virtual coordinates (0.84775ms)
✔ CSV total allocation and hybrid separate allocation, voltage/current provenance (0.574416ms)
✔ weather wind power cubic/rated/cut-out and custom interpolation (0.268542ms)
✔ solar temperature correction, saturation, efficiency and manual night irradiance (0.419791ms)
✔ ramp, stopping, fractional startup and actuator freeze (0.251791ms)
✔ percentage limit and rated reductions, unchanged CSV power on weather-only edit (0.138334ms)
✔ all PATCH validators are atomic including RNG and source metadata (0.343917ms)
✔ LCG common noise, independent fault RNG, snapshot deterministic replay and pause (0.311459ms)
✔ separate irradiance CSV aligns source timestamp and falls back outside range (0.193ms)
✔ frame includes complete state and excludes custom curve data; API retains curve (0.147667ms)
✔ loop count records actual dataset wraps, not seeks, and survives scenario JSON snapshots (0.167792ms)
✔ preserves exact config, release, all source files including itself, and upload hashes (8.301375ms)
✔ rejects config-secret before creating output (2.497667ms)
✔ rejects http-credentials before creating output (2.526709ms)
✔ rejects mqtt-credentials before creating output (2.794875ms)
✔ rejects private-upload before creating output (2.355958ms)
✔ rejects private-symlink before creating output (2.395375ms)
✔ rejects credential-outside-private before creating output (2.577625ms)
✔ rejects upload-secret before creating output (2.734083ms)
✔ stalled child is killed within command budget, without printing sensitive stdout (156.611417ms)
✔ original deadline and total budget reject subsequent launch instead of resetting on retry (0.988542ms)
✔ expired remote snapshot never creates a partial or final file (26.1575ms)
✔ snapshot failure leaves only private partial; existing verified final is preserved (44.990292ms)
✔ successful online snapshot publishes complete private SQLite then compression preserves bytes (48.403083ms)
✔ one MiB encoded chunk and final short chunk flush completely with matching byte hashes (46.140042ms)
✔ network recovery resumes from evidence while freeze and deadline remain authoritative (0.350333ms)
✔ independent actual backup CLI hung discovery stops within original deadline and keeps sensitive child output private (818.335334ms)
✔ independent actual backup CLI expired original deadline launches no kubectl (42.09175ms)
✔ independent budget expiration blocks a second command launch (22.241334ms)
✔ independent snapshot expired remote deadline creates neither final nor part (22.16675ms)
✔ independent HTTP command export preserves persisted observations across old run, absent fields, auth and RTU selection without writes (30.994708ms)
✔ expiresAt accepts explicit ISO zones/fractions and rejects permissive Date.parse calendar normalization (3.326ms)
✔ expiresAt-only body change conflicts; equal priority supersedes overlapping but disjoint remains active (0.563625ms)
✔ physical database reopen restores unfinished deadline; timeout retains setting until explicit stop makes power zero (6.239375ms)
✔ actual model API cleanup restores owned settings only, remains idempotent and does not rewind dynamic time/output (54.393042ms)
✔ lost write response is reconciled without replaying already applied patch (21.518583ms)
✔ lost registration response identifies unique candidate but cannot invent initial baseline or write (14.685916ms)
✔ pre-existing or wrong registration ID and changed owned run fail closed (13.880583ms)
✔ expired deadline and wrong journal scope fail before writes; existing differences are report-only (20.385041ms)
✔ planned same-owned scenario HTTP200 transition preserves original settings baseline (28.908125ms)
✔ wrong scenario owner and unresolved planned response never authorize cleanup (18.547917ms)
✔ begin reuses unchanged baseline without rewriting file and rejects changed pre-existing settings (7.067459ms)
✔ actual201 ownership and cleanup tolerate independent server clock offset -30000 (18.314708ms)
✔ actual201 ownership and cleanup tolerate independent server clock offset 30000 (20.047833ms)
✔ lost registration with independent clock still never creates a baseline or writes (15.15375ms)
✔ readonly event harness requires explicit matching reviewed target before I/O (0.672ms)
✔ event source gate refuses missing version/hash/token/output and unsafe path (0.112791ms)
✔ independent delivery fixture proves only artifact consistency, never completion (46.356875ms)
✔ independent delivery rejects changed cleanup receipt (43.306292ms)
✔ independent delivery rejects missing reviewed facts (42.921917ms)
✔ independent delivery rejects missing binder inventory (43.462875ms)
✔ independent delivery rejects changed binding command report (43.870959ms)
✔ independent delivery rejects invented recovery with changed existing RTU (43.62325ms)
✔ independent delivery rejects changed source manifest (45.089583ms)
✔ independent delivery rejects failed package validation (45.0225ms)
✔ independent delivery rejects same release different reviewed video (42.636625ms)
✔ independent delivery rejects missing deadline source (42.776042ms)
✔ independent delivery rejects empty reproduction list (43.046917ms)
✔ independent delivery rejects wrong config hash (43.327916ms)
✔ independent delivery rejects both image digests invalid (43.149792ms)
✔ expired actual outbox CLI launches no kubectl (39.738041ms)
✔ actual outbox CLI hung discovery ends at original deadline without sensitive child output (3015.03725ms)
✔ non-loopback override is rejected before any token-bearing HTTP or kubectl (56.756083ms)
✔ actual MQTT connection block owns and closes client when connection arrives after budget (55.498917ms)
✔ actual recovery port configuration preserves defaults and rejects conflicting or invalid ports (2.811167ms)
✔ actual observer callback ignores malformed and unrelated JSON and preserves exact matching body (0.61275ms)
✔ backup runtime identity rejects old rollout pod, wrong digest, unavailable or ambiguous ready pods (0.919542ms)
✔ independent preview: summaries scan beyond display rows; hidden invalid row is rejected by preview and registration (7.737625ms)
✔ independent preview HTTP: existing model and every persistent table unchanged, no MQTT connection path invoked (26.032708ms)
✔ receipt browser target rejects primary, external, credentials and mode mismatch before I/O (0.388833ms)
✔ isolated restore requires exact approved lowercase digest, private token and approved receipt versions (0.166167ms)
✔ default local mode remains isolated3109 with original private candidate token (0.043334ms)
✔ approved1.6 receipt target separateslocalport/token and keepsrestore safeguards (0.076292ms)
✔ independent review: generated sample files accepted by production parser (31.323333ms)
✔ independent review: delayed KMA HTTP result cannot overwrite newer manual edit or station (27.860041ms)
✔ actual release verifier expired boundary (24.102542ms)
✔ actual release verifier hang boundary (2513.907583ms)
✔ actual release verifier failure boundary (399.78425ms)
✔ actual release verifier normal boundary (400.328ms)
✔ offline manifest verification remains independent of run deadline (24.102333ms)
✔ at-commit still hashes committed evidence when working file differs (88.808125ms)
✔ restore manifest enforces streamed source/destination SHA before app start and retains isolated read-only source (654.707167ms)
✔ wrong snapshot SHA fails before copy; optional argument keeps legacy command compatibility (419.535208ms)
✔ matching hashes do not replace SQLite integrity validation (270.839166ms)
✔ hung apply is killed by remaining deadline without raw output or automatic retry (3020.299125ms)
✔ expired or missing run fails closed without even a discovery or apply (79.127875ms)
✔ prune deletes old acknowledged frames/outbox while preserving old pending/unbatched data, command IDs and scenarios (1.718542ms)
✔ poll cadence and telemetry gaps remain distinct; legacy alias remains poll gap (0.296125ms)
✔ connection transition counts survive retry errors without double-counting close before first connect (0.577083ms)
✔ independent auditor accepts genuine ramp-down output above new available power and nullable electrical observations (3.840084ms)
✔ independent auditor rejects missing generator control fields (0.858291ms)
✔ independent auditor rejects empty weather (0.605083ms)
✔ independent auditor rejects null faults (0.479042ms)
✔ independent auditor rejects non ISO source timestamp (0.506042ms)
✔ independent auditor rejects non ISO observation timestamp (0.418334ms)
✔ hostile nonnumeric values produce fixed errors without reflecting input (0.401875ms)
✔ four-digit year upper boundary accepts9999 and refuses10000 without rounding inputs (0.619333ms)
✔ invalid numeric clock fails closed and fractional valid input stays unchanged (0.272083ms)
✔ command transport explicitly refuses redirect replay and never reads error bodies (0.417708ms)
✔ receipt reason redacts credential URLs even with embedded controls and known normalized secrets (0.215042ms)
✔ unknown response and HTTP failure retain original identity without an automatic POST retry (1.014292ms)
✔ per-device identity/auth overrides are separate from common defaults and LWT topics are exact (2.27575ms)
✔ malicious timestamp and fallback contents are never returned or coerced (0.302583ms)
✔ fixture requires exact explicit read target version hash and private token path (0.166833ms)
✔ runtime keeps tick/prune/shutdown alive when audit and storage both fail (20.959333ms)
✔ shutdown closes HTTP and SQLite even if transport stop rejects (2.096792ms)
✔ unauthenticated health/config contain no configured credentials; protected state requires token (4.680958ms)
✔ public config exact allowlist and authenticated downloads never echo the credential (4.434666ms)
✔ untrusted error metadata never becomes a diagnostic category or raw text (5.831666ms)
✔ JSON null arrays and hostile object keys remain sanitized failures (3.063916ms)
✔ non-2xx body is never parsed; remote failure retains explicitly historical local proof (2.257333ms)
✔ durable atomic model/frame, immutable sequence and byte/run/count batches (40.47375ms)
✔ retention keeps unacknowledged messages, unbatched frames, command IDs and scenarios (0.816542ms)
✔ successful local proof records bounded categories and normal read sequence (18.502292ms)
✔ local diagnosis health health_not_ok does not publish raw data (6.082583ms)
✔ local diagnosis health version_mismatch does not publish raw data (4.784458ms)
✔ local diagnosis health broker_disconnected does not publish raw data (4.1985ms)
✔ local diagnosis config version_mismatch does not publish raw data (4.422584ms)
✔ local diagnosis config authentication_not_required does not publish raw data (4.276042ms)
✔ local diagnosis state version_mismatch does not publish raw data (4.627708ms)
✔ local diagnosis state invalid_state does not publish raw data (4.048667ms)
✔ local diagnosis state broker_disconnected does not publish raw data (4.038125ms)
✔ local diagnosis state http_status does not publish raw data (4.018375ms)
✔ local diagnosis config invalid_json does not publish raw data (3.444625ms)
✔ local diagnosis state timeout does not publish raw data (1007.552ms)
✔ interrupted HTTP response body is a transport failure, not invalid JSON (26.000916ms)
✔ credential, TCP and HTTP listener failures have distinct sanitized phases (11.5095ms)
✔ changed failure category is recorded while equivalent repeated failures stay deduplicated (10.381583ms)
✔ controlled kubectl outage retries with cap and recovers read-only with exact image/auth (835.342542ms)
✔ wrong remote image blocks forwarding and does not replay writes (388.558708ms)
✔ occupied unrelated ports are neither killed nor replaced (421.899334ms)
✔ existing healthy external forward survives supervisor freeze, deadline and stop (645.385084ms)
✔ singleton excludes same-process duplicate, replaces verified stale PID identity, refuses incomplete lock (16.206208ms)
✔ invalid startup configuration fails closed and does not spawn commands (5.042709ms)
✔ deadline stops only owned forward; expected-image update is revalidated (781.858083ms)
✔ local-only owned forward loss records a new outage and recovery without remote failure (790.94225ms)
✔ unhealthy still-running owned forward records outage before replacement (521.467208ms)
✔ real model and store split full SCADA into valid size-bounded packets, including equal wall timestamps (68.219916ms)
✔ same-body QoS1 duplicate is counted; a changed body with same ID is an anomaly (0.936083ms)
✔ shared sequence jumps, sensor gaps, restored run and baseline changes are contextual observations (0.740417ms)
✔ independent structural defects are reported without throwing on malformed samples (1.925ms)
✔ RTU identity, retained delivery and bounded dedup scope remain explicit (1.165209ms)
✔ storage failure during pump keeps row retryable and other event errors never escape (24.0395ms)
✔ delayed storage failure and PUBACK ack failure retain original queue row for retry (66.175041ms)
✔ per RTU independent inflight; only PUBACK removes immutable row; malformed and retained rejected (37.336792ms)
✔ connection client IDs remain caller-specific with common auth configuration (0.200792ms)
✔ delayed pump reads latest model object and REST receipts persist (17.072208ms)
✔ provided 55-row wind TSV preserves voltage and proportional original-current estimate (3.516292ms)
✔ hybrid combined total distributes by rated capacity without inferring fuel from power shape (0.491583ms)
✔ KMA SFCTM2 field fixture uses index11 temperature, 10 degree wind and KST time (1.376458ms)
✔ KMA malformed/stale/future/out-of-range/wrong-station responses fail (0.31425ms)
✔ live refresh preserves irradiance; request has current observation parameters and no old tm (1.493958ms)
✔ automatic manual/frozen skips; explicit lookup enters weather mode and releases freeze (0.285166ms)
✔ failed live observations retain all last-valid values, source and timestamp without auth leaks (0.288375ms)
✔ missing direction preserves previous direction; SI never interpreted as irradiance (0.1665ms)
✔ manual edit during in-flight request is protected, including explicit request (0.336125ms)
ℹ tests 280
ℹ suites 0
ℹ pass 280
ℹ fail 0
ℹ cancelled 0
ℹ skipped 0
ℹ todo 0
ℹ duration_ms 32899.760166
