
> grid-vpp-emulator@1.6.0 test
> node --test --test-concurrency=1 tests/*.test.js

✔ malformed, null, array, oversized, retained and cross-RTU statuses rejected (0.539083ms)
✔ only allowlisted fields survive; raw credentials and controls are removed from reason (0.141875ms)
✔ command export authenticates, omits raw fields and scrubs secrets from all configuration layers (29.29225ms)
✔ export DTO keeps only typed snapshots, records redaction, and makes no de-identification/replay promise (0.710041ms)
✔ explicit broker URL password is treated as known credential in informational IDs (0.299708ms)
✔ control normalization cannot expose known secrets or create empty replacement patterns (0.221333ms)
✔ control characters cannot split a credential URL to bypass export redaction (1.137667ms)
✔ export target and observed values preserve real accepted, executing and completed command semantics (6.345791ms)
✔ HTTP export has latest20 only, original run IDs, RTU isolation and no persistent or control side effects (29.616541ms)
✔ original1.4 browser fixture remains tied to its known local API and bundle (0.314708ms)
✔ new1.5 browser fixture requires an explicit reviewed bundle before any writes (0.198542ms)
✔ all fixture modes refuse primary and mismatched endpoints (0.171792ms)
✔ restore mode uses isolated ports and remote credentials with explicit candidate identity (0.040083ms)
✔ unreviewed product or target modes fail closed (0.05525ms)
✔ approved1.6 uses a separate localfixture and never falls back to1.5 (0.062333ms)
✔ server numeric boundaries and fractional values remain exact (1.188125ms)
✔ empty and nonfinite inputs never become silent defaults or valid commands (0.076917ms)
✔ zero and fractional expiry use one supplied clock without business duration cap (0.3335ms)
✔ overflow and valid Date extended year yield field errors rather than exceptions (0.112792ms)
✔ target0 and availability-exceeding targets are not clamped; server still decides rated limit (0.060167ms)
✔ observation requires exact original command identity, action, REST and known status (0.5015ms)
✔ synchronous perRTU POST guard survives callers and releases before following state GET (2.510875ms)
✔ confirmed POST survives state failure; failed POST stays unconfirmed without retry (0.223875ms)
✔ explicit recheck is single in-flight, preserves confirmed on missing/error and rejects regression (0.179875ms)
✔ lost response resolves only by matching stored ID, never another row; last20 preserves uncertainty (0.298416ms)
✔ late recheck does not resurrect evicted receipt or overwrite anotherRTU (0.709458ms)
✔ late state refresh cannot replace a newer refresh and cannot erase rechecked status (0.627708ms)
✔ 15s production request boundary includes stalled response body, HTTP ignores body,401auth preserved (17.568833ms)
✔ remote management fails closed without strong token (0.400584ms)
✔ exact bearer token required and topic wildcards forbidden (0.074541ms)
✔ configuration bounds and credential redaction (0.139ms)
✔ zero available power does not complete start while fractional startup remains (3.446083ms)
✔ already expired and latency-expired requests leave SCADA settings unchanged (5.101875ms)
✔ canonical global dedup, validation atomicity, priority intersections (6.202667ms)
✔ expiry before dispatch; sensor freeze cannot complete; restart deadline real time (0.8445ms)
✔ target checks every allocated device and signed actual error, then completion (0.361459ms)
✔ stop clears pending startup and completed requires a post-dispatch model sample (0.310625ms)
✔ failed durable dispatch rolls back model, command cache and outbox together (0.499666ms)
✔ setpoint action validation applies even to known duplicate IDs (0.201292ms)
✔ outer model transaction rollback also restores nested command cancellation cache (0.24625ms)
✔ parser diagnostics never echo malformed CSV field contents (1.632667ms)
✔ prototype names remain unknown columns and never enter normalized DTOs (1.524542ms)
✔ 100000 rows are accepted; excessive rows abort before parsing trailing malformed input (291.470834ms)
✔ HTTP preview returns bounded diagnostics and authenticates before malformed input (56.495916ms)
✔ preflight caps columns before allocation and preserves quoted commas, escapes and newlines (2.1265ms)
✔ preview agrees with registration units, interpolation and time zones (3.40475ms)
✔ preview bounds output and preserves TSV electrical fields without emitting unknown CSV columns (1.308625ms)
✔ hybrid preview follows combined-total precedence and split sum exactly (0.1835ms)
✔ preview uses existing row validation and rejects invalid request shapes (0.238333ms)
✔ authenticated preview has no database, controller, RTU or transport side effects (60.467916ms)
✔ deadline command preserves successful proof bytes but withholds failed child secrets (236.708333ms)
✔ expired, missing or invalid original deadline never starts the supplied command (160.619125ms)
✔ original remaining time caps a larger host timeout and uncertain output is withheld (2013.08725ms)
✔ host timeout terminates descendants only in the process group it created (3264.269958ms)
✔ successful leader exit stops residual group members before its PID is reaped (1333.039125ms)
✔ combined child output is capped while running and never emitted after failure (78.255042ms)
✔ SIGTERM to the wrapper stops its owned command group with no success output (2274.574125ms)
✔ canonical audit created uses explicitKST across midnight, leap day and year boundary (0.778ms)
✔ missing, nonstring, invalid calendar and noncanonical input never become visible times (0.088583ms)
✔ alternate timestamps cannot fill absent or malformed created and cannot override valid created (0.070292ms)
✔ formatting is identical across host time zones (84.795208ms)
✔ binds real offsets, hashes, same video assets and relative reference (6.714125ms)
✔ rejects late (2.349ms)
✔ rejects missing-asset (3.086125ms)
✔ rejects changed-video (2.665208ms)
✔ rejects wrong-manifest (2.295333ms)
✔ rejects unreviewed (2.308541ms)
✔ rejects placeholder (2.56825ms)
✔ rejects future-version (2.453458ms)
✔ rejects same-run (2.378209ms)
✔ CLI refuses to overwrite existing output (26.902ms)
✔ security rejects invented-transition (3.185917ms)
✔ security rejects private-symlink (4.056791ms)
✔ security rejects parent-traversal (2.781625ms)
✔ security rejects outside-absolute (2.929625ms)
✔ security rejects missing-duration (2.335625ms)
✔ security rejects nan-duration (2.464208ms)
✔ security rejects negative-scene (2.654584ms)
✔ security rejects utc-string (2.288416ms)
✔ security rejects rollover-date (2.297375ms)
✔ security rejects credential-body (23.913458ms)
✔ security rejects wrong-run (2.319208ms)
✔ security rejects wrong-prd (2.435125ms)
✔ security rejects unknown-input (2.1195ms)
✔ security rejects old-command-report (3.511958ms)
✔ security rejects changed-recovery (2.551375ms)
✔ security rejects output-private (2.21325ms)
✔ rejects credential-like text derived from command report before config write (27.046125ms)
✔ accepts actual unchanged authoritative microsecond UTC ledger timestamps (4.142708ms)
✔ rejects noncanonical ledger 2026-02-30T21:37:33.079009+00:00 (2.145166ms)
✔ rejects noncanonical ledger 2026-09-21T21:37:33.079009+09:00 (2.053417ms)
✔ rejects noncanonical ledger Mon, 21 Sep 2026 21:37:33 GMT (2.230375ms)
✔ supports exactly product1.4.0/PRD1.11 with fully matching evidence (3.561583ms)
✔ rejects unreviewed matching product 1.4.1 (2.507458ms)
✔ rejects unreviewed matching product 1.4.0-rc.1 (2.559167ms)
✔ rejects unreviewed matching product 1.5.1 (2.510875ms)
✔ rejects unreviewed matching product 1.5.0-rc.1 (3.325334ms)
✔ rejects unreviewed matching product 1.6.1 (2.43575ms)
✔ rejects unreviewed matching product 1.6.0-rc.1 (2.646667ms)
✔ rejects unreviewed matching product 1.7.0 (2.339ms)
✔ rejects unreviewed matching product 2.0.0 (2.368292ms)
✔ supports exactly product1.5.0/PRD1.12 with fully matching evidence (3.218125ms)
✔ supports exactly product1.6.0/PRD1.13 while retaining same receipt scenes (3.247459ms)
✔ remaining time caps child work and rejects late receipts without extending original deadline (1.252458ms)
✔ hung synchronous tool is killed within remaining budget (123.718417ms)
✔ watchdog kills blocked worker and its owned subprocess group (469.013708ms)
✔ normal rehearsal tool succeeds inside finite budget (18.951917ms)
✔ reaped or reused worker and changed descendant identities are never signalled (0.434333ms)
✔ normal supervisor exit leaves unrelated live process alone (51.372916ms)
✔ final recorder reserve stops work early without extending deadline or shortening rehearsal (0.127583ms)
✔ final media binds approved content digest, run, runtime and frozen window (0.444334ms)
✔ syntactically valid but different image digest is rejected (0.1405ms)
✔ mismatched release/run/runtime/version and invalid or expired schedule fail closed (0.150041ms)
✔ lifecycle scene plan gates owned mutations and captures registration before controls (0.939875ms)
✔ unspecified lifecycle preserves prior rehearsal registration and scenario action formats (0.144791ms)
✔ actual registration request fingerprint must exactly match intent before response capture (0.182584ms)
✔ receipt demonstration is exact1.5/1.6 gated and wide RTU metrics are never cropped (0.399625ms)
✔ health precedence and exact real-time boundaries (0.893625ms)
✔ CSV/TSV BOM and Korean aliases, unit and missing weather (2.470167ms)
✔ linear 300/599/600 boundaries and last interval hold, no wrapping interpolation (0.225791ms)
✔ mean/kWh energy holds original interval without claiming ramp-adjusted energy (0.519667ms)
✔ direction shortest arc and optional missing data never backwards-filled (0.167584ms)
✔ strict actual dates, offsets, seconds, leap years (0.193042ms)
✔ invalid CSV errors identify original row/field; duplicate, reverse, gap, NaN, empty (0.758ms)
✔ registration validates whole input and generates correct hybrid IDs and virtual coordinates (0.761541ms)
✔ CSV total allocation and hybrid separate allocation, voltage/current provenance (0.549ms)
✔ weather wind power cubic/rated/cut-out and custom interpolation (0.253542ms)
✔ solar temperature correction, saturation, efficiency and manual night irradiance (0.43ms)
✔ ramp, stopping, fractional startup and actuator freeze (0.238166ms)
✔ percentage limit and rated reductions, unchanged CSV power on weather-only edit (0.140958ms)
✔ all PATCH validators are atomic including RNG and source metadata (0.348459ms)
✔ LCG common noise, independent fault RNG, snapshot deterministic replay and pause (0.318416ms)
✔ separate irradiance CSV aligns source timestamp and falls back outside range (0.195458ms)
✔ frame includes complete state and excludes custom curve data; API retains curve (0.164083ms)
✔ loop count records actual dataset wraps, not seeks, and survives scenario JSON snapshots (0.165375ms)
✔ preserves exact config, release, all source files including itself, and upload hashes (8.17275ms)
✔ rejects config-secret before creating output (2.51675ms)
✔ rejects http-credentials before creating output (2.693834ms)
✔ rejects mqtt-credentials before creating output (2.515166ms)
✔ rejects private-upload before creating output (2.334166ms)
✔ rejects private-symlink before creating output (2.383333ms)
✔ rejects credential-outside-private before creating output (2.541417ms)
✔ rejects upload-secret before creating output (2.768709ms)
✔ stalled child is killed within command budget, without printing sensitive stdout (157.171208ms)
✔ original deadline and total budget reject subsequent launch instead of resetting on retry (1.101375ms)
✔ expired remote snapshot never creates a partial or final file (28.196875ms)
✔ snapshot failure leaves only private partial; existing verified final is preserved (44.842958ms)
✔ successful online snapshot publishes complete private SQLite then compression preserves bytes (48.995542ms)
✔ one MiB encoded chunk and final short chunk flush completely with matching byte hashes (46.4095ms)
✔ network recovery resumes from evidence while freeze and deadline remain authoritative (0.382417ms)
✔ independent actual backup CLI hung discovery stops within original deadline and keeps sensitive child output private (814.781292ms)
✔ independent actual backup CLI expired original deadline launches no kubectl (34.629667ms)
✔ independent budget expiration blocks a second command launch (24.471083ms)
✔ independent snapshot expired remote deadline creates neither final nor part (21.912125ms)
✔ independent HTTP command export preserves persisted observations across old run, absent fields, auth and RTU selection without writes (31.775459ms)
✔ expiresAt accepts explicit ISO zones/fractions and rejects permissive Date.parse calendar normalization (3.567167ms)
✔ expiresAt-only body change conflicts; equal priority supersedes overlapping but disjoint remains active (0.584208ms)
✔ physical database reopen restores unfinished deadline; timeout retains setting until explicit stop makes power zero (5.431666ms)
✔ actual model API cleanup restores owned settings only, remains idempotent and does not rewind dynamic time/output (49.199666ms)
✔ lost write response is reconciled without replaying already applied patch (23.664417ms)
✔ lost registration response identifies unique candidate but cannot invent initial baseline or write (14.355125ms)
✔ pre-existing or wrong registration ID and changed owned run fail closed (14.146042ms)
✔ expired deadline and wrong journal scope fail before writes; existing differences are report-only (19.218416ms)
✔ planned same-owned scenario HTTP200 transition preserves original settings baseline (30.113625ms)
✔ wrong scenario owner and unresolved planned response never authorize cleanup (20.476084ms)
✔ begin reuses unchanged baseline without rewriting file and rejects changed pre-existing settings (7.400625ms)
✔ actual201 ownership and cleanup tolerate independent server clock offset -30000 (20.070583ms)
✔ actual201 ownership and cleanup tolerate independent server clock offset 30000 (18.9475ms)
✔ lost registration with independent clock still never creates a baseline or writes (11.887667ms)
✔ readonly event harness requires explicit matching reviewed target before I/O (0.512292ms)
✔ event source gate refuses missing version/hash/token/output and unsafe path (0.113458ms)
✔ form cleanup permits only captured plant/generator identities and PATCH routes (0.371167ms)
✔ independent delivery fixture proves only artifact consistency, never completion (46.870583ms)
✔ independent delivery rejects changed cleanup receipt (45.107542ms)
✔ independent delivery rejects missing reviewed facts (43.95875ms)
✔ independent delivery rejects missing binder inventory (45.016416ms)
✔ independent delivery rejects changed binding command report (43.455708ms)
✔ independent delivery rejects invented recovery with changed existing RTU (43.036917ms)
✔ independent delivery rejects changed source manifest (42.836375ms)
✔ independent delivery rejects failed package validation (43.103583ms)
✔ independent delivery rejects same release different reviewed video (45.868541ms)
✔ independent delivery rejects missing deadline source (42.623708ms)
✔ independent delivery rejects empty reproduction list (43.63175ms)
✔ independent delivery rejects wrong config hash (41.801417ms)
✔ independent delivery rejects both image digests invalid (43.439ms)
✔ expired actual outbox CLI launches no kubectl (40.232208ms)
✔ actual outbox CLI hung discovery ends at original deadline without sensitive child output (3018.831375ms)
✔ non-loopback override is rejected before any token-bearing HTTP or kubectl (58.416167ms)
✔ actual MQTT connection block owns and closes client when connection arrives after budget (53.807667ms)
✔ actual recovery port configuration preserves defaults and rejects conflicting or invalid ports (2.923583ms)
✔ actual observer callback ignores malformed and unrelated JSON and preserves exact matching body (0.655084ms)
✔ backup runtime identity rejects old rollout pod, wrong digest, unavailable or ambiguous ready pods (0.96675ms)
✔ independent preview: summaries scan beyond display rows; hidden invalid row is rejected by preview and registration (7.796417ms)
✔ independent preview HTTP: existing model and every persistent table unchanged, no MQTT connection path invoked (27.474208ms)
✔ receipt browser target rejects primary, external, credentials and mode mismatch before I/O (0.38775ms)
✔ isolated restore requires exact approved lowercase digest, private token and approved receipt versions (0.160375ms)
✔ default local mode remains isolated3109 with original private candidate token (0.042834ms)
✔ approved1.6 receipt target separateslocalport/token and keepsrestore safeguards (0.074584ms)
✔ independent review: generated sample files accepted by production parser (30.841208ms)
✔ independent review: delayed KMA HTTP result cannot overwrite newer manual edit or station (28.585416ms)
✔ actual release verifier expired boundary (24.875125ms)
✔ actual release verifier hang boundary (2511.588875ms)
✔ actual release verifier failure boundary (401.586042ms)
✔ actual release verifier normal boundary (411.802833ms)
✔ offline manifest verification remains independent of run deadline (27.2615ms)
✔ at-commit still hashes committed evidence when working file differs (87.173875ms)
✔ restore manifest enforces streamed source/destination SHA before app start and retains isolated read-only source (504.657958ms)
✔ wrong snapshot SHA fails before copy; optional argument keeps legacy command compatibility (451.893375ms)
✔ matching hashes do not replace SQLite integrity validation (463.510291ms)
✔ hung apply is killed by remaining deadline without raw output or automatic retry (3019.80575ms)
✔ expired or missing run fails closed without even a discovery or apply (78.313958ms)
✔ prune deletes old acknowledged frames/outbox while preserving old pending/unbatched data, command IDs and scenarios (1.806708ms)
✔ poll cadence and telemetry gaps remain distinct; legacy alias remains poll gap (0.291917ms)
✔ connection transition counts survive retry errors without double-counting close before first connect (0.604334ms)
✔ independent auditor accepts genuine ramp-down output above new available power and nullable electrical observations (3.770542ms)
✔ independent auditor rejects missing generator control fields (0.593291ms)
✔ independent auditor rejects empty weather (0.457875ms)
✔ independent auditor rejects null faults (0.42175ms)
✔ independent auditor rejects non ISO source timestamp (0.480708ms)
✔ independent auditor rejects non ISO observation timestamp (0.417291ms)
✔ hostile nonnumeric values produce fixed errors without reflecting input (0.431625ms)
✔ four-digit year upper boundary accepts9999 and refuses10000 without rounding inputs (0.668458ms)
✔ invalid numeric clock fails closed and fractional valid input stays unchanged (0.290709ms)
✔ command transport explicitly refuses redirect replay and never reads error bodies (0.415375ms)
✔ receipt reason redacts credential URLs even with embedded controls and known normalized secrets (0.211875ms)
✔ unknown response and HTTP failure retain original identity without an automatic POST retry (0.999ms)
✔ per-device identity/auth overrides are separate from common defaults and LWT topics are exact (2.169125ms)
✔ malicious timestamp and fallback contents are never returned or coerced (0.321583ms)
✔ fixture requires exact explicit read target version hash and private token path (0.178416ms)
✔ runtime keeps tick/prune/shutdown alive when audit and storage both fail (20.462583ms)
✔ shutdown closes HTTP and SQLite even if transport stop rejects (2.420791ms)
✔ unauthenticated health/config contain no configured credentials; protected state requires token (4.666708ms)
✔ public config exact allowlist and authenticated downloads never echo the credential (4.704459ms)
✔ untrusted error metadata never becomes a diagnostic category or raw text (5.75625ms)
✔ JSON null arrays and hostile object keys remain sanitized failures (3.250834ms)
✔ non-2xx body is never parsed; remote failure retains explicitly historical local proof (2.562625ms)
✔ durable atomic model/frame, immutable sequence and byte/run/count batches (40.669125ms)
✔ retention keeps unacknowledged messages, unbatched frames, command IDs and scenarios (0.671125ms)
✔ successful local proof records bounded categories and normal read sequence (18.353ms)
✔ local diagnosis health health_not_ok does not publish raw data (6.058209ms)
✔ local diagnosis health version_mismatch does not publish raw data (4.829291ms)
✔ local diagnosis health broker_disconnected does not publish raw data (4.125417ms)
✔ local diagnosis config version_mismatch does not publish raw data (4.540583ms)
✔ local diagnosis config authentication_not_required does not publish raw data (4.467042ms)
✔ local diagnosis state version_mismatch does not publish raw data (4.704834ms)
✔ local diagnosis state invalid_state does not publish raw data (4.048333ms)
✔ local diagnosis state broker_disconnected does not publish raw data (4.0795ms)
✔ local diagnosis state http_status does not publish raw data (3.98975ms)
✔ local diagnosis config invalid_json does not publish raw data (3.571625ms)
✔ local diagnosis state timeout does not publish raw data (1006.15225ms)
✔ interrupted HTTP response body is a transport failure, not invalid JSON (25.61425ms)
✔ credential, TCP and HTTP listener failures have distinct sanitized phases (12.063833ms)
✔ changed failure category is recorded while equivalent repeated failures stay deduplicated (10.002208ms)
✔ controlled kubectl outage retries with cap and recovers read-only with exact image/auth (759.431792ms)
✔ wrong remote image blocks forwarding and does not replay writes (359.793292ms)
✔ occupied unrelated ports are neither killed nor replaced (387.361167ms)
✔ existing healthy external forward survives supervisor freeze, deadline and stop (407.571125ms)
✔ singleton excludes same-process duplicate, replaces verified stale PID identity, refuses incomplete lock (16.726875ms)
✔ invalid startup configuration fails closed and does not spawn commands (5.773208ms)
✔ deadline stops only owned forward; expected-image update is revalidated (579.020875ms)
✔ local-only owned forward loss records a new outage and recovery without remote failure (524.612083ms)
✔ unhealthy still-running owned forward records outage before replacement (506.986ms)
✔ real model and store split full SCADA into valid size-bounded packets, including equal wall timestamps (66.282208ms)
✔ same-body QoS1 duplicate is counted; a changed body with same ID is an anomaly (0.834208ms)
✔ shared sequence jumps, sensor gaps, restored run and baseline changes are contextual observations (0.734084ms)
✔ independent structural defects are reported without throwing on malformed samples (1.739583ms)
✔ RTU identity, retained delivery and bounded dedup scope remain explicit (3.508542ms)
✔ storage failure during pump keeps row retryable and other event errors never escape (24.089958ms)
✔ delayed storage failure and PUBACK ack failure retain original queue row for retry (66.337583ms)
✔ per RTU independent inflight; only PUBACK removes immutable row; malformed and retained rejected (36.822833ms)
✔ connection client IDs remain caller-specific with common auth configuration (0.183959ms)
✔ delayed pump reads latest model object and REST receipts persist (17.384042ms)
✔ provided 55-row wind TSV preserves voltage and proportional original-current estimate (3.54025ms)
✔ hybrid combined total distributes by rated capacity without inferring fuel from power shape (0.488292ms)
✔ KMA SFCTM2 field fixture uses index11 temperature, 10 degree wind and KST time (1.221792ms)
✔ KMA malformed/stale/future/out-of-range/wrong-station responses fail (0.276125ms)
✔ live refresh preserves irradiance; request has current observation parameters and no old tm (1.425958ms)
✔ automatic manual/frozen skips; explicit lookup enters weather mode and releases freeze (0.285625ms)
✔ failed live observations retain all last-valid values, source and timestamp without auth leaks (0.265084ms)
✔ missing direction preserves previous direction; SI never interpreted as irradiance (0.14725ms)
✔ manual edit during in-flight request is protected, including explicit request (0.301125ms)
ℹ tests 281
ℹ suites 0
ℹ pass 281
ℹ fail 0
ℹ cancelled 0
ℹ skipped 0
ℹ todo 0
ℹ duration_ms 32137.146666
