
> grid-vpp-emulator@1.2.0 test
> node --test tests/*.test.js

✔ malformed, null, array, oversized, retained and cross-RTU statuses rejected (0.905333ms)
✔ only allowlisted fields survive; raw credentials and controls are removed from reason (0.253958ms)
✔ command export authenticates, omits raw fields and scrubs secrets from all configuration layers (101.436125ms)
✔ export DTO keeps only typed snapshots, records redaction, and makes no de-identification/replay promise (1.47425ms)
✔ explicit broker URL password is treated as known credential in informational IDs (0.303209ms)
✔ control characters cannot split a credential URL to bypass export redaction (7.981542ms)
✔ export target and observed values preserve real accepted, executing and completed command semantics (16.176375ms)
✔ HTTP export has latest20 only, original run IDs, RTU isolation and no persistent or control side effects (53.451209ms)
✔ remote management fails closed without strong token (0.607791ms)
✔ exact bearer token required and topic wildcards forbidden (0.132167ms)
✔ configuration bounds and credential redaction (0.205042ms)
✔ zero available power does not complete start while fractional startup remains (6.295209ms)
✔ already expired and latency-expired requests leave SCADA settings unchanged (7.125959ms)
✔ canonical global dedup, validation atomicity, priority intersections (9.02975ms)
✔ expiry before dispatch; sensor freeze cannot complete; restart deadline real time (1.2525ms)
✔ target checks every allocated device and signed actual error, then completion (0.577875ms)
✔ stop clears pending startup and completed requires a post-dispatch model sample (0.421459ms)
✔ failed durable dispatch rolls back model, command cache and outbox together (0.693958ms)
✔ setpoint action validation applies even to known duplicate IDs (0.3355ms)
✔ outer model transaction rollback also restores nested command cancellation cache (0.379334ms)
✔ parser diagnostics never echo malformed CSV field contents (2.5575ms)
✔ prototype names remain unknown columns and never enter normalized DTOs (2.821292ms)
✔ 100000 rows are accepted; excessive rows abort before parsing trailing malformed input (416.206542ms)
✔ HTTP preview returns bounded diagnostics and authenticates before malformed input (64.508875ms)
✔ preflight caps columns before allocation and preserves quoted commas, escapes and newlines (2.620375ms)
✔ preview agrees with registration units, interpolation and time zones (12.342041ms)
✔ preview bounds output and preserves TSV electrical fields without emitting unknown CSV columns (1.40575ms)
✔ hybrid preview follows combined-total precedence and split sum exactly (4.1585ms)
✔ preview uses existing row validation and rejects invalid request shapes (0.493708ms)
✔ authenticated preview has no database, controller, RTU or transport side effects (104.823917ms)
✔ health precedence and exact real-time boundaries (4.217083ms)
✔ CSV/TSV BOM and Korean aliases, unit and missing weather (4.079ms)
✔ linear 300/599/600 boundaries and last interval hold, no wrapping interpolation (0.280125ms)
✔ mean/kWh energy holds original interval without claiming ramp-adjusted energy (0.541ms)
✔ direction shortest arc and optional missing data never backwards-filled (0.328583ms)
✔ strict actual dates, offsets, seconds, leap years (0.29475ms)
✔ invalid CSV errors identify original row/field; duplicate, reverse, gap, NaN, empty (1.129625ms)
✔ registration validates whole input and generates correct hybrid IDs and virtual coordinates (1.184ms)
✔ CSV total allocation and hybrid separate allocation, voltage/current provenance (0.878541ms)
✔ weather wind power cubic/rated/cut-out and custom interpolation (0.552ms)
✔ solar temperature correction, saturation, efficiency and manual night irradiance (1.158125ms)
✔ ramp, stopping, fractional startup and actuator freeze (0.45225ms)
✔ percentage limit and rated reductions, unchanged CSV power on weather-only edit (0.353542ms)
✔ all PATCH validators are atomic including RNG and source metadata (0.670208ms)
✔ LCG common noise, independent fault RNG, snapshot deterministic replay and pause (0.554291ms)
✔ separate irradiance CSV aligns source timestamp and falls back outside range (0.35025ms)
✔ frame includes complete state and excludes custom curve data; API retains curve (0.275042ms)
✔ loop count records actual dataset wraps, not seeks, and survives scenario JSON snapshots (0.282625ms)
✔ network recovery resumes from evidence while freeze and deadline remain authoritative (0.451541ms)
✔ independent HTTP command export preserves persisted observations across old run, absent fields, auth and RTU selection without writes (66.957541ms)
✔ expiresAt accepts explicit ISO zones/fractions and rejects permissive Date.parse calendar normalization (10.289791ms)
✔ expiresAt-only body change conflicts; equal priority supersedes overlapping but disjoint remains active (1.16625ms)
✔ physical database reopen restores unfinished deadline; timeout retains setting until explicit stop makes power zero (14.848875ms)
✔ backup runtime identity rejects old rollout pod, wrong digest, unavailable or ambiguous ready pods (1.20575ms)
✔ independent preview: summaries scan beyond display rows; hidden invalid row is rejected by preview and registration (10.713583ms)
✔ independent preview HTTP: existing model and every persistent table unchanged, no MQTT connection path invoked (37.241709ms)
✔ independent review: generated sample files accepted by production parser (43.985042ms)
✔ independent review: delayed KMA HTTP result cannot overwrite newer manual edit or station (33.218625ms)
✔ prune deletes old acknowledged frames/outbox while preserving old pending/unbatched data, command IDs and scenarios (3.394041ms)
✔ per-device identity/auth overrides are separate from common defaults and LWT topics are exact (3.448542ms)
✔ runtime keeps tick/prune/shutdown alive when audit and storage both fail (37.845042ms)
✔ shutdown closes HTTP and SQLite even if transport stop rejects (3.33925ms)
✔ unauthenticated health/config contain no configured credentials; protected state requires token (7.436541ms)
✔ public config exact allowlist and authenticated downloads never echo the credential (7.194167ms)
✔ durable atomic model/frame, immutable sequence and byte/run/count batches (101.580958ms)
✔ retention keeps unacknowledged messages, unbatched frames, command IDs and scenarios (1.216959ms)
✔ controlled kubectl outage retries with cap and recovers read-only with exact image/auth (702.457334ms)
✔ wrong remote image blocks forwarding and does not replay writes (356.704792ms)
✔ occupied unrelated ports are neither killed nor replaced (370.625167ms)
✔ existing healthy external forward survives supervisor freeze, deadline and stop (420.388167ms)
✔ singleton excludes same-process duplicate, replaces verified stale PID identity, refuses incomplete lock (18.475167ms)
✔ invalid startup configuration fails closed and does not spawn commands (5.992583ms)
✔ deadline stops only owned forward; expected-image update is revalidated (646.515042ms)
✔ storage failure during pump keeps row retryable and other event errors never escape (25.171208ms)
✔ delayed storage failure and PUBACK ack failure retain original queue row for retry (67.080084ms)
✔ per RTU independent inflight; only PUBACK removes immutable row; malformed and retained rejected (36.966416ms)
✔ connection client IDs remain caller-specific with common auth configuration (0.252667ms)
✔ delayed pump reads latest model object and REST receipts persist (17.555667ms)
✔ provided 55-row wind TSV preserves voltage and proportional original-current estimate (5.045375ms)
✔ hybrid combined total distributes by rated capacity without inferring fuel from power shape (0.800833ms)
✔ KMA SFCTM2 field fixture uses index11 temperature, 10 degree wind and KST time (2.246917ms)
✔ KMA malformed/stale/future/out-of-range/wrong-station responses fail (0.457458ms)
✔ live refresh preserves irradiance; request has current observation parameters and no old tm (2.289ms)
✔ automatic manual/frozen skips; explicit lookup enters weather mode and releases freeze (0.643375ms)
✔ failed live observations retain all last-valid values, source and timestamp without auth leaks (0.53725ms)
✔ missing direction preserves previous direction; SI never interpreted as irradiance (0.48225ms)
✔ manual edit during in-flight request is protected, including explicit request (0.804083ms)
ℹ tests 87
ℹ suites 0
ℹ pass 87
ℹ fail 0
ℹ cancelled 0
ℹ skipped 0
ℹ todo 0
ℹ duration_ms 3675.905875
