✔ malformed, null, array, oversized, retained and cross-RTU statuses rejected (25.055708ms)
✔ only allowlisted fields survive; raw credentials and controls are removed from reason (3.752625ms)
✔ remote management fails closed without strong token (12.35075ms)
✔ exact bearer token required and topic wildcards forbidden (2.0505ms)
✔ configuration bounds and credential redaction (5.932958ms)
✔ zero available power does not complete start while fractional startup remains (115.777208ms)
✔ already expired and latency-expired requests leave SCADA settings unchanged (31.8765ms)
✔ canonical global dedup, validation atomicity, priority intersections (93.942ms)
✔ expiry before dispatch; sensor freeze cannot complete; restart deadline real time (16.340583ms)
✔ target checks every allocated device and signed actual error, then completion (3.085791ms)
✔ stop clears pending startup and completed requires a post-dispatch model sample (2.240708ms)
✔ failed durable dispatch rolls back model, command cache and outbox together (9.034417ms)
✔ setpoint action validation applies even to known duplicate IDs (2.554125ms)
✔ outer model transaction rollback also restores nested command cancellation cache (2.154042ms)
✔ health precedence and exact real-time boundaries (27.042542ms)
✔ CSV/TSV BOM and Korean aliases, unit and missing weather (42.576458ms)
✔ linear 300/599/600 boundaries and last interval hold, no wrapping interpolation (7.283792ms)
✔ mean/kWh energy holds original interval without claiming ramp-adjusted energy (13.9205ms)
✔ direction shortest arc and optional missing data never backwards-filled (18.086958ms)
✔ strict actual dates, offsets, seconds, leap years (9.690792ms)
✔ invalid CSV errors identify original row/field; duplicate, reverse, gap, NaN, empty (35.027416ms)
✔ registration validates whole input and generates correct hybrid IDs and virtual coordinates (50.515333ms)
✔ CSV total allocation and hybrid separate allocation, voltage/current provenance (13.724166ms)
✔ weather wind power cubic/rated/cut-out and custom interpolation (4.667583ms)
✔ solar temperature correction, saturation, efficiency and manual night irradiance (5.19525ms)
✔ ramp, stopping, fractional startup and actuator freeze (4.313583ms)
✔ percentage limit and rated reductions, unchanged CSV power on weather-only edit (2.462625ms)
✔ all PATCH validators are atomic including RNG and source metadata (4.294833ms)
✔ LCG common noise, independent fault RNG, snapshot deterministic replay and pause (1.702125ms)
✔ separate irradiance CSV aligns source timestamp and falls back outside range (1.110334ms)
✔ frame includes complete state and excludes custom curve data; API retains curve (1.33275ms)
✔ loop count records actual dataset wraps, not seeks, and survives scenario JSON snapshots (7.352916ms)
✔ expiresAt accepts explicit ISO zones/fractions and rejects permissive Date.parse calendar normalization (92.496416ms)
✔ expiresAt-only body change conflicts; equal priority supersedes overlapping but disjoint remains active (7.127ms)
✔ physical database reopen restores unfinished deadline; timeout retains setting until explicit stop makes power zero (22.934125ms)
✔ independent review: generated sample files accepted by production parser (480.9185ms)
✔ independent review: delayed KMA HTTP result cannot overwrite newer manual edit or station (258.942334ms)
✔ prune deletes old acknowledged frames/outbox while preserving old pending/unbatched data, command IDs and scenarios (85.09275ms)
✔ per-device identity/auth overrides are separate from common defaults and LWT topics are exact (50.772125ms)
✔ runtime keeps tick/prune/shutdown alive when audit and storage both fail (236.036501ms)
✔ shutdown closes HTTP and SQLite even if transport stop rejects (11.486667ms)
✔ unauthenticated health/config contain no configured credentials; protected state requires token (80.759417ms)
✔ public config exact allowlist and authenticated downloads never echo the credential (48.764375ms)
✔ durable atomic model/frame, immutable sequence and byte/run/count batches (166.721416ms)
✔ retention keeps unacknowledged messages, unbatched frames, command IDs and scenarios (7.43075ms)
✔ storage failure during pump keeps row retryable and other event errors never escape (74.270458ms)
✔ delayed storage failure and PUBACK ack failure retain original queue row for retry (68.740875ms)
✔ per RTU independent inflight; only PUBACK removes immutable row; malformed and retained rejected (88.579ms)
✔ connection client IDs remain caller-specific with common auth configuration (1.542542ms)
✔ delayed pump reads latest model object and REST receipts persist (21.810583ms)
✔ provided 55-row wind TSV preserves voltage and proportional original-current estimate (88.615042ms)
✔ hybrid combined total distributes by rated capacity without inferring fuel from power shape (7.67525ms)
✔ KMA SFCTM2 field fixture uses index11 temperature, 10 degree wind and KST time (18.977792ms)
✔ KMA malformed/stale/future/out-of-range/wrong-station responses fail (4.973083ms)
✔ live refresh preserves irradiance; request has current observation parameters and no old tm (15.813416ms)
✔ automatic manual/frozen skips; explicit lookup enters weather mode and releases freeze (3.743875ms)
✔ failed live observations retain all last-valid values, source and timestamp without auth leaks (6.279625ms)
✔ missing direction preserves previous direction; SI never interpreted as irradiance (1.8665ms)
✔ manual edit during in-flight request is protected, including explicit request (6.633417ms)
ℹ tests 59
ℹ suites 0
ℹ pass 59
ℹ fail 0
ℹ cancelled 0
ℹ skipped 0
ℹ todo 0
ℹ duration_ms 2013.402417
