
> grid-vpp-emulator@1.1.0 test
> node --test tests/*.test.js

✔ malformed, null, array, oversized, retained and cross-RTU statuses rejected (0.799833ms)
✔ only allowlisted fields survive; raw credentials and controls are removed from reason (0.220375ms)
✔ remote management fails closed without strong token (0.576417ms)
✔ exact bearer token required and topic wildcards forbidden (0.139584ms)
✔ configuration bounds and credential redaction (0.199959ms)
✔ zero available power does not complete start while fractional startup remains (11.485667ms)
✔ already expired and latency-expired requests leave SCADA settings unchanged (7.3765ms)
✔ canonical global dedup, validation atomicity, priority intersections (13.622417ms)
✔ expiry before dispatch; sensor freeze cannot complete; restart deadline real time (1.173292ms)
✔ target checks every allocated device and signed actual error, then completion (0.515875ms)
✔ stop clears pending startup and completed requires a post-dispatch model sample (0.4345ms)
✔ failed durable dispatch rolls back model, command cache and outbox together (0.894416ms)
✔ setpoint action validation applies even to known duplicate IDs (0.418375ms)
✔ outer model transaction rollback also restores nested command cancellation cache (0.516334ms)
✔ parser diagnostics never echo malformed CSV field contents (2.319084ms)
✔ prototype names remain unknown columns and never enter normalized DTOs (6.029708ms)
✔ 100000 rows are accepted; excessive rows abort before parsing trailing malformed input (348.236333ms)
✔ HTTP preview returns bounded diagnostics and authenticates before malformed input (64.383583ms)
✔ preflight caps columns before allocation and preserves quoted commas, escapes and newlines (2.307209ms)
✔ preview agrees with registration units, interpolation and time zones (4.993ms)
✔ preview bounds output and preserves TSV electrical fields without emitting unknown CSV columns (2.340959ms)
✔ hybrid preview follows combined-total precedence and split sum exactly (0.253792ms)
✔ preview uses existing row validation and rejects invalid request shapes (0.350334ms)
✔ authenticated preview has no database, controller, RTU or transport side effects (79.003083ms)
✔ health precedence and exact real-time boundaries (4.658542ms)
✔ CSV/TSV BOM and Korean aliases, unit and missing weather (7.573083ms)
✔ linear 300/599/600 boundaries and last interval hold, no wrapping interpolation (0.564291ms)
✔ mean/kWh energy holds original interval without claiming ramp-adjusted energy (0.649083ms)
✔ direction shortest arc and optional missing data never backwards-filled (0.491542ms)
✔ strict actual dates, offsets, seconds, leap years (0.721042ms)
✔ invalid CSV errors identify original row/field; duplicate, reverse, gap, NaN, empty (2.034792ms)
✔ registration validates whole input and generates correct hybrid IDs and virtual coordinates (1.507583ms)
✔ CSV total allocation and hybrid separate allocation, voltage/current provenance (1.015209ms)
✔ weather wind power cubic/rated/cut-out and custom interpolation (0.42775ms)
✔ solar temperature correction, saturation, efficiency and manual night irradiance (0.341083ms)
✔ ramp, stopping, fractional startup and actuator freeze (0.463959ms)
✔ percentage limit and rated reductions, unchanged CSV power on weather-only edit (0.207417ms)
✔ all PATCH validators are atomic including RNG and source metadata (0.466875ms)
✔ LCG common noise, independent fault RNG, snapshot deterministic replay and pause (1.119292ms)
✔ separate irradiance CSV aligns source timestamp and falls back outside range (0.9295ms)
✔ frame includes complete state and excludes custom curve data; API retains curve (0.51775ms)
✔ loop count records actual dataset wraps, not seeks, and survives scenario JSON snapshots (0.304083ms)
✔ expiresAt accepts explicit ISO zones/fractions and rejects permissive Date.parse calendar normalization (6.557084ms)
✔ expiresAt-only body change conflicts; equal priority supersedes overlapping but disjoint remains active (0.760167ms)
✔ physical database reopen restores unfinished deadline; timeout retains setting until explicit stop makes power zero (15.484625ms)
✔ independent preview: summaries scan beyond display rows; hidden invalid row is rejected by preview and registration (11.167417ms)
✔ independent preview HTTP: existing model and every persistent table unchanged, no MQTT connection path invoked (40.30625ms)
✔ independent review: generated sample files accepted by production parser (44.151958ms)
✔ independent review: delayed KMA HTTP result cannot overwrite newer manual edit or station (39.592208ms)
✔ prune deletes old acknowledged frames/outbox while preserving old pending/unbatched data, command IDs and scenarios (6.794625ms)
✔ per-device identity/auth overrides are separate from common defaults and LWT topics are exact (3.556875ms)
✔ runtime keeps tick/prune/shutdown alive when audit and storage both fail (29.008958ms)
✔ shutdown closes HTTP and SQLite even if transport stop rejects (2.96525ms)
✔ unauthenticated health/config contain no configured credentials; protected state requires token (8.245875ms)
✔ public config exact allowlist and authenticated downloads never echo the credential (9.152916ms)
✔ durable atomic model/frame, immutable sequence and byte/run/count batches (60.931458ms)
✔ retention keeps unacknowledged messages, unbatched frames, command IDs and scenarios (1.12025ms)
✔ storage failure during pump keeps row retryable and other event errors never escape (25.800375ms)
✔ delayed storage failure and PUBACK ack failure retain original queue row for retry (66.555625ms)
✔ per RTU independent inflight; only PUBACK removes immutable row; malformed and retained rejected (36.128166ms)
✔ connection client IDs remain caller-specific with common auth configuration (0.220416ms)
✔ delayed pump reads latest model object and REST receipts persist (17.445084ms)
✔ provided 55-row wind TSV preserves voltage and proportional original-current estimate (5.447166ms)
✔ hybrid combined total distributes by rated capacity without inferring fuel from power shape (0.977208ms)
✔ KMA SFCTM2 field fixture uses index11 temperature, 10 degree wind and KST time (2.116334ms)
✔ KMA malformed/stale/future/out-of-range/wrong-station responses fail (0.424542ms)
✔ live refresh preserves irradiance; request has current observation parameters and no old tm (2.102709ms)
✔ automatic manual/frozen skips; explicit lookup enters weather mode and releases freeze (0.468625ms)
✔ failed live observations retain all last-valid values, source and timestamp without auth leaks (0.424875ms)
✔ missing direction preserves previous direction; SI never interpreted as irradiance (0.228083ms)
✔ manual edit during in-flight request is protected, including explicit request (0.39075ms)
ℹ tests 71
ℹ suites 0
ℹ pass 71
ℹ fail 0
ℹ cancelled 0
ℹ skipped 0
ℹ todo 0
ℹ duration_ms 485.812667
