{
  "result": "PASS",
  "suite": "actual-process-command-restart",
  "firstPid": 26777,
  "secondPid": 26796,
  "signal": "SIGKILL",
  "cumulativeMetricsPreserved": true,
  "beforeMetrics": {
    "generatedSamples": 3,
    "firstSampleAt": "2026-09-21T08:49:07.676Z",
    "lastSampleAt": "2026-09-21T08:49:09.679Z",
    "telemetryAttempts": 2,
    "telemetryConfirmed": 2,
    "telemetryFailed": 0,
    "skippedPublications": 0,
    "confirmedBytes": 7892,
    "lastConfirmedAt": "2026-09-21T08:49:09.703Z",
    "lastPubackMs": 1,
    "lastPayloadBytes": 3946,
    "lastBatchSamples": 1,
    "lastError": null,
    "commandsReceived": 1,
    "commandsAccepted": 1,
    "commandsRejected": 0,
    "commandsDuplicate": 0,
    "lastCommandMs": 1,
    "recentCommands": [
      {
        "commandId": "c717f601-6047-4ed1-b739-2107f3436093",
        "status": "accepted",
        "source": "REST",
        "duplicate": false,
        "timestamp": "2026-09-21T08:49:08.785Z"
      }
    ],
    "telemetryPending": 0,
    "clientId": "process-review-eb54f76e-b0dd-4a72-a205-e3acd9d9bd3d-gateway-3154bcca-8628-4a80-bb34-bee2b8f90e43",
    "telemetryTopic": "process-review-eb54f76e-b0dd-4a72-a205-e3acd9d9bd3d/rtu/3154bcca-8628-4a80-bb34-bee2b8f90e43/telemetry",
    "pendingMessages": 0,
    "oldestPendingAt": null,
    "unbatchedSamples": 1,
    "connected": true,
    "sampleAgeSeconds": 0.218,
    "pubackAgeSeconds": 0.194,
    "completionRate": 1,
    "health": "HEALTHY"
  },
  "afterMetrics": {
    "generatedSamples": 3,
    "firstSampleAt": "2026-09-21T08:49:07.676Z",
    "lastSampleAt": "2026-09-21T08:49:09.679Z",
    "telemetryAttempts": 2,
    "telemetryConfirmed": 2,
    "telemetryFailed": 0,
    "skippedPublications": 0,
    "confirmedBytes": 7892,
    "lastConfirmedAt": "2026-09-21T08:49:09.703Z",
    "lastPubackMs": 1,
    "lastPayloadBytes": 3946,
    "lastBatchSamples": 1,
    "lastError": null,
    "commandsReceived": 1,
    "commandsAccepted": 1,
    "commandsRejected": 0,
    "commandsDuplicate": 0,
    "lastCommandMs": 1,
    "recentCommands": [
      {
        "commandId": "c717f601-6047-4ed1-b739-2107f3436093",
        "status": "accepted",
        "source": "REST",
        "duplicate": false,
        "timestamp": "2026-09-21T08:49:08.785Z"
      }
    ],
    "telemetryPending": 0,
    "clientId": "process-review-eb54f76e-b0dd-4a72-a205-e3acd9d9bd3d-gateway-3154bcca-8628-4a80-bb34-bee2b8f90e43",
    "telemetryTopic": "process-review-eb54f76e-b0dd-4a72-a205-e3acd9d9bd3d/rtu/3154bcca-8628-4a80-bb34-bee2b8f90e43/telemetry",
    "pendingMessages": 0,
    "oldestPendingAt": null,
    "unbatchedSamples": 1,
    "connected": true,
    "sampleAgeSeconds": 0.33,
    "pubackAgeSeconds": 0.306,
    "completionRate": 1,
    "health": "HEALTHY"
  },
  "commandId": "c717f601-6047-4ed1-b739-2107f3436093",
  "originalDeadline": "2026-09-21T08:49:17.678Z",
  "restoredStatus": "executing",
  "timeoutObservedAt": "2026-09-21T08:49:18.000Z",
  "targetPreservedAfterTimeout": true,
  "explicitStopCompleted": true,
  "broker": "mqtt://127.0.0.1:18883",
  "prefix": "process-review-eb54f76e-b0dd-4a72-a205-e3acd9d9bd3d"
}
