
> grid-vpp-emulator@1.0.0 test
> node --test tests/*.test.js

✔ malformed, null, array, oversized, retained and cross-RTU statuses rejected (1.094667ms)
✔ only allowlisted fields survive; raw credentials and controls are removed from reason (0.294834ms)
✔ remote management fails closed without strong token (0.612959ms)
✔ exact bearer token required and topic wildcards forbidden (0.125209ms)
✔ configuration bounds and credential redaction (0.188458ms)
✔ zero available power does not complete start while fractional startup remains (29.329791ms)
✔ already expired and latency-expired requests leave SCADA settings unchanged (7.152916ms)
✔ canonical global dedup, validation atomicity, priority intersections (20.791791ms)
✔ expiry before dispatch; sensor freeze cannot complete; restart deadline real time (1.376416ms)
✔ target checks every allocated device and signed actual error, then completion (0.622875ms)
✔ stop clears pending startup and completed requires a post-dispatch model sample (0.499667ms)
✔ failed durable dispatch rolls back model, command cache and outbox together (5.811958ms)
✔ setpoint action validation applies even to known duplicate IDs (2.30625ms)
✔ outer model transaction rollback also restores nested command cancellation cache (0.548292ms)
✔ health precedence and exact real-time boundaries (3.1085ms)
✔ CSV/TSV BOM and Korean aliases, unit and missing weather (9.421958ms)
✔ linear 300/599/600 boundaries and last interval hold, no wrapping interpolation (0.446958ms)
✔ mean/kWh energy holds original interval without claiming ramp-adjusted energy (0.755875ms)
✔ direction shortest arc and optional missing data never backwards-filled (0.24125ms)
✔ strict actual dates, offsets, seconds, leap years (0.240125ms)
✔ invalid CSV errors identify original row/field; duplicate, reverse, gap, NaN, empty (1.026416ms)
✔ registration validates whole input and generates correct hybrid IDs and virtual coordinates (1.296042ms)
✔ CSV total allocation and hybrid separate allocation, voltage/current provenance (2.670583ms)
✔ weather wind power cubic/rated/cut-out and custom interpolation (0.428708ms)
✔ solar temperature correction, saturation, efficiency and manual night irradiance (0.317042ms)
✔ ramp, stopping, fractional startup and actuator freeze (0.304709ms)
✔ percentage limit and rated reductions, unchanged CSV power on weather-only edit (4.884083ms)
✔ all PATCH validators are atomic including RNG and source metadata (0.466125ms)
✔ LCG common noise, independent fault RNG, snapshot deterministic replay and pause (0.873833ms)
✔ separate irradiance CSV aligns source timestamp and falls back outside range (0.826791ms)
✔ frame includes complete state and excludes custom curve data; API retains curve (0.389667ms)
✔ loop count records actual dataset wraps, not seeks, and survives scenario JSON snapshots (0.704917ms)
✔ expiresAt accepts explicit ISO zones/fractions and rejects permissive Date.parse calendar normalization (15.059625ms)
✔ expiresAt-only body change conflicts; equal priority supersedes overlapping but disjoint remains active (7.089791ms)
✔ physical database reopen restores unfinished deadline; timeout retains setting until explicit stop makes power zero (17.943917ms)
✔ independent review: generated sample files accepted by production parser (36.219125ms)
✔ independent review: delayed KMA HTTP result cannot overwrite newer manual edit or station (32.45375ms)
✔ prune deletes old acknowledged frames/outbox while preserving old pending/unbatched data, command IDs and scenarios (11.130667ms)
✔ runtime keeps tick/prune/shutdown alive when audit and storage both fail (24.039791ms)
✔ shutdown closes HTTP and SQLite even if transport stop rejects (2.627292ms)
✔ unauthenticated health/config contain no configured credentials; protected state requires token (6.119333ms)
✔ durable atomic model/frame, immutable sequence and byte/run/count batches (77.476084ms)
✔ retention keeps unacknowledged messages, unbatched frames, command IDs and scenarios (0.805417ms)
✔ storage failure during pump keeps row retryable and other event errors never escape (29.324625ms)
✔ delayed storage failure and PUBACK ack failure retain original queue row for retry (64.189458ms)
✔ per RTU independent inflight; only PUBACK removes immutable row; malformed and retained rejected (35.688417ms)
✔ connection client IDs remain caller-specific with common auth configuration (0.218875ms)
✔ delayed pump reads latest model object and REST receipts persist (16.692333ms)
✔ provided 55-row wind TSV preserves voltage and proportional original-current estimate (6.298708ms)
✔ hybrid combined total distributes by rated capacity without inferring fuel from power shape (1.069ms)
✔ KMA SFCTM2 field fixture uses index11 temperature, 10 degree wind and KST time (1.571459ms)
✔ KMA malformed/stale/future/out-of-range/wrong-station responses fail (0.318709ms)
✔ live refresh preserves irradiance; request has current observation parameters and no old tm (1.616708ms)
✔ automatic manual/frozen skips; explicit lookup enters weather mode and releases freeze (0.320709ms)
✔ failed live observations retain all last-valid values, source and timestamp without auth leaks (0.363ms)
✔ missing direction preserves previous direction; SI never interpreted as irradiance (0.232292ms)
✔ manual edit during in-flight request is protected, including explicit request (0.386459ms)
ℹ tests 57
ℹ suites 0
ℹ pass 57
ℹ fail 0
ℹ cancelled 0
ℹ skipped 0
ℹ todo 0
ℹ duration_ms 212.364666
