✔ malformed, null, array, oversized, retained and cross-RTU statuses rejected (0.900833ms)
✔ only allowlisted fields survive; raw credentials and controls are removed from reason (0.256292ms)
✔ remote management fails closed without strong token (0.8765ms)
✔ exact bearer token required and topic wildcards forbidden (0.221833ms)
✔ configuration bounds and credential redaction (0.292917ms)
✔ canonical global dedup, validation atomicity, priority intersections (9.411875ms)
✔ expiry before dispatch; sensor freeze cannot complete; restart deadline real time (1.4585ms)
✔ target checks every allocated device and signed actual error, then completion (2.494791ms)
✔ stop clears pending startup and completed requires a post-dispatch model sample (1.105958ms)
✔ failed durable dispatch rolls back model, command cache and outbox together (0.863542ms)
✔ setpoint action validation applies even to known duplicate IDs (0.519083ms)
✔ outer model transaction rollback also restores nested command cancellation cache (0.948875ms)
✔ health precedence and exact real-time boundaries (2.415083ms)
✔ CSV/TSV BOM and Korean aliases, unit and missing weather (3.604083ms)
✔ linear 300/599/600 boundaries and last interval hold, no wrapping interpolation (0.399042ms)
✔ mean/kWh energy holds original interval without claiming ramp-adjusted energy (1.085584ms)
✔ direction shortest arc and optional missing data never backwards-filled (0.618958ms)
✔ strict actual dates, offsets, seconds, leap years (0.365834ms)
✔ invalid CSV errors identify original row/field; duplicate, reverse, gap, NaN, empty (1.93175ms)
✔ registration validates whole input and generates correct hybrid IDs and virtual coordinates (1.640917ms)
✔ CSV total allocation and hybrid separate allocation, voltage/current provenance (1.24825ms)
✔ weather wind power cubic/rated/cut-out and custom interpolation (0.722ms)
✔ solar temperature correction, saturation, efficiency and manual night irradiance (0.577625ms)
✔ ramp, stopping, fractional startup and actuator freeze (0.596042ms)
✔ percentage limit and rated reductions, unchanged CSV power on weather-only edit (0.344583ms)
✔ all PATCH validators are atomic including RNG and source metadata (0.959625ms)
✔ LCG common noise, independent fault RNG, snapshot deterministic replay and pause (0.648084ms)
✔ separate irradiance CSV aligns source timestamp and falls back outside range (0.351125ms)
✔ frame includes complete state and excludes custom curve data; API retains curve (0.444583ms)
✔ loop count records actual dataset wraps, not seeks, and survives scenario JSON snapshots (0.346209ms)
✔ independent review: generated sample files accepted by production parser (39.131333ms)
✔ independent review: delayed KMA HTTP result cannot overwrite newer manual edit or station (36.275459ms)
✔ runtime keeps tick/prune/shutdown alive when audit and storage both fail (25.203292ms)
✔ shutdown closes HTTP and SQLite even if transport stop rejects (2.405625ms)
✔ unauthenticated health/config contain no configured credentials; protected state requires token (7.699209ms)
✔ durable atomic model/frame, immutable sequence and byte/run/count batches (59.061667ms)
✔ retention keeps unacknowledged messages, unbatched frames, command IDs and scenarios (1.626208ms)
✔ storage failure during pump keeps row retryable and other event errors never escape (23.678666ms)
✔ delayed storage failure and PUBACK ack failure retain original queue row for retry (64.229667ms)
✔ per RTU independent inflight; only PUBACK removes immutable row; malformed and retained rejected (36.793084ms)
✔ connection client IDs remain caller-specific with common auth configuration (0.267167ms)
✔ delayed pump reads latest model object and REST receipts persist (15.702625ms)
✔ KMA SFCTM2 field fixture uses index11 temperature, 10 degree wind and KST time (1.98775ms)
✔ KMA malformed/stale/future/out-of-range/wrong-station responses fail (0.642708ms)
✔ live refresh preserves irradiance; request has current observation parameters and no old tm (2.562333ms)
✔ automatic manual/frozen skips; explicit lookup enters weather mode and releases freeze (0.550666ms)
✔ failed live observations retain all last-valid values, source and timestamp without auth leaks (0.572791ms)
✔ missing direction preserves previous direction; SI never interpreted as irradiance (0.308167ms)
✔ manual edit during in-flight request is protected, including explicit request (0.860292ms)
ℹ tests 49
ℹ suites 0
ℹ pass 49
ℹ fail 0
ℹ cancelled 0
ℹ skipped 0
ℹ todo 0
ℹ duration_ms 256.972667
