✔ remote management fails closed without strong token (0.675583ms)
✔ exact bearer token required and topic wildcards forbidden (0.189083ms)
✔ configuration bounds and credential redaction (0.22725ms)
✔ canonical global dedup, validation atomicity, priority intersections (12.982791ms)
✔ expiry before dispatch; sensor freeze cannot complete; restart deadline real time (1.330459ms)
✔ target checks every allocated device and signed actual error, then completion (2.117333ms)
✔ stop clears pending startup and completed requires a post-dispatch model sample (0.684792ms)
✔ failed durable dispatch rolls back model, command cache and outbox together (1.224291ms)
✔ setpoint action validation applies even to known duplicate IDs (0.716917ms)
✔ outer model transaction rollback also restores nested command cancellation cache (0.856917ms)
✔ health precedence and exact real-time boundaries (1.566333ms)
✔ CSV/TSV BOM and Korean aliases, unit and missing weather (3.434208ms)
✔ linear 300/599/600 boundaries and last interval hold, no wrapping interpolation (0.371708ms)
✔ mean/kWh energy holds original interval without claiming ramp-adjusted energy (0.81475ms)
✔ direction shortest arc and optional missing data never backwards-filled (0.331166ms)
✔ strict actual dates, offsets, seconds, leap years (0.303042ms)
✔ invalid CSV errors identify original row/field; duplicate, reverse, gap, NaN, empty (1.335958ms)
✔ registration validates whole input and generates correct hybrid IDs and virtual coordinates (1.38175ms)
✔ CSV total allocation and hybrid separate allocation, voltage/current provenance (1.093333ms)
✔ weather wind power cubic/rated/cut-out and custom interpolation (0.496041ms)
✔ solar temperature correction, saturation, efficiency and manual night irradiance (0.350333ms)
✔ ramp, stopping, fractional startup and actuator freeze (0.740709ms)
✔ percentage limit and rated reductions, unchanged CSV power on weather-only edit (0.244875ms)
✔ all PATCH validators are atomic including RNG and source metadata (0.412625ms)
✔ LCG common noise, independent fault RNG, snapshot deterministic replay and pause (0.3555ms)
✔ separate irradiance CSV aligns source timestamp and falls back outside range (0.2075ms)
✔ frame includes complete state and excludes custom curve data; API retains curve (0.163541ms)
✔ independent review: generated sample files accepted by production parser (34.261792ms)
✔ independent review: delayed KMA HTTP result cannot overwrite newer manual edit or station (35.437458ms)
✔ durable atomic model/frame, immutable sequence and byte/run/count batches (53.865083ms)
✔ retention keeps unacknowledged messages, unbatched frames, command IDs and scenarios (0.985042ms)
✔ storage failure during pump keeps row retryable and other event errors never escape (23.815583ms)
✔ delayed storage failure and PUBACK ack failure retain original queue row for retry (64.789666ms)
✔ per RTU independent inflight; only PUBACK removes immutable row; malformed and retained rejected (36.558167ms)
✔ connection client IDs remain caller-specific with common auth configuration (0.231708ms)
✔ delayed pump reads latest model object and REST receipts persist (16.215208ms)
✔ KMA SFCTM2 field fixture uses index11 temperature, 10 degree wind and KST time (2.148625ms)
✔ KMA malformed/stale/future/out-of-range/wrong-station responses fail (0.774583ms)
✔ live refresh preserves irradiance; request has current observation parameters and no old tm (2.610875ms)
✔ automatic manual/frozen skips; explicit lookup enters weather mode and releases freeze (0.62675ms)
✔ failed live observations retain all last-valid values, source and timestamp without auth leaks (0.643417ms)
✔ missing direction preserves previous direction; SI never interpreted as irradiance (0.300292ms)
✔ manual edit during in-flight request is protected, including explicit request (0.588709ms)
ℹ tests 43
ℹ suites 0
ℹ pass 43
ℹ fail 0
ℹ cancelled 0
ℹ skipped 0
ℹ todo 0
ℹ duration_ms 187.527
