#0 building with "desktop-linux" instance using docker driver

#1 [internal] load build definition from Dockerfile
#1 transferring dockerfile: 1.37kB done
#1 DONE 0.0s

#2 [internal] load metadata for docker.io/library/node:24.21.0-alpine@sha256:ebfe2f90462722a7a4de65e91990e97fe0d401c70e0e762c5b53302f905ec1c1
#2 DONE 1.7s

#3 [internal] load .dockerignore
#3 transferring context: 96B done
#3 DONE 0.0s

#4 [build 1/7] FROM docker.io/library/node:24.21.0-alpine@sha256:ebfe2f90462722a7a4de65e91990e97fe0d401c70e0e762c5b53302f905ec1c1
#4 resolve docker.io/library/node:24.21.0-alpine@sha256:ebfe2f90462722a7a4de65e91990e97fe0d401c70e0e762c5b53302f905ec1c1 done
#4 DONE 0.0s

#5 [internal] load build context
#5 transferring context: 322.30kB done
#5 DONE 0.0s

#6 [build 2/7] WORKDIR /app
#6 CACHED

#7 [build 3/7] COPY package.json package-lock.json ./
#7 DONE 0.0s

#8 [build 4/7] RUN npm ci
#8 ...

#9 [stage-1  4/10] RUN apk upgrade --no-cache     && npm ci --omit=dev --ignore-scripts && npm cache clean --force     && rm -rf /usr/local/lib/node_modules/npm /usr/local/lib/node_modules/corepack /opt/yarn*     && rm -f /usr/local/bin/npm /usr/local/bin/npx /usr/local/bin/corepack /usr/local/bin/yarn /usr/local/bin/yarnpkg     && rm -rf /var/cache/apk/* /root/.npm
#9 0.899 OK: 10.9 MiB in 18 packages
#9 8.947 
#9 8.947 added 110 packages, and audited 111 packages in 8s
#9 8.947 
#9 8.947 33 packages are looking for funding
#9 8.948   run `npm fund` for details
#9 8.948 
#9 8.948 found 0 vulnerabilities
#9 8.952 npm notice
#9 8.952 npm notice New major version of npm available! 11.19.0 -> 12.0.2
#9 8.952 npm notice Changelog: https://github.com/npm/cli/releases/tag/v12.0.2
#9 8.952 npm notice To update run: npm install -g npm@12.0.2
#9 8.952 npm notice
#9 9.427 npm warn using --force Recommended protections disabled.
#9 DONE 10.0s

#8 [build 4/7] RUN npm ci
#8 41.82 
#8 41.82 added 186 packages, and audited 187 packages in 41s
#8 41.82 
#8 41.82 38 packages are looking for funding
#8 41.82   run `npm fund` for details
#8 41.82 
#8 41.82 found 0 vulnerabilities
#8 41.82 npm warn install-scripts 1 package has install scripts not yet covered by allowScripts:
#8 41.82 npm warn install-scripts   esbuild@0.28.2 (postinstall: node install.js)
#8 41.82 npm warn install-scripts
#8 41.82 npm warn install-scripts Run `npm install-scripts ls` to review, or `npm install-scripts approve <pkg>` to allow.
#8 41.82 npm notice
#8 41.82 npm notice New major version of npm available! 11.19.0 -> 12.0.2
#8 41.82 npm notice Changelog: https://github.com/npm/cli/releases/tag/v12.0.2
#8 41.82 npm notice To update run: npm install -g npm@12.0.2
#8 41.82 npm notice
#8 DONE 41.9s

#10 [build 5/7] COPY web ./web
#10 DONE 0.0s

#11 [build 6/7] COPY vite.config.js ./
#11 DONE 0.0s

#12 [build 7/7] RUN npm run build
#12 0.550 
#12 0.550 > grid-vpp-emulator@1.3.0 build
#12 0.550 > vite build
#12 0.550 
#12 1.163 vite v7.3.6 building client environment for production...
#12 1.265 transforming...
#12 5.780 ✓ 2139 modules transformed.
#12 5.976 rendering chunks...
#12 6.045 computing gzip size...
#12 6.064 ../dist/index.html                   0.41 kB │ gzip:   0.30 kB
#12 6.064 ../dist/assets/index-IyMLkOKk.css   19.36 kB │ gzip:   5.07 kB
#12 6.064 ../dist/assets/index-Bq6rJvbB.js   256.88 kB │ gzip:  81.57 kB
#12 6.065 ../dist/assets/Scene-DAo9oGY5.js   885.86 kB │ gzip: 238.71 kB
#12 6.065 
#12 6.065 (!) Some chunks are larger than 500 kB after minification. Consider:
#12 6.065 - Using dynamic import() to code-split the application
#12 6.065 - Use build.rollupOptions.output.manualChunks to improve chunking: https://rollupjs.org/configuration-options/#output-manualchunks
#12 6.065 - Adjust chunk size limit for this warning via build.chunkSizeWarningLimit.
#12 6.066 ✓ built in 4.88s
#12 DONE 6.1s

#13 [stage-1  5/10] COPY --from=build /app/dist ./dist
#13 DONE 0.0s

#14 [stage-1  6/10] COPY server ./server
#14 DONE 0.0s

#15 [stage-1  7/10] COPY scripts/vpp-client.js scripts/client-message.js ./scripts/
#15 DONE 0.0s

#16 [stage-1  8/10] COPY samples ./samples
#16 DONE 0.0s

#17 [stage-1  9/10] COPY docs/protocol.md ./docs/protocol.md
#17 DONE 0.0s

#18 [stage-1 10/10] RUN mkdir /data && chown node:node /data
#18 DONE 0.1s

#19 exporting to oci image format
#19 exporting layers
#19 exporting layers 0.3s done
#19 exporting manifest sha256:5563acc1efa5abbfaa23dd7f450312f8c7409258550a3dbcdb54d3b7d879ba5d
#19 exporting manifest sha256:5563acc1efa5abbfaa23dd7f450312f8c7409258550a3dbcdb54d3b7d879ba5d done
#19 exporting config sha256:ffa4e0cddca5386505064d6a78a3cc67027925538eb1459b540be6466a5a0708 done
#19 sending tarball
#19 sending tarball 0.5s done
#19 DONE 0.7s
