✔ malformed, null, array, oversized, retained and cross-RTU statuses rejected (16.446416ms)
✔ only allowlisted fields survive; raw credentials and controls are removed from reason (2.615959ms)
✔ command export authenticates, omits raw fields and scrubs secrets from all configuration layers (304.703083ms)
✔ export DTO keeps only typed snapshots, records redaction, and makes no de-identification/replay promise (22.415833ms)
✔ explicit broker URL password is treated as known credential in informational IDs (7.845625ms)
✔ control normalization cannot expose known secrets or create empty replacement patterns (1.280083ms)
✔ control characters cannot split a credential URL to bypass export redaction (12.213375ms)
✔ export target and observed values preserve real accepted, executing and completed command semantics (62.496084ms)
✔ HTTP export has latest20 only, original run IDs, RTU isolation and no persistent or control side effects (393.587ms)
✔ remote management fails closed without strong token (7.073042ms)
✔ exact bearer token required and topic wildcards forbidden (0.964292ms)
✔ configuration bounds and credential redaction (4.492458ms)
✔ zero available power does not complete start while fractional startup remains (72.630792ms)
✔ already expired and latency-expired requests leave SCADA settings unchanged (24.979334ms)
✔ canonical global dedup, validation atomicity, priority intersections (68.399333ms)
✔ expiry before dispatch; sensor freeze cannot complete; restart deadline real time (9.552833ms)
✔ target checks every allocated device and signed actual error, then completion (2.244542ms)
✔ stop clears pending startup and completed requires a post-dispatch model sample (2.468583ms)
✔ failed durable dispatch rolls back model, command cache and outbox together (7.119084ms)
✔ setpoint action validation applies even to known duplicate IDs (1.584209ms)
✔ outer model transaction rollback also restores nested command cancellation cache (1.854583ms)
✔ parser diagnostics never echo malformed CSV field contents (25.022833ms)
✔ prototype names remain unknown columns and never enter normalized DTOs (32.512125ms)
✔ 100000 rows are accepted; excessive rows abort before parsing trailing malformed input (1056.759751ms)
✔ HTTP preview returns bounded diagnostics and authenticates before malformed input (468.05375ms)
✔ preflight caps columns before allocation and preserves quoted commas, escapes and newlines (19.071ms)
✔ preview agrees with registration units, interpolation and time zones (39.241ms)
✔ preview bounds output and preserves TSV electrical fields without emitting unknown CSV columns (14.788125ms)
✔ hybrid preview follows combined-total precedence and split sum exactly (7.574584ms)
✔ preview uses existing row validation and rejects invalid request shapes (3.23025ms)
✔ authenticated preview has no database, controller, RTU or transport side effects (483.942708ms)
✔ final media binds approved content digest, run, runtime and frozen window (15.74075ms)
✔ syntactically valid but different image digest is rejected (2.047792ms)
✔ mismatched release/run/runtime/version and invalid or expired schedule fail closed (12.811417ms)
✔ health precedence and exact real-time boundaries (24.890917ms)
✔ CSV/TSV BOM and Korean aliases, unit and missing weather (32.687834ms)
✔ linear 300/599/600 boundaries and last interval hold, no wrapping interpolation (3.805625ms)
✔ mean/kWh energy holds original interval without claiming ramp-adjusted energy (14.325375ms)
✔ direction shortest arc and optional missing data never backwards-filled (3.030417ms)
✔ strict actual dates, offsets, seconds, leap years (3.678333ms)
✔ invalid CSV errors identify original row/field; duplicate, reverse, gap, NaN, empty (18.773875ms)
✔ registration validates whole input and generates correct hybrid IDs and virtual coordinates (13.69425ms)
✔ CSV total allocation and hybrid separate allocation, voltage/current provenance (26.234667ms)
✔ weather wind power cubic/rated/cut-out and custom interpolation (16.666083ms)
✔ solar temperature correction, saturation, efficiency and manual night irradiance (12.118375ms)
✔ ramp, stopping, fractional startup and actuator freeze (2.109542ms)
✔ percentage limit and rated reductions, unchanged CSV power on weather-only edit (2.925167ms)
✔ all PATCH validators are atomic including RNG and source metadata (1.599041ms)
✔ LCG common noise, independent fault RNG, snapshot deterministic replay and pause (2.775375ms)
✔ separate irradiance CSV aligns source timestamp and falls back outside range (1.4135ms)
✔ frame includes complete state and excludes custom curve data; API retains curve (1.533292ms)
✔ loop count records actual dataset wraps, not seeks, and survives scenario JSON snapshots (4.692042ms)
✔ preserves exact config, release, all source files including itself, and upload hashes (44.0285ms)
✔ rejects config-secret before creating output (3.159875ms)
✔ rejects http-credentials before creating output (2.302208ms)
✔ rejects mqtt-credentials before creating output (5.412917ms)
✔ rejects private-upload before creating output (5.993083ms)
✔ rejects private-symlink before creating output (5.573042ms)
✔ rejects credential-outside-private before creating output (6.17425ms)
✔ rejects upload-secret before creating output (13.008166ms)
✔ stalled child is killed within command budget, without printing sensitive stdout (194.83625ms)
✔ original deadline and total budget reject subsequent launch instead of resetting on retry (7.512625ms)
✔ expired remote snapshot never creates a partial or final file (342.898292ms)
✔ snapshot failure leaves only private partial; existing verified final is preserved (681.740125ms)
✔ successful online snapshot publishes complete private SQLite then compression preserves bytes (751.166708ms)
✔ one MiB encoded chunk and final short chunk flush completely with matching byte hashes (587.362042ms)
✔ network recovery resumes from evidence while freeze and deadline remain authoritative (12.29475ms)
✔ independent HTTP command export preserves persisted observations across old run, absent fields, auth and RTU selection without writes (381.049708ms)
✔ expiresAt accepts explicit ISO zones/fractions and rejects permissive Date.parse calendar normalization (73.130709ms)
✔ expiresAt-only body change conflicts; equal priority supersedes overlapping but disjoint remains active (5.58825ms)
✔ physical database reopen restores unfinished deadline; timeout retains setting until explicit stop makes power zero (99.953834ms)
✔ independent delivery fixture proves only artifact consistency, never completion (669.130042ms)
✔ independent delivery rejects changed source manifest (586.429167ms)
✔ independent delivery rejects failed package validation (440.4585ms)
✔ independent delivery rejects same release different reviewed video (431.010333ms)
✔ independent delivery rejects empty reproduction list (410.760584ms)
✔ independent delivery rejects wrong config hash (411.007708ms)
✔ independent delivery rejects both image digests invalid (410.790376ms)
✔ backup runtime identity rejects old rollout pod, wrong digest, unavailable or ambiguous ready pods (55.832208ms)
✔ independent preview: summaries scan beyond display rows; hidden invalid row is rejected by preview and registration (84.244833ms)
✔ independent preview HTTP: existing model and every persistent table unchanged, no MQTT connection path invoked (296.989541ms)
✔ independent review: generated sample files accepted by production parser (484.866125ms)
✔ independent review: delayed KMA HTTP result cannot overwrite newer manual edit or station (314.353834ms)
✔ prune deletes old acknowledged frames/outbox while preserving old pending/unbatched data, command IDs and scenarios (52.238667ms)
✔ poll cadence and telemetry gaps remain distinct; legacy alias remains poll gap (8.205041ms)
✔ connection transition counts survive retry errors without double-counting close before first connect (17.663791ms)
✔ independent auditor accepts genuine ramp-down output above new available power and nullable electrical observations (79.0455ms)
✔ independent auditor rejects missing generator control fields (6.273083ms)
✔ independent auditor rejects empty weather (4.772875ms)
✔ independent auditor rejects null faults (3.488916ms)
✔ independent auditor rejects non ISO source timestamp (9.741917ms)
✔ independent auditor rejects non ISO observation timestamp (4.72375ms)
✔ per-device identity/auth overrides are separate from common defaults and LWT topics are exact (44.988167ms)
✔ runtime keeps tick/prune/shutdown alive when audit and storage both fail (266.318125ms)
✔ shutdown closes HTTP and SQLite even if transport stop rejects (11.607333ms)
✔ unauthenticated health/config contain no configured credentials; protected state requires token (46.661625ms)
✔ public config exact allowlist and authenticated downloads never echo the credential (49.222584ms)
✔ durable atomic model/frame, immutable sequence and byte/run/count batches (338.242876ms)
✔ retention keeps unacknowledged messages, unbatched frames, command IDs and scenarios (6.457667ms)
✔ real model and store split full SCADA into valid size-bounded packets, including equal wall timestamps (336.261042ms)
✔ same-body QoS1 duplicate is counted; a changed body with same ID is an anomaly (7.872083ms)
✔ shared sequence jumps, sensor gaps, restored run and baseline changes are contextual observations (8.401958ms)
✔ independent structural defects are reported without throwing on malformed samples (10.398791ms)
✔ RTU identity, retained delivery and bounded dedup scope remain explicit (6.570708ms)
✔ storage failure during pump keeps row retryable and other event errors never escape (70.006916ms)
✔ delayed storage failure and PUBACK ack failure retain original queue row for retry (69.3655ms)
✔ per RTU independent inflight; only PUBACK removes immutable row; malformed and retained rejected (88.557917ms)
✔ connection client IDs remain caller-specific with common auth configuration (1.491666ms)
✔ delayed pump reads latest model object and REST receipts persist (21.378542ms)
✔ provided 55-row wind TSV preserves voltage and proportional original-current estimate (87.723833ms)
✔ hybrid combined total distributes by rated capacity without inferring fuel from power shape (8.193416ms)
✔ KMA SFCTM2 field fixture uses index11 temperature, 10 degree wind and KST time (19.885958ms)
✔ KMA malformed/stale/future/out-of-range/wrong-station responses fail (3.913459ms)
✔ live refresh preserves irradiance; request has current observation parameters and no old tm (12.320791ms)
✔ automatic manual/frozen skips; explicit lookup enters weather mode and releases freeze (2.764584ms)
✔ failed live observations retain all last-valid values, source and timestamp without auth leaks (4.84975ms)
✔ missing direction preserves previous direction; SI never interpreted as irradiance (1.365709ms)
✔ manual edit during in-flight request is protected, including explicit request (6.115583ms)
ℹ tests 118
ℹ suites 0
ℹ pass 118
ℹ fail 0
ℹ cancelled 0
ℹ skipped 0
ℹ todo 0
ℹ duration_ms 4589.276794
