✔ malformed, null, array, oversized, retained and cross-RTU statuses rejected (17.683958ms)
✔ only allowlisted fields survive; raw credentials and controls are removed from reason (2.7315ms)
✔ command export authenticates, omits raw fields and scrubs secrets from all configuration layers (299.485042ms)
✔ export DTO keeps only typed snapshots, records redaction, and makes no de-identification/replay promise (14.938542ms)
✔ explicit broker URL password is treated as known credential in informational IDs (0.83075ms)
✔ control normalization cannot expose known secrets or create empty replacement patterns (0.8395ms)
✔ control characters cannot split a credential URL to bypass export redaction (13.117459ms)
✔ export target and observed values preserve real accepted, executing and completed command semantics (76.74025ms)
✔ HTTP export has latest20 only, original run IDs, RTU isolation and no persistent or control side effects (346.951708ms)
✔ remote management fails closed without strong token (8.707833ms)
✔ exact bearer token required and topic wildcards forbidden (1.779667ms)
✔ configuration bounds and credential redaction (4.274917ms)
✔ zero available power does not complete start while fractional startup remains (83.643084ms)
✔ already expired and latency-expired requests leave SCADA settings unchanged (32.339917ms)
✔ canonical global dedup, validation atomicity, priority intersections (74.694667ms)
✔ expiry before dispatch; sensor freeze cannot complete; restart deadline real time (11.596375ms)
✔ target checks every allocated device and signed actual error, then completion (8.124917ms)
✔ stop clears pending startup and completed requires a post-dispatch model sample (4.127375ms)
✔ failed durable dispatch rolls back model, command cache and outbox together (12.485959ms)
✔ setpoint action validation applies even to known duplicate IDs (3.863667ms)
✔ outer model transaction rollback also restores nested command cancellation cache (1.758209ms)
✔ parser diagnostics never echo malformed CSV field contents (25.3335ms)
✔ prototype names remain unknown columns and never enter normalized DTOs (24.031916ms)
✔ 100000 rows are accepted; excessive rows abort before parsing trailing malformed input (1189.108167ms)
✔ HTTP preview returns bounded diagnostics and authenticates before malformed input (532.893041ms)
✔ preflight caps columns before allocation and preserves quoted commas, escapes and newlines (29.890375ms)
✔ preview agrees with registration units, interpolation and time zones (37.16375ms)
✔ preview bounds output and preserves TSV electrical fields without emitting unknown CSV columns (31.059875ms)
✔ hybrid preview follows combined-total precedence and split sum exactly (0.8055ms)
✔ preview uses existing row validation and rejects invalid request shapes (14.621292ms)
✔ authenticated preview has no database, controller, RTU or transport side effects (474.800417ms)
✔ final media binds approved content digest, run, runtime and frozen window (14.1375ms)
✔ syntactically valid but different image digest is rejected (2.69125ms)
✔ mismatched release/run/runtime/version and invalid or expired schedule fail closed (13.43ms)
✔ health precedence and exact real-time boundaries (24.502958ms)
✔ CSV/TSV BOM and Korean aliases, unit and missing weather (36.171417ms)
✔ linear 300/599/600 boundaries and last interval hold, no wrapping interpolation (5.054375ms)
✔ mean/kWh energy holds original interval without claiming ramp-adjusted energy (12.056458ms)
✔ direction shortest arc and optional missing data never backwards-filled (2.250916ms)
✔ strict actual dates, offsets, seconds, leap years (8.661875ms)
✔ invalid CSV errors identify original row/field; duplicate, reverse, gap, NaN, empty (34.092417ms)
✔ registration validates whole input and generates correct hybrid IDs and virtual coordinates (29.057791ms)
✔ CSV total allocation and hybrid separate allocation, voltage/current provenance (10.446833ms)
✔ weather wind power cubic/rated/cut-out and custom interpolation (3.951ms)
✔ solar temperature correction, saturation, efficiency and manual night irradiance (3.46875ms)
✔ ramp, stopping, fractional startup and actuator freeze (1.925125ms)
✔ percentage limit and rated reductions, unchanged CSV power on weather-only edit (4.063041ms)
✔ all PATCH validators are atomic including RNG and source metadata (2.631542ms)
✔ LCG common noise, independent fault RNG, snapshot deterministic replay and pause (3.573958ms)
✔ separate irradiance CSV aligns source timestamp and falls back outside range (0.852833ms)
✔ frame includes complete state and excludes custom curve data; API retains curve (0.942541ms)
✔ loop count records actual dataset wraps, not seeks, and survives scenario JSON snapshots (5.241875ms)
✔ preserves exact config, release, all source files including itself, and upload hashes (48.00725ms)
✔ rejects config-secret before creating output (4.310875ms)
✔ rejects http-credentials before creating output (1.701625ms)
✔ rejects mqtt-credentials before creating output (3.4775ms)
✔ rejects private-upload before creating output (5.934792ms)
✔ rejects private-symlink before creating output (14.142ms)
✔ rejects credential-outside-private before creating output (18.301583ms)
✔ rejects upload-secret before creating output (14.990334ms)
✔ stalled child is killed within command budget, without printing sensitive stdout (189.502333ms)
✔ original deadline and total budget reject subsequent launch instead of resetting on retry (6.916416ms)
✔ expired remote snapshot never creates a partial or final file (399.319333ms)
✔ snapshot failure leaves only private partial; existing verified final is preserved (742.485958ms)
✔ successful online snapshot publishes complete private SQLite then compression preserves bytes (861.000917ms)
✔ one MiB encoded chunk and final short chunk flush completely with matching byte hashes (601.587792ms)
✔ network recovery resumes from evidence while freeze and deadline remain authoritative (13.283125ms)
✖ independent actual backup CLI hung discovery stops within original deadline and keeps sensitive child output private (907.488375ms)
✔ independent actual backup CLI expired original deadline launches no kubectl (522.82175ms)
✖ independent budget expiration blocks a second command launch (115.352583ms)
✔ independent snapshot expired remote deadline creates neither final nor part (302.7465ms)
✔ independent HTTP command export preserves persisted observations across old run, absent fields, auth and RTU selection without writes (404.009876ms)
✔ expiresAt accepts explicit ISO zones/fractions and rejects permissive Date.parse calendar normalization (84.376458ms)
✔ expiresAt-only body change conflicts; equal priority supersedes overlapping but disjoint remains active (5.415666ms)
✔ physical database reopen restores unfinished deadline; timeout retains setting until explicit stop makes power zero (98.167333ms)
✔ independent delivery fixture proves only artifact consistency, never completion (682.86275ms)
✔ independent delivery rejects changed source manifest (633.402875ms)
✔ independent delivery rejects failed package validation (510.945541ms)
✔ independent delivery rejects same release different reviewed video (442.436042ms)
✔ independent delivery rejects empty reproduction list (406.457334ms)
✔ independent delivery rejects wrong config hash (409.762583ms)
✔ independent delivery rejects both image digests invalid (403.271542ms)
✔ backup runtime identity rejects old rollout pod, wrong digest, unavailable or ambiguous ready pods (39.9385ms)
✔ independent preview: summaries scan beyond display rows; hidden invalid row is rejected by preview and registration (96.720042ms)
✔ independent preview HTTP: existing model and every persistent table unchanged, no MQTT connection path invoked (383.176625ms)
✔ independent review: generated sample files accepted by production parser (593.784751ms)
✔ independent review: delayed KMA HTTP result cannot overwrite newer manual edit or station (354.150042ms)
✔ prune deletes old acknowledged frames/outbox while preserving old pending/unbatched data, command IDs and scenarios (67.193458ms)
✔ poll cadence and telemetry gaps remain distinct; legacy alias remains poll gap (27.680542ms)
✔ connection transition counts survive retry errors without double-counting close before first connect (8.414875ms)
✔ independent auditor accepts genuine ramp-down output above new available power and nullable electrical observations (88.146959ms)
✔ independent auditor rejects missing generator control fields (6.077916ms)
✔ independent auditor rejects empty weather (7.189584ms)
✔ independent auditor rejects null faults (5.05875ms)
✔ independent auditor rejects non ISO source timestamp (10.491209ms)
✔ independent auditor rejects non ISO observation timestamp (4.734416ms)
✔ per-device identity/auth overrides are separate from common defaults and LWT topics are exact (51.240834ms)
✔ runtime keeps tick/prune/shutdown alive when audit and storage both fail (274.013459ms)
✔ shutdown closes HTTP and SQLite even if transport stop rejects (14.083708ms)
✔ unauthenticated health/config contain no configured credentials; protected state requires token (56.764ms)
✔ public config exact allowlist and authenticated downloads never echo the credential (49.695667ms)
✔ durable atomic model/frame, immutable sequence and byte/run/count batches (417.381333ms)
✔ retention keeps unacknowledged messages, unbatched frames, command IDs and scenarios (4.928667ms)
✔ real model and store split full SCADA into valid size-bounded packets, including equal wall timestamps (384.9795ms)
✔ same-body QoS1 duplicate is counted; a changed body with same ID is an anomaly (8.842542ms)
✔ shared sequence jumps, sensor gaps, restored run and baseline changes are contextual observations (9.772ms)
✔ independent structural defects are reported without throwing on malformed samples (11.275166ms)
✔ RTU identity, retained delivery and bounded dedup scope remain explicit (11.332042ms)
✔ storage failure during pump keeps row retryable and other event errors never escape (72.808125ms)
✔ delayed storage failure and PUBACK ack failure retain original queue row for retry (67.667625ms)
✔ per RTU independent inflight; only PUBACK removes immutable row; malformed and retained rejected (88.832459ms)
✔ connection client IDs remain caller-specific with common auth configuration (1.3975ms)
✔ delayed pump reads latest model object and REST receipts persist (22.20575ms)
✔ provided 55-row wind TSV preserves voltage and proportional original-current estimate (89.8805ms)
✔ hybrid combined total distributes by rated capacity without inferring fuel from power shape (10.336542ms)
✔ KMA SFCTM2 field fixture uses index11 temperature, 10 degree wind and KST time (18.385916ms)
✔ KMA malformed/stale/future/out-of-range/wrong-station responses fail (5.871792ms)
✔ live refresh preserves irradiance; request has current observation parameters and no old tm (14.50325ms)
✔ automatic manual/frozen skips; explicit lookup enters weather mode and releases freeze (2.947084ms)
✔ failed live observations retain all last-valid values, source and timestamp without auth leaks (4.733333ms)
✔ missing direction preserves previous direction; SI never interpreted as irradiance (1.488125ms)
✔ manual edit during in-flight request is protected, including explicit request (12.9165ms)
ℹ tests 122
ℹ suites 0
ℹ pass 120
ℹ fail 2
ℹ cancelled 0
ℹ skipped 0
ℹ todo 0
ℹ duration_ms 4867.19796

✖ failing tests:

test at tests/review-backup.test.js:3:35
✖ independent actual backup CLI hung discovery stops within original deadline and keeps sensitive child output private (907.488375ms)
  AssertionError [ERR_ASSERTION]: Expected values to be strictly equal:
  
  false !== true
  
      at TestContext.<anonymous> (file:///app/tests/review-backup.test.js:5:572)
      at Test.runInAsyncScope (node:async_hooks:227:14)
      at Test.run (node:internal/test_runner/test:1402:25)
      at Test.start (node:internal/test_runner/test:1262:17)
      at startSubtestAfterBootstrap (node:internal/test_runner/harness:387:17) {
    generatedMessage: true,
    code: 'ERR_ASSERTION',
    actual: false,
    expected: true,
    operator: 'strictEqual',
    diff: 'simple'
  }

test at tests/review-backup.test.js:8:1
✖ independent budget expiration blocks a second command launch (115.352583ms)
  Error: Backup first failed: timeout_or_buffer_limit; inspect the private operation journal
      at Object.exec (file:///app/scripts/remote-backup-helpers.mjs:29:15)
      at process.processTicksAndRejections (node:internal/process/task_queues:104:5)
      at async TestContext.<anonymous> (file:///app/tests/review-backup.test.js:8:179)
      at async Test.run (node:internal/test_runner/test:1409:7)
      at async Test.processPendingSubtests (node:internal/test_runner/test:974:7)
