✔ malformed, null, array, oversized, retained and cross-RTU statuses rejected (12.571458ms)
✔ only allowlisted fields survive; raw credentials and controls are removed from reason (2.007958ms)
✔ command export authenticates, omits raw fields and scrubs secrets from all configuration layers (262.011833ms)
✔ export DTO keeps only typed snapshots, records redaction, and makes no de-identification/replay promise (7.726583ms)
✔ explicit broker URL password is treated as known credential in informational IDs (0.784292ms)
✔ control normalization cannot expose known secrets or create empty replacement patterns (2.291625ms)
✔ control characters cannot split a credential URL to bypass export redaction (11.332916ms)
✔ export target and observed values preserve real accepted, executing and completed command semantics (50.319666ms)
✔ HTTP export has latest20 only, original run IDs, RTU isolation and no persistent or control side effects (232.289333ms)
✔ remote management fails closed without strong token (12.189584ms)
✔ exact bearer token required and topic wildcards forbidden (0.925042ms)
✔ configuration bounds and credential redaction (3.403959ms)
✔ zero available power does not complete start while fractional startup remains (61.083041ms)
✔ already expired and latency-expired requests leave SCADA settings unchanged (20.291958ms)
✔ canonical global dedup, validation atomicity, priority intersections (58.276083ms)
✔ expiry before dispatch; sensor freeze cannot complete; restart deadline real time (7.482917ms)
✔ target checks every allocated device and signed actual error, then completion (1.70975ms)
✔ stop clears pending startup and completed requires a post-dispatch model sample (1.462875ms)
✔ failed durable dispatch rolls back model, command cache and outbox together (4.203709ms)
✔ setpoint action validation applies even to known duplicate IDs (0.761167ms)
✔ outer model transaction rollback also restores nested command cancellation cache (0.706542ms)
✔ parser diagnostics never echo malformed CSV field contents (17.399333ms)
✔ prototype names remain unknown columns and never enter normalized DTOs (15.03825ms)
✔ 100000 rows are accepted; excessive rows abort before parsing trailing malformed input (783.828251ms)
✔ HTTP preview returns bounded diagnostics and authenticates before malformed input (317.691167ms)
✔ preflight caps columns before allocation and preserves quoted commas, escapes and newlines (23.128541ms)
✔ preview agrees with registration units, interpolation and time zones (29.731834ms)
✔ preview bounds output and preserves TSV electrical fields without emitting unknown CSV columns (13.60475ms)
✔ hybrid preview follows combined-total precedence and split sum exactly (0.773167ms)
✔ preview uses existing row validation and rejects invalid request shapes (2.143708ms)
✔ authenticated preview has no database, controller, RTU or transport side effects (280.688542ms)
✔ final media binds approved content digest, run, runtime and frozen window (18.61925ms)
✔ syntactically valid but different image digest is rejected (1.722417ms)
✔ mismatched release/run/runtime/version and invalid or expired schedule fail closed (9.675666ms)
✔ health precedence and exact real-time boundaries (22.453541ms)
✔ CSV/TSV BOM and Korean aliases, unit and missing weather (25.912917ms)
✔ linear 300/599/600 boundaries and last interval hold, no wrapping interpolation (1.682334ms)
✔ mean/kWh energy holds original interval without claiming ramp-adjusted energy (7.431417ms)
✔ direction shortest arc and optional missing data never backwards-filled (4.65375ms)
✔ strict actual dates, offsets, seconds, leap years (12.327042ms)
✔ invalid CSV errors identify original row/field; duplicate, reverse, gap, NaN, empty (19.038167ms)
✔ registration validates whole input and generates correct hybrid IDs and virtual coordinates (11.196209ms)
✔ CSV total allocation and hybrid separate allocation, voltage/current provenance (23.188375ms)
✔ weather wind power cubic/rated/cut-out and custom interpolation (27.089ms)
✔ solar temperature correction, saturation, efficiency and manual night irradiance (4.7175ms)
✔ ramp, stopping, fractional startup and actuator freeze (1.566958ms)
✔ percentage limit and rated reductions, unchanged CSV power on weather-only edit (0.68775ms)
✔ all PATCH validators are atomic including RNG and source metadata (5.394166ms)
✔ LCG common noise, independent fault RNG, snapshot deterministic replay and pause (1.259042ms)
✔ separate irradiance CSV aligns source timestamp and falls back outside range (0.715375ms)
✔ frame includes complete state and excludes custom curve data; API retains curve (1.0405ms)
✔ loop count records actual dataset wraps, not seeks, and survives scenario JSON snapshots (6.091792ms)
✔ preserves exact config, release, all source files including itself, and upload hashes (36.45625ms)
✔ rejects config-secret before creating output (2.079ms)
✔ rejects http-credentials before creating output (1.105542ms)
✔ rejects mqtt-credentials before creating output (1.242042ms)
✔ rejects private-upload before creating output (4.285875ms)
✔ rejects private-symlink before creating output (7.469125ms)
✔ rejects credential-outside-private before creating output (2.310959ms)
✔ rejects upload-secret before creating output (2.856584ms)
✔ stalled child is killed within command budget, without printing sensitive stdout (173.276875ms)
✔ original deadline and total budget reject subsequent launch instead of resetting on retry (7.563458ms)
✔ expired remote snapshot never creates a partial or final file (286.985917ms)
✔ snapshot failure leaves only private partial; existing verified final is preserved (566.095125ms)
✔ successful online snapshot publishes complete private SQLite then compression preserves bytes (709.848792ms)
✔ one MiB encoded chunk and final short chunk flush completely with matching byte hashes (642.968542ms)
✔ network recovery resumes from evidence while freeze and deadline remain authoritative (10.041458ms)
✔ independent HTTP command export preserves persisted observations across old run, absent fields, auth and RTU selection without writes (255.140958ms)
✔ expiresAt accepts explicit ISO zones/fractions and rejects permissive Date.parse calendar normalization (57.845167ms)
✔ expiresAt-only body change conflicts; equal priority supersedes overlapping but disjoint remains active (3.8635ms)
✔ physical database reopen restores unfinished deadline; timeout retains setting until explicit stop makes power zero (34.640125ms)
✔ independent delivery fixture proves only artifact consistency, never completion (544.89375ms)
✔ independent delivery rejects changed source manifest (445.655375ms)
✔ independent delivery rejects failed package validation (437.4095ms)
✔ independent delivery rejects same release different reviewed video (413.076333ms)
✔ independent delivery rejects empty reproduction list (418.627042ms)
✔ independent delivery rejects wrong config hash (416.920001ms)
✔ independent delivery rejects both image digests invalid (408.558875ms)
✔ backup runtime identity rejects old rollout pod, wrong digest, unavailable or ambiguous ready pods (23.875583ms)
✔ independent preview: summaries scan beyond display rows; hidden invalid row is rejected by preview and registration (54.048833ms)
✔ independent preview HTTP: existing model and every persistent table unchanged, no MQTT connection path invoked (196.373625ms)
✔ independent review: generated sample files accepted by production parser (339.949292ms)
✔ independent review: delayed KMA HTTP result cannot overwrite newer manual edit or station (217.177958ms)
✔ prune deletes old acknowledged frames/outbox while preserving old pending/unbatched data, command IDs and scenarios (38.113083ms)
✔ poll cadence and telemetry gaps remain distinct; legacy alias remains poll gap (6.240958ms)
✔ connection transition counts survive retry errors without double-counting close before first connect (12.612666ms)
✔ independent auditor accepts genuine ramp-down output above new available power and nullable electrical observations (56.268542ms)
✔ independent auditor rejects missing generator control fields (3.796042ms)
✔ independent auditor rejects empty weather (2.094042ms)
✔ independent auditor rejects null faults (2.469791ms)
✔ independent auditor rejects non ISO source timestamp (6.729042ms)
✔ independent auditor rejects non ISO observation timestamp (3.354416ms)
✔ per-device identity/auth overrides are separate from common defaults and LWT topics are exact (30.903ms)
✔ runtime keeps tick/prune/shutdown alive when audit and storage both fail (153.503125ms)
✔ shutdown closes HTTP and SQLite even if transport stop rejects (7.236416ms)
✔ unauthenticated health/config contain no configured credentials; protected state requires token (50.229458ms)
✔ public config exact allowlist and authenticated downloads never echo the credential (36.776584ms)
✔ durable atomic model/frame, immutable sequence and byte/run/count batches (184.851791ms)
✔ retention keeps unacknowledged messages, unbatched frames, command IDs and scenarios (3.743292ms)
✔ real model and store split full SCADA into valid size-bounded packets, including equal wall timestamps (233.0705ms)
✔ same-body QoS1 duplicate is counted; a changed body with same ID is an anomaly (4.375917ms)
✔ shared sequence jumps, sensor gaps, restored run and baseline changes are contextual observations (5.462541ms)
✔ independent structural defects are reported without throwing on malformed samples (7.16325ms)
✔ RTU identity, retained delivery and bounded dedup scope remain explicit (3.833084ms)
✔ storage failure during pump keeps row retryable and other event errors never escape (56.003417ms)
✔ delayed storage failure and PUBACK ack failure retain original queue row for retry (67.420167ms)
✔ per RTU independent inflight; only PUBACK removes immutable row; malformed and retained rejected (72.819167ms)
✔ connection client IDs remain caller-specific with common auth configuration (1.094708ms)
✔ delayed pump reads latest model object and REST receipts persist (19.876292ms)
✔ provided 55-row wind TSV preserves voltage and proportional original-current estimate (56.2395ms)
✔ hybrid combined total distributes by rated capacity without inferring fuel from power shape (5.777708ms)
✔ KMA SFCTM2 field fixture uses index11 temperature, 10 degree wind and KST time (14.626667ms)
✔ KMA malformed/stale/future/out-of-range/wrong-station responses fail (3.378042ms)
✔ live refresh preserves irradiance; request has current observation parameters and no old tm (9.960958ms)
✔ automatic manual/frozen skips; explicit lookup enters weather mode and releases freeze (2.1835ms)
✔ failed live observations retain all last-valid values, source and timestamp without auth leaks (4.067833ms)
✔ missing direction preserves previous direction; SI never interpreted as irradiance (1.142541ms)
✔ manual edit during in-flight request is protected, including explicit request (3.974375ms)
ℹ tests 118
ℹ suites 0
ℹ pass 118
ℹ fail 0
ℹ cancelled 0
ℹ skipped 0
ℹ todo 0
ℹ duration_ms 24974.71797
