✔ malformed, null, array, oversized, retained and cross-RTU statuses rejected (11.902917ms)
✔ only allowlisted fields survive; raw credentials and controls are removed from reason (1.934667ms)
✔ command export authenticates, omits raw fields and scrubs secrets from all configuration layers (210.452875ms)
✔ export DTO keeps only typed snapshots, records redaction, and makes no de-identification/replay promise (6.440417ms)
✔ explicit broker URL password is treated as known credential in informational IDs (1.487083ms)
✔ control normalization cannot expose known secrets or create empty replacement patterns (1.132084ms)
✔ control characters cannot split a credential URL to bypass export redaction (9.926125ms)
✔ export target and observed values preserve real accepted, executing and completed command semantics (46.525791ms)
✔ HTTP export has latest20 only, original run IDs, RTU isolation and no persistent or control side effects (187.809917ms)
✔ remote management fails closed without strong token (5.73225ms)
✔ exact bearer token required and topic wildcards forbidden (0.98775ms)
✔ configuration bounds and credential redaction (3.299542ms)
✔ zero available power does not complete start while fractional startup remains (51.22725ms)
✔ already expired and latency-expired requests leave SCADA settings unchanged (17.9385ms)
✔ canonical global dedup, validation atomicity, priority intersections (49.967083ms)
✔ expiry before dispatch; sensor freeze cannot complete; restart deadline real time (6.676459ms)
✔ target checks every allocated device and signed actual error, then completion (1.578291ms)
✔ stop clears pending startup and completed requires a post-dispatch model sample (1.130833ms)
✔ failed durable dispatch rolls back model, command cache and outbox together (3.718125ms)
✔ setpoint action validation applies even to known duplicate IDs (0.666ms)
✔ outer model transaction rollback also restores nested command cancellation cache (0.61525ms)
✔ parser diagnostics never echo malformed CSV field contents (16.068375ms)
✔ prototype names remain unknown columns and never enter normalized DTOs (15.750917ms)
✔ 100000 rows are accepted; excessive rows abort before parsing trailing malformed input (694.402792ms)
✔ HTTP preview returns bounded diagnostics and authenticates before malformed input (272.308125ms)
✔ preflight caps columns before allocation and preserves quoted commas, escapes and newlines (16.70275ms)
✔ preview agrees with registration units, interpolation and time zones (27.961833ms)
✔ preview bounds output and preserves TSV electrical fields without emitting unknown CSV columns (13.557167ms)
✔ hybrid preview follows combined-total precedence and split sum exactly (2.167083ms)
✔ preview uses existing row validation and rejects invalid request shapes (2.488917ms)
✔ authenticated preview has no database, controller, RTU or transport side effects (264.083542ms)
✔ final media binds approved content digest, run, runtime and frozen window (13.719792ms)
✔ syntactically valid but different image digest is rejected (1.513542ms)
✔ mismatched release/run/runtime/version and invalid or expired schedule fail closed (8.9805ms)
✔ health precedence and exact real-time boundaries (18.735458ms)
✔ CSV/TSV BOM and Korean aliases, unit and missing weather (32.284292ms)
✔ linear 300/599/600 boundaries and last interval hold, no wrapping interpolation (2.987375ms)
✔ mean/kWh energy holds original interval without claiming ramp-adjusted energy (7.316166ms)
✔ direction shortest arc and optional missing data never backwards-filled (3.807375ms)
✔ strict actual dates, offsets, seconds, leap years (11.108167ms)
✔ invalid CSV errors identify original row/field; duplicate, reverse, gap, NaN, empty (11.082875ms)
✔ registration validates whole input and generates correct hybrid IDs and virtual coordinates (6.139042ms)
✔ CSV total allocation and hybrid separate allocation, voltage/current provenance (17.567ms)
✔ weather wind power cubic/rated/cut-out and custom interpolation (21.776375ms)
✔ solar temperature correction, saturation, efficiency and manual night irradiance (9.163584ms)
✔ ramp, stopping, fractional startup and actuator freeze (1.566833ms)
✔ percentage limit and rated reductions, unchanged CSV power on weather-only edit (0.487042ms)
✔ all PATCH validators are atomic including RNG and source metadata (2.6415ms)
✔ LCG common noise, independent fault RNG, snapshot deterministic replay and pause (0.952167ms)
✔ separate irradiance CSV aligns source timestamp and falls back outside range (0.434208ms)
✔ frame includes complete state and excludes custom curve data; API retains curve (0.771167ms)
✔ loop count records actual dataset wraps, not seeks, and survives scenario JSON snapshots (3.105708ms)
✔ preserves exact config, release, all source files including itself, and upload hashes (28.971375ms)
✔ rejects config-secret before creating output (1.929666ms)
✔ rejects http-credentials before creating output (1.062584ms)
✔ rejects mqtt-credentials before creating output (1.21875ms)
✔ rejects private-upload before creating output (3.671708ms)
✔ rejects private-symlink before creating output (4.929083ms)
✔ rejects credential-outside-private before creating output (9.700667ms)
✔ rejects upload-secret before creating output (3.144333ms)
✔ stalled child is killed within command budget, without printing sensitive stdout (170.693ms)
✔ original deadline and total budget reject subsequent launch instead of resetting on retry (6.800458ms)
✔ expired remote snapshot never creates a partial or final file (244.177ms)
✔ snapshot failure leaves only private partial; existing verified final is preserved (499.927042ms)
✔ successful online snapshot publishes complete private SQLite then compression preserves bytes (616.178751ms)
✔ one MiB encoded chunk and final short chunk flush completely with matching byte hashes (549.496083ms)
✔ network recovery resumes from evidence while freeze and deadline remain authoritative (9.522542ms)
✔ independent actual backup CLI hung discovery stops within original deadline and keeps sensitive child output private (875.259293ms)
✔ independent actual backup CLI expired original deadline launches no kubectl (321.318708ms)
✖ independent budget expiration blocks a second command launch (119.611709ms)
✔ independent snapshot expired remote deadline creates neither final nor part (247.729792ms)
✔ independent HTTP command export preserves persisted observations across old run, absent fields, auth and RTU selection without writes (215.929709ms)
✔ expiresAt accepts explicit ISO zones/fractions and rejects permissive Date.parse calendar normalization (59.81225ms)
✔ expiresAt-only body change conflicts; equal priority supersedes overlapping but disjoint remains active (4.959584ms)
✔ physical database reopen restores unfinished deadline; timeout retains setting until explicit stop makes power zero (44.022667ms)
✔ independent delivery fixture proves only artifact consistency, never completion (504.320083ms)
✔ independent delivery rejects changed source manifest (489.746417ms)
✔ independent delivery rejects failed package validation (489.498042ms)
✔ independent delivery rejects same release different reviewed video (493.426834ms)
✔ independent delivery rejects empty reproduction list (497.783042ms)
✔ independent delivery rejects wrong config hash (478.803834ms)
✔ independent delivery rejects both image digests invalid (487.177417ms)
✔ backup runtime identity rejects old rollout pod, wrong digest, unavailable or ambiguous ready pods (28.453166ms)
✔ independent preview: summaries scan beyond display rows; hidden invalid row is rejected by preview and registration (60.376375ms)
✔ independent preview HTTP: existing model and every persistent table unchanged, no MQTT connection path invoked (259.430042ms)
✔ independent review: generated sample files accepted by production parser (386.970084ms)
✔ independent review: delayed KMA HTTP result cannot overwrite newer manual edit or station (239.044417ms)
✔ prune deletes old acknowledged frames/outbox while preserving old pending/unbatched data, command IDs and scenarios (50.986751ms)
✔ poll cadence and telemetry gaps remain distinct; legacy alias remains poll gap (6.735667ms)
✔ connection transition counts survive retry errors without double-counting close before first connect (26.242709ms)
✔ independent auditor accepts genuine ramp-down output above new available power and nullable electrical observations (64.148833ms)
✔ independent auditor rejects missing generator control fields (6.841084ms)
✔ independent auditor rejects empty weather (2.271875ms)
✔ independent auditor rejects null faults (2.692125ms)
✔ independent auditor rejects non ISO source timestamp (7.1ms)
✔ independent auditor rejects non ISO observation timestamp (5.951167ms)
✔ per-device identity/auth overrides are separate from common defaults and LWT topics are exact (32.666458ms)
✔ runtime keeps tick/prune/shutdown alive when audit and storage both fail (187.307834ms)
✔ shutdown closes HTTP and SQLite even if transport stop rejects (9.16025ms)
✔ unauthenticated health/config contain no configured credentials; protected state requires token (31.680958ms)
✔ public config exact allowlist and authenticated downloads never echo the credential (45.819875ms)
✔ durable atomic model/frame, immutable sequence and byte/run/count batches (207.018583ms)
✔ retention keeps unacknowledged messages, unbatched frames, command IDs and scenarios (4.399667ms)
✔ real model and store split full SCADA into valid size-bounded packets, including equal wall timestamps (270.461875ms)
✔ same-body QoS1 duplicate is counted; a changed body with same ID is an anomaly (4.526291ms)
✔ shared sequence jumps, sensor gaps, restored run and baseline changes are contextual observations (9.945042ms)
✔ independent structural defects are reported without throwing on malformed samples (12.601375ms)
✔ RTU identity, retained delivery and bounded dedup scope remain explicit (6.044625ms)
✔ storage failure during pump keeps row retryable and other event errors never escape (62.023ms)
✔ delayed storage failure and PUBACK ack failure retain original queue row for retry (64.658708ms)
✔ per RTU independent inflight; only PUBACK removes immutable row; malformed and retained rejected (77.746166ms)
✔ connection client IDs remain caller-specific with common auth configuration (1.071209ms)
✔ delayed pump reads latest model object and REST receipts persist (19.636125ms)
✔ provided 55-row wind TSV preserves voltage and proportional original-current estimate (60.579167ms)
✔ hybrid combined total distributes by rated capacity without inferring fuel from power shape (6.956667ms)
✔ KMA SFCTM2 field fixture uses index11 temperature, 10 degree wind and KST time (22.761333ms)
✔ KMA malformed/stale/future/out-of-range/wrong-station responses fail (6.564542ms)
✔ live refresh preserves irradiance; request has current observation parameters and no old tm (14.5145ms)
✔ automatic manual/frozen skips; explicit lookup enters weather mode and releases freeze (3.582042ms)
✔ failed live observations retain all last-valid values, source and timestamp without auth leaks (5.010708ms)
✔ missing direction preserves previous direction; SI never interpreted as irradiance (1.305334ms)
✔ manual edit during in-flight request is protected, including explicit request (4.81525ms)
ℹ tests 122
ℹ suites 0
ℹ pass 121
ℹ fail 1
ℹ cancelled 0
ℹ skipped 0
ℹ todo 0
ℹ duration_ms 27099.802346

✖ failing tests:

test at tests/review-backup.test.js:8:1
✖ independent budget expiration blocks a second command launch (119.611709ms)
  Error: Backup first failed: timeout_or_buffer_limit; inspect the private operation journal
      at Object.exec (file:///app/scripts/remote-backup-helpers.mjs:29:15)
      at process.processTicksAndRejections (node:internal/process/task_queues:104:5)
      at async TestContext.<anonymous> (file:///app/tests/review-backup.test.js:8:179)
      at async Test.run (node:internal/test_runner/test:1409:7)
      at async Test.processPendingSubtests (node:internal/test_runner/test:974:7)
