✔ malformed, null, array, oversized, retained and cross-RTU statuses rejected (12.328376ms)
✔ only allowlisted fields survive; raw credentials and controls are removed from reason (2.023833ms)
✔ command export authenticates, omits raw fields and scrubs secrets from all configuration layers (210.46ms)
✔ export DTO keeps only typed snapshots, records redaction, and makes no de-identification/replay promise (6.1975ms)
✔ explicit broker URL password is treated as known credential in informational IDs (1.50475ms)
✔ control normalization cannot expose known secrets or create empty replacement patterns (1.830292ms)
✔ control characters cannot split a credential URL to bypass export redaction (9.167833ms)
✔ export target and observed values preserve real accepted, executing and completed command semantics (47.763083ms)
✔ HTTP export has latest20 only, original run IDs, RTU isolation and no persistent or control side effects (187.683083ms)
✔ remote management fails closed without strong token (5.652666ms)
✔ exact bearer token required and topic wildcards forbidden (0.735917ms)
✔ configuration bounds and credential redaction (3.1105ms)
✔ zero available power does not complete start while fractional startup remains (49.873708ms)
✔ already expired and latency-expired requests leave SCADA settings unchanged (17.192916ms)
✔ canonical global dedup, validation atomicity, priority intersections (55.149375ms)
✔ expiry before dispatch; sensor freeze cannot complete; restart deadline real time (7.158791ms)
✔ target checks every allocated device and signed actual error, then completion (1.701584ms)
✔ stop clears pending startup and completed requires a post-dispatch model sample (1.126292ms)
✔ failed durable dispatch rolls back model, command cache and outbox together (4.07575ms)
✔ setpoint action validation applies even to known duplicate IDs (0.848167ms)
✔ outer model transaction rollback also restores nested command cancellation cache (0.704959ms)
✔ parser diagnostics never echo malformed CSV field contents (16.116916ms)
✔ prototype names remain unknown columns and never enter normalized DTOs (14.362ms)
✔ 100000 rows are accepted; excessive rows abort before parsing trailing malformed input (718.478084ms)
✔ HTTP preview returns bounded diagnostics and authenticates before malformed input (278.642584ms)
✔ preflight caps columns before allocation and preserves quoted commas, escapes and newlines (17.118334ms)
✔ preview agrees with registration units, interpolation and time zones (29.302292ms)
✔ preview bounds output and preserves TSV electrical fields without emitting unknown CSV columns (15.207ms)
✔ hybrid preview follows combined-total precedence and split sum exactly (1.992958ms)
✔ preview uses existing row validation and rejects invalid request shapes (2.559959ms)
✔ authenticated preview has no database, controller, RTU or transport side effects (291.739084ms)
✔ health precedence and exact real-time boundaries (18.455125ms)
✔ CSV/TSV BOM and Korean aliases, unit and missing weather (23.684209ms)
✔ linear 300/599/600 boundaries and last interval hold, no wrapping interpolation (1.7355ms)
✔ mean/kWh energy holds original interval without claiming ramp-adjusted energy (5.518709ms)
✔ direction shortest arc and optional missing data never backwards-filled (3.111167ms)
✔ strict actual dates, offsets, seconds, leap years (9.893667ms)
✔ invalid CSV errors identify original row/field; duplicate, reverse, gap, NaN, empty (14.5605ms)
✔ registration validates whole input and generates correct hybrid IDs and virtual coordinates (10.914708ms)
✔ CSV total allocation and hybrid separate allocation, voltage/current provenance (20.486417ms)
✔ weather wind power cubic/rated/cut-out and custom interpolation (20.157875ms)
✔ solar temperature correction, saturation, efficiency and manual night irradiance (4.629417ms)
✔ ramp, stopping, fractional startup and actuator freeze (1.207375ms)
✔ percentage limit and rated reductions, unchanged CSV power on weather-only edit (0.4625ms)
✔ all PATCH validators are atomic including RNG and source metadata (3.353583ms)
✔ LCG common noise, independent fault RNG, snapshot deterministic replay and pause (0.825916ms)
✔ separate irradiance CSV aligns source timestamp and falls back outside range (0.428916ms)
✔ frame includes complete state and excludes custom curve data; API retains curve (0.698875ms)
✔ loop count records actual dataset wraps, not seeks, and survives scenario JSON snapshots (3.130834ms)
✔ independent HTTP command export preserves persisted observations across old run, absent fields, auth and RTU selection without writes (237.50475ms)
✔ expiresAt accepts explicit ISO zones/fractions and rejects permissive Date.parse calendar normalization (51.595541ms)
✔ expiresAt-only body change conflicts; equal priority supersedes overlapping but disjoint remains active (3.719584ms)
✔ physical database reopen restores unfinished deadline; timeout retains setting until explicit stop makes power zero (30.222791ms)
✔ independent preview: summaries scan beyond display rows; hidden invalid row is rejected by preview and registration (51.787417ms)
✔ independent preview HTTP: existing model and every persistent table unchanged, no MQTT connection path invoked (201.682125ms)
✔ prune deletes old acknowledged frames/outbox while preserving old pending/unbatched data, command IDs and scenarios (38.008417ms)
✔ per-device identity/auth overrides are separate from common defaults and LWT topics are exact (30.404791ms)
✔ runtime keeps tick/prune/shutdown alive when audit and storage both fail (160.717042ms)
✔ shutdown closes HTTP and SQLite even if transport stop rejects (7.79725ms)
✔ unauthenticated health/config contain no configured credentials; protected state requires token (48.889125ms)
✔ public config exact allowlist and authenticated downloads never echo the credential (36.67875ms)
✔ durable atomic model/frame, immutable sequence and byte/run/count batches (206.573708ms)
✔ retention keeps unacknowledged messages, unbatched frames, command IDs and scenarios (3.976208ms)
✔ storage failure during pump keeps row retryable and other event errors never escape (59.601584ms)
✔ delayed storage failure and PUBACK ack failure retain original queue row for retry (69.273ms)
✔ per RTU independent inflight; only PUBACK removes immutable row; malformed and retained rejected (82.142792ms)
✔ connection client IDs remain caller-specific with common auth configuration (1.295041ms)
✔ delayed pump reads latest model object and REST receipts persist (20.700875ms)
✔ provided 55-row wind TSV preserves voltage and proportional original-current estimate (56.984333ms)
✔ hybrid combined total distributes by rated capacity without inferring fuel from power shape (6.004333ms)
✔ KMA SFCTM2 field fixture uses index11 temperature, 10 degree wind and KST time (13.857541ms)
✔ KMA malformed/stale/future/out-of-range/wrong-station responses fail (3.428583ms)
✔ live refresh preserves irradiance; request has current observation parameters and no old tm (10.504042ms)
✔ automatic manual/frozen skips; explicit lookup enters weather mode and releases freeze (2.256667ms)
✔ failed live observations retain all last-valid values, source and timestamp without auth leaks (4.152208ms)
✔ missing direction preserves previous direction; SI never interpreted as irradiance (1.136375ms)
✔ manual edit during in-flight request is protected, including explicit request (3.425125ms)
ℹ tests 77
ℹ suites 0
ℹ pass 77
ℹ fail 0
ℹ cancelled 0
ℹ skipped 0
ℹ todo 0
ℹ duration_ms 13215.393298
