
> grid-vpp-emulator@1.7.1 test
> node --test --test-concurrency=1 tests/*.test.js

✔ fixed read snapshot remains atomic with independent continuous WAL writer, and writer commits continue (271.141833ms)
ℹ {"writerCommits":109,"maxCommitMs":0.24737500000000523,"backupSteps":12306}
✔ mid-copy cooperative deadline finalizes backup, releases read transaction and leaves no published final (402.643125ms)
✔ supervisor terminates own worker blocked inside synchronous work; SIGTERM-resistant worker is killed and read lock released (757.13775ms)
✔ supervisor refuses verified-looking IPC without successful worker exit and preserves existing final (86.813208ms)
✔ parent SIGTERM cancels its child, confirms exit and never publishes final (148.740917ms)
✔ non-WAL database fails closed and leaves private unpublished partial (52.680167ms)
✔ malformed, null, array, oversized, retained and cross-RTU statuses rejected (0.5585ms)
✔ only allowlisted fields survive; raw credentials and controls are removed from reason (0.147083ms)
✔ RTU status preserves strict online booleans including retained online and offline (0.130166ms)
✔ online cannot change ack or command-status interpretation or retained-message boundaries (0.078167ms)
✔ command export authenticates, omits raw fields and scrubs secrets from all configuration layers (27.868959ms)
✔ export DTO keeps only typed snapshots, records redaction, and makes no de-identification/replay promise (0.702333ms)
✔ explicit broker URL password is treated as known credential in informational IDs (0.168458ms)
✔ control normalization cannot expose known secrets or create empty replacement patterns (0.175709ms)
✔ control characters cannot split a credential URL to bypass export redaction (1.087375ms)
✔ export target and observed values preserve real accepted, executing and completed command semantics (5.821208ms)
✔ HTTP export has latest20 only, original run IDs, RTU isolation and no persistent or control side effects (26.571875ms)
✔ original1.4 browser fixture remains tied to its known local API and bundle (0.297458ms)
✔ new1.5 browser fixture requires an explicit reviewed bundle before any writes (0.19775ms)
✔ all fixture modes refuse primary and mismatched endpoints (0.162084ms)
✔ restore mode uses isolated ports and remote credentials with explicit candidate identity (0.040833ms)
✔ unreviewed product or target modes fail closed (0.058167ms)
✔ approved1.6 uses a separate localfixture and never falls back to1.5 (0.05725ms)
✔ approved1.7 form fixture is isolated3111 with an explicit candidate bundle (0.052916ms)
✔ server numeric boundaries and fractional values remain exact (1.091667ms)
✔ empty and nonfinite inputs never become silent defaults or valid commands (0.074375ms)
✔ zero and fractional expiry use one supplied clock without business duration cap (0.30975ms)
✔ overflow and valid Date extended year yield field errors rather than exceptions (0.114209ms)
✔ target0 and availability-exceeding targets are not clamped; server still decides rated limit (0.059ms)
✔ retains last rows and browser completion time through failure, recovers with fresh success and distinguishes empty (1.264042ms)
✔ slow request never overlaps, finite timeout aborts and late success cannot replace error (0.214833ms)
✔ switch/unmount aborts owned work, clears all timers and discards late old RTU results (0.142125ms)
✔ reader authenticates GET only, caps order at20, rejects malformed bodies and never reads HTTP error bodies (0.314ms)
✔ timeout covers stalled JSON body after successful headers (0.279625ms)
✔ observation requires exact original command identity, action, REST and known status (0.521375ms)
✔ synchronous perRTU POST guard survives callers and releases before following state GET (2.225083ms)
✔ confirmed POST survives state failure; failed POST stays unconfirmed without retry (0.2205ms)
✔ explicit recheck is single in-flight, preserves confirmed on missing/error and rejects regression (0.167125ms)
✔ lost response resolves only by matching stored ID, never another row; last20 preserves uncertainty (0.30775ms)
✔ late recheck does not resurrect evicted receipt or overwrite anotherRTU (0.675417ms)
✔ late state refresh cannot replace a newer refresh and cannot erase rechecked status (0.609208ms)
✔ 15s production request boundary includes stalled response body, HTTP ignores body,401auth preserved (17.569583ms)
✔ remote management fails closed without strong token (0.396459ms)
✔ exact bearer token required and topic wildcards forbidden (0.074458ms)
✔ configuration bounds and credential redaction (0.141291ms)
✔ zero available power does not complete start while fractional startup remains (3.433833ms)
✔ already expired and latency-expired requests leave SCADA settings unchanged (4.878ms)
✔ canonical global dedup, validation atomicity, priority intersections (5.978042ms)
✔ expiry before dispatch; sensor freeze cannot complete; restart deadline real time (0.763416ms)
✔ target checks every allocated device and signed actual error, then completion (0.342666ms)
✔ stop clears pending startup and completed requires a post-dispatch model sample (0.27625ms)
✔ failed durable dispatch rolls back model, command cache and outbox together (0.43625ms)
✔ setpoint action validation applies even to known duplicate IDs (0.195833ms)
✔ outer model transaction rollback also restores nested command cancellation cache (0.236792ms)
✔ parser diagnostics never echo malformed CSV field contents (1.620875ms)
✔ prototype names remain unknown columns and never enter normalized DTOs (1.295542ms)
✔ 100000 rows are accepted; excessive rows abort before parsing trailing malformed input (290.5255ms)
✔ HTTP preview returns bounded diagnostics and authenticates before malformed input (54.583458ms)
✔ preflight caps columns before allocation and preserves quoted commas, escapes and newlines (2.295875ms)
✔ preview agrees with registration units, interpolation and time zones (3.245458ms)
✔ preview bounds output and preserves TSV electrical fields without emitting unknown CSV columns (1.266167ms)
✔ hybrid preview follows combined-total precedence and split sum exactly (0.188334ms)
✔ preview uses existing row validation and rejects invalid request shapes (0.230875ms)
✔ authenticated preview has no database, controller, RTU or transport side effects (57.738584ms)
✔ deadline command preserves successful proof bytes but withholds failed child secrets (236.331958ms)
✔ expired, missing or invalid original deadline never starts the supplied command (156.554917ms)
✔ original remaining time caps a larger host timeout and uncertain output is withheld (2015.358333ms)
✔ host timeout terminates descendants only in the process group it created (3266.15525ms)
✔ successful leader exit stops residual group members before its PID is reaped (1333.00325ms)
✔ combined child output is capped while running and never emitted after failure (82.262458ms)
✔ SIGTERM to the wrapper stops its owned command group with no success output (2273.148833ms)
✔ canonical audit created uses explicitKST across midnight, leap day and year boundary (0.761208ms)
✔ missing, nonstring, invalid calendar and noncanonical input never become visible times (0.085209ms)
✔ alternate timestamps cannot fill absent or malformed created and cannot override valid created (0.07075ms)
✔ formatting is identical across host time zones (83.222833ms)
✔ binds real offsets, hashes, same video assets and relative reference (6.595958ms)
✔ rejects late (2.418625ms)
✔ rejects missing-asset (2.965041ms)
✔ rejects changed-video (2.681792ms)
✔ rejects wrong-manifest (2.474625ms)
✔ rejects unreviewed (2.274833ms)
✔ rejects placeholder (2.448125ms)
✔ rejects future-version (2.369958ms)
✔ rejects same-run (2.756083ms)
✔ CLI refuses to overwrite existing output (31.014583ms)
✔ security rejects invented-transition (2.951708ms)
✔ security rejects private-symlink (3.886167ms)
✔ security rejects parent-traversal (2.929958ms)
✔ security rejects outside-absolute (2.765291ms)
✔ security rejects missing-duration (2.30825ms)
✔ security rejects nan-duration (2.455083ms)
✔ security rejects negative-scene (2.330667ms)
✔ security rejects utc-string (2.291084ms)
✔ security rejects rollover-date (2.19325ms)
✔ security rejects credential-body (25.065875ms)
✔ security rejects wrong-run (2.735167ms)
✔ security rejects wrong-prd (2.40425ms)
✔ security rejects unknown-input (2.021917ms)
✔ security rejects old-command-report (3.324375ms)
✔ security rejects changed-recovery (2.526333ms)
✔ security rejects output-private (2.019708ms)
✔ rejects credential-like text derived from command report before config write (29.446791ms)
✔ accepts actual unchanged authoritative microsecond UTC ledger timestamps (3.981209ms)
✔ rejects noncanonical ledger 2026-02-30T21:37:33.079009+00:00 (2.123042ms)
✔ rejects noncanonical ledger 2026-09-21T21:37:33.079009+09:00 (2.013875ms)
✔ rejects noncanonical ledger Mon, 21 Sep 2026 21:37:33 GMT (1.925791ms)
✔ supports exactly product1.4.0/PRD1.11 with fully matching evidence (3.749625ms)
✔ rejects unreviewed matching product 1.4.1 (2.831708ms)
✔ rejects unreviewed matching product 1.4.0-rc.1 (2.4945ms)
✔ rejects unreviewed matching product 1.5.1 (2.496416ms)
✔ rejects unreviewed matching product 1.5.0-rc.1 (3.195584ms)
✔ rejects unreviewed matching product 1.6.1 (2.462584ms)
✔ rejects unreviewed matching product 1.6.0-rc.1 (2.71175ms)
✔ rejects unreviewed matching product 1.7.2 (2.478042ms)
✔ rejects unreviewed matching product 1.7.1-rc.1 (2.273708ms)
✔ rejects unreviewed matching product 1.7.0-rc.1 (2.427833ms)
✔ rejects unreviewed matching product 1.8.0 (2.449666ms)
✔ rejects unreviewed matching product 2.0.0 (2.366ms)
✔ supports exactly product1.5.0/PRD1.12 with fully matching evidence (3.149ms)
✔ supports exactly product1.6.0/PRD1.13 while retaining same receipt scenes (3.709333ms)
✔ supports exactly product1.7.0/PRD1.14 with same receipt capability (3.1015ms)
✔ supports exactly product1.7.1/PRD1.15 with unchanged1.7 UI capabilities (3.0885ms)
✔ remaining time caps child work and rejects late receipts without extending original deadline (1.210708ms)
✔ hung synchronous tool is killed within remaining budget (124.846917ms)
✔ watchdog kills blocked worker and its owned subprocess group (472.257667ms)
✔ normal rehearsal tool succeeds inside finite budget (19.072667ms)
✔ reaped or reused worker and changed descendant identities are never signalled (0.422083ms)
✔ normal supervisor exit leaves unrelated live process alone (52.219667ms)
✔ final recorder reserve stops work early without extending deadline or shortening rehearsal (0.426333ms)
✔ final media binds approved content digest, run, runtime and frozen window (0.475875ms)
✔ syntactically valid but different image digest is rejected (0.141291ms)
✔ mismatched release/run/runtime/version and invalid or expired schedule fail closed (0.164167ms)
✔ lifecycle scene plan gates owned mutations and captures registration before controls (1.09375ms)
✔ unspecified lifecycle preserves prior rehearsal registration and scenario action formats (0.156375ms)
✔ actual registration request fingerprint must exactly match intent before response capture (0.214334ms)
✔ receipt demonstration is exact1.5/1.6/1.7 gated and wide RTU metrics are never cropped (0.51625ms)
✔ 1.7 list status framing centers status and command rows without changing older layout (0.148834ms)
✔ 1.7.1 scene content/actions equal1.7.0; patch/prerelease not implicitly enabled (0.60975ms)
✔ health precedence and exact real-time boundaries (0.890833ms)
✔ CSV/TSV BOM and Korean aliases, unit and missing weather (2.32475ms)
✔ linear 300/599/600 boundaries and last interval hold, no wrapping interpolation (0.239ms)
✔ mean/kWh energy holds original interval without claiming ramp-adjusted energy (0.517791ms)
✔ direction shortest arc and optional missing data never backwards-filled (0.177792ms)
✔ strict actual dates, offsets, seconds, leap years (0.201167ms)
✔ invalid CSV errors identify original row/field; duplicate, reverse, gap, NaN, empty (0.7625ms)
✔ registration validates whole input and generates correct hybrid IDs and virtual coordinates (0.785125ms)
✔ CSV total allocation and hybrid separate allocation, voltage/current provenance (0.539334ms)
✔ weather wind power cubic/rated/cut-out and custom interpolation (0.261917ms)
✔ solar temperature correction, saturation, efficiency and manual night irradiance (0.435583ms)
✔ ramp, stopping, fractional startup and actuator freeze (0.24675ms)
✔ percentage limit and rated reductions, unchanged CSV power on weather-only edit (0.142ms)
✔ all PATCH validators are atomic including RNG and source metadata (0.350167ms)
✔ LCG common noise, independent fault RNG, snapshot deterministic replay and pause (0.314667ms)
✔ separate irradiance CSV aligns source timestamp and falls back outside range (0.276541ms)
✔ frame includes complete state and excludes custom curve data; API retains curve (0.234ms)
✔ loop count records actual dataset wraps, not seeks, and survives scenario JSON snapshots (0.188666ms)
✔ preserves exact config, release, all source files including itself, and upload hashes (8.625917ms)
✔ rejects config-secret before creating output (2.511458ms)
✔ rejects http-credentials before creating output (2.396208ms)
✔ rejects mqtt-credentials before creating output (2.57675ms)
✔ rejects private-upload before creating output (2.433542ms)
✔ rejects private-symlink before creating output (2.426875ms)
✔ rejects credential-outside-private before creating output (2.4805ms)
✔ rejects upload-secret before creating output (2.834792ms)
✔ stalled child is killed within command budget, without printing sensitive stdout (156.9435ms)
✔ original deadline and total budget reject subsequent launch instead of resetting on retry (0.942ms)
✔ expired remote snapshot never creates a partial or final file (26.973833ms)
✔ snapshot failure leaves only private partial; existing verified final is preserved (65.323125ms)
✔ successful online snapshot publishes complete private SQLite then compression preserves bytes (70.591875ms)
✔ one MiB encoded chunk and final short chunk flush completely with matching byte hashes (45.35025ms)
✔ outbox capture uses identical hardened source, exact verified pod and unchanged original deadline (1.477ms)
✔ incomplete, unverified or failed snapshot cannot advance into restart proof (2.555333ms)
✔ pinned and placeholder templates replace exact app plus both broker slots (0.977958ms)
✔ invalid digests and shell/sed/newline characters fail closed (0.13575ms)
✔ missing duplicate wrong slots and ambiguous images fail closed (0.139417ms)
✔ deployment wrapper supplies passed digests with private permissions and cleans successful render (615.264417ms)
✔ invalid deployment image never reaches kubectl and cleans temporary output (33.362292ms)
✔ failed kubectl apply prevents rollout and removes private render (199.018083ms)
✔ network recovery resumes from evidence while freeze and deadline remain authoritative (0.409334ms)
✔ independent actual backup CLI hung discovery stops within original deadline and keeps sensitive child output private (2516.545416ms)
✔ independent actual backup CLI expired original deadline launches no kubectl (39.512ms)
✔ independent budget expiration blocks a second command launch (23.659167ms)
✔ independent snapshot expired remote deadline creates neither final nor part (22.008125ms)
✔ independent HTTP command export preserves persisted observations across old run, absent fields, auth and RTU selection without writes (31.523833ms)
✔ command list observer requires exact target/version/digest/private path before I/O (0.392125ms)
✔ remote observation forbids controlled faults unless explicit actual-only (0.102458ms)
✔ expiresAt accepts explicit ISO zones/fractions and rejects permissive Date.parse calendar normalization (3.44725ms)
✔ expiresAt-only body change conflicts; equal priority supersedes overlapping but disjoint remains active (0.555584ms)
✔ physical database reopen restores unfinished deadline; timeout retains setting until explicit stop makes power zero (7.95325ms)
✔ actual model API cleanup restores owned settings only, remains idempotent and does not rewind dynamic time/output (49.553875ms)
✔ lost write response is reconciled without replaying already applied patch (22.664083ms)
✔ lost registration response identifies unique candidate but cannot invent initial baseline or write (14.329125ms)
✔ pre-existing or wrong registration ID and changed owned run fail closed (14.056291ms)
✔ expired deadline and wrong journal scope fail before writes; existing differences are report-only (19.47775ms)
✔ planned same-owned scenario HTTP200 transition preserves original settings baseline (30.081458ms)
✔ wrong scenario owner and unresolved planned response never authorize cleanup (18.328042ms)
✔ begin reuses unchanged baseline without rewriting file and rejects changed pre-existing settings (7.850917ms)
✔ actual201 ownership and cleanup tolerate independent server clock offset -30000 (20.838417ms)
✔ actual201 ownership and cleanup tolerate independent server clock offset 30000 (20.877292ms)
✔ lost registration with independent clock still never creates a baseline or writes (13.958125ms)
✔ readonly event harness requires explicit matching reviewed target before I/O (0.527167ms)
✔ event source gate refuses missing version/hash/token/output and unsafe path (0.118583ms)
✔ form cleanup permits only captured plant/generator identities and PATCH routes (0.352459ms)
✔ independent delivery fixture proves only artifact consistency, never completion (44.530416ms)
✔ independent delivery rejects changed cleanup receipt (43.397125ms)
✔ independent delivery rejects missing reviewed facts (44.205833ms)
✔ independent delivery rejects missing binder inventory (43.366625ms)
✔ independent delivery rejects changed binding command report (42.299084ms)
✔ independent delivery rejects invented recovery with changed existing RTU (42.545083ms)
✔ independent delivery rejects changed source manifest (43.049125ms)
✔ independent delivery rejects failed package validation (43.966667ms)
✔ independent delivery rejects same release different reviewed video (42.881708ms)
✔ independent delivery rejects missing deadline source (43.481167ms)
✔ independent delivery rejects empty reproduction list (42.486333ms)
✔ independent delivery rejects wrong config hash (42.459542ms)
✔ independent delivery rejects both image digests invalid (43.284209ms)
✔ expired actual outbox CLI launches no kubectl (40.91675ms)
✔ actual outbox CLI hung discovery ends at original deadline without sensitive child output (3017.950542ms)
✔ non-loopback override is rejected before any token-bearing HTTP or kubectl (60.830708ms)
✔ actual MQTT connection block owns and closes client when connection arrives after budget (54.584625ms)
✔ actual recovery port configuration preserves defaults and rejects conflicting or invalid ports (2.789917ms)
✔ actual observer callback ignores malformed and unrelated JSON and preserves exact matching body (0.622667ms)
✔ backup runtime identity rejects old rollout pod, wrong digest, unavailable or ambiguous ready pods (0.90425ms)
✔ independent preview: summaries scan beyond display rows; hidden invalid row is rejected by preview and registration (7.591042ms)
✔ independent preview HTTP: existing model and every persistent table unchanged, no MQTT connection path invoked (25.485834ms)
✔ receipt browser target rejects primary, external, credentials and mode mismatch before I/O (0.385208ms)
✔ isolated restore requires exact approved lowercase digest, private token and approved receipt versions (0.162708ms)
✔ default local mode remains isolated3109 with original private candidate token (0.042417ms)
✔ approved1.6 receipt target separateslocalport/token and keepsrestore safeguards (0.078542ms)
✔ approved1.7 receipt fixture is isolated3111 and refuses prior or primary ports (0.09075ms)
✔ independent review: generated sample files accepted by production parser (29.752834ms)
✔ independent review: delayed KMA HTTP result cannot overwrite newer manual edit or station (27.49475ms)
✔ actual release verifier expired boundary (24.25625ms)
✔ actual release verifier hang boundary (2512.598083ms)
✔ actual release verifier failure boundary (530.111125ms)
✔ actual release verifier normal boundary (721.990125ms)
✔ offline manifest verification remains independent of run deadline (25.600875ms)
✔ at-commit still hashes committed evidence when working file differs (84.801458ms)
✔ restore manifest enforces streamed source/destination SHA before app start and retains isolated read-only source (568.528917ms)
✔ wrong snapshot SHA fails before copy; optional argument keeps legacy command compatibility (501.365458ms)
✔ matching hashes do not replace SQLite integrity validation (345.46925ms)
✔ hung apply is killed by remaining deadline without raw output or automatic retry (3019.792667ms)
✔ expired or missing run fails closed without even a discovery or apply (76.709667ms)
✔ prune deletes old acknowledged frames/outbox while preserving old pending/unbatched data, command IDs and scenarios (1.751958ms)
✔ poll cadence and telemetry gaps remain distinct; legacy alias remains poll gap (0.286542ms)
✔ connection transition counts survive retry errors without double-counting close before first connect (0.608708ms)
✔ independent auditor accepts genuine ramp-down output above new available power and nullable electrical observations (3.729791ms)
✔ independent auditor rejects missing generator control fields (0.589959ms)
✔ independent auditor rejects empty weather (0.45275ms)
✔ independent auditor rejects null faults (0.459ms)
✔ independent auditor rejects non ISO source timestamp (0.511875ms)
✔ independent auditor rejects non ISO observation timestamp (0.433625ms)
✔ verified IPC followed by worker failure never promotes partial or reveals worker diagnostics (41.782917ms)
✔ existing immutable final is preserved and prevents worker work (20.800625ms)
✔ noncooperative synchronous worker is killed without final publication (373.38475ms)
✔ hostile nonnumeric values produce fixed errors without reflecting input (0.43125ms)
✔ four-digit year upper boundary accepts9999 and refuses10000 without rounding inputs (0.699667ms)
✔ invalid numeric clock fails closed and fractional valid input stays unchanged (0.306833ms)
✔ command transport explicitly refuses redirect replay and never reads error bodies (0.435167ms)
✔ receipt reason redacts credential URLs even with embedded controls and known normalized secrets (0.219125ms)
✔ unknown response and HTTP failure retain original identity without an automatic POST retry (0.925417ms)
✔ per-device identity/auth overrides are separate from common defaults and LWT topics are exact (2.137667ms)
✔ malicious timestamp and fallback contents are never returned or coerced (0.312459ms)
✔ fixture requires exact explicit read target version hash and private token path (0.164667ms)
✔ event regression candidate1.7 remains read-only and requires its exact3111 target (0.063667ms)
✔ runtime keeps tick/prune/shutdown alive when audit and storage both fail (20.018833ms)
✔ shutdown closes HTTP and SQLite even if transport stop rejects (2.101541ms)
✔ unauthenticated health/config contain no configured credentials; protected state requires token (4.525958ms)
✔ public config exact allowlist and authenticated downloads never echo the credential (4.557125ms)
✔ untrusted error metadata never becomes a diagnostic category or raw text (5.86375ms)
✔ JSON null arrays and hostile object keys remain sanitized failures (3.241958ms)
✔ non-2xx body is never parsed; remote failure retains explicitly historical local proof (2.446375ms)
✔ durable atomic model/frame, immutable sequence and byte/run/count batches (46.092666ms)
✔ retention keeps unacknowledged messages, unbatched frames, command IDs and scenarios (0.648375ms)
✔ successful local proof records bounded categories and normal read sequence (18.191875ms)
✔ local diagnosis health health_not_ok does not publish raw data (5.910167ms)
✔ local diagnosis health version_mismatch does not publish raw data (4.828667ms)
✔ local diagnosis health broker_disconnected does not publish raw data (4.076917ms)
✔ local diagnosis config version_mismatch does not publish raw data (4.482458ms)
✔ local diagnosis config authentication_not_required does not publish raw data (4.218583ms)
✔ local diagnosis state version_mismatch does not publish raw data (4.623792ms)
✔ local diagnosis state invalid_state does not publish raw data (3.917333ms)
✔ local diagnosis state broker_disconnected does not publish raw data (3.7145ms)
✔ local diagnosis state http_status does not publish raw data (3.650292ms)
✔ local diagnosis config invalid_json does not publish raw data (3.545125ms)
✔ local diagnosis state timeout does not publish raw data (1006.095708ms)
✔ interrupted HTTP response body is a transport failure, not invalid JSON (28.490625ms)
✔ credential, TCP and HTTP listener failures have distinct sanitized phases (11.401875ms)
✔ changed failure category is recorded while equivalent repeated failures stay deduplicated (10.5055ms)
✔ controlled kubectl outage retries with cap and recovers read-only with exact image/auth (696.423708ms)
✔ wrong remote image blocks forwarding and does not replay writes (376.196292ms)
✔ occupied unrelated ports are neither killed nor replaced (371.818667ms)
✔ existing healthy external forward survives supervisor freeze, deadline and stop (407.492541ms)
✔ singleton excludes same-process duplicate, replaces verified stale PID identity, refuses incomplete lock (15.852916ms)
✔ invalid startup configuration fails closed and does not spawn commands (5.7425ms)
✔ deadline stops only owned forward; expected-image update is revalidated (617.564083ms)
✔ local-only owned forward loss records a new outage and recovery without remote failure (627.75875ms)
✔ unhealthy still-running owned forward records outage before replacement (592.196417ms)
✔ real model and store split full SCADA into valid size-bounded packets, including equal wall timestamps (63.883041ms)
✔ same-body QoS1 duplicate is counted; a changed body with same ID is an anomaly (0.887875ms)
✔ shared sequence jumps, sensor gaps, restored run and baseline changes are contextual observations (0.777667ms)
✔ independent structural defects are reported without throwing on malformed samples (1.6075ms)
✔ RTU identity, retained delivery and bounded dedup scope remain explicit (1.650375ms)
✔ storage failure during pump keeps row retryable and other event errors never escape (23.916917ms)
✔ delayed storage failure and PUBACK ack failure retain original queue row for retry (65.61975ms)
✔ per RTU independent inflight; only PUBACK removes immutable row; malformed and retained rejected (37.250875ms)
✔ connection client IDs remain caller-specific with common auth configuration (0.202834ms)
✔ delayed pump reads latest model object and REST receipts persist (17.054791ms)
✔ provided 55-row wind TSV preserves voltage and proportional original-current estimate (3.64575ms)
✔ hybrid combined total distributes by rated capacity without inferring fuel from power shape (1.330709ms)
✔ KMA SFCTM2 field fixture uses index11 temperature, 10 degree wind and KST time (1.304667ms)
✔ KMA malformed/stale/future/out-of-range/wrong-station responses fail (0.284541ms)
✔ live refresh preserves irradiance; request has current observation parameters and no old tm (1.473375ms)
✔ automatic manual/frozen skips; explicit lookup enters weather mode and releases freeze (0.283625ms)
✔ failed live observations retain all last-valid values, source and timestamp without auth leaks (0.269833ms)
✔ missing direction preserves previous direction; SI never interpreted as irradiance (0.1485ms)
✔ manual edit during in-flight request is protected, including explicit request (0.300875ms)
ℹ tests 317
ℹ suites 0
ℹ pass 317
ℹ fail 0
ℹ cancelled 0
ℹ skipped 0
ℹ todo 0
ℹ duration_ms 37611.849666
