
> grid-vpp-emulator@1.7.0 test
> node --test --test-concurrency=1 tests/*.test.js

✔ fixed read snapshot remains atomic with independent continuous WAL writer, and writer commits continue (269.93975ms)
ℹ {"writerCommits":112,"maxCommitMs":0.21424999999999983,"backupSteps":12306}
✔ mid-copy cooperative deadline finalizes backup, releases read transaction and leaves no published final (401.194042ms)
✔ supervisor terminates own worker blocked inside synchronous work; SIGTERM-resistant worker is killed and read lock released (744.14ms)
✔ supervisor refuses verified-looking IPC without successful worker exit and preserves existing final (76.142375ms)
✔ parent SIGTERM cancels its child, confirms exit and never publishes final (151.892542ms)
✔ non-WAL database fails closed and leaves private unpublished partial (49.92675ms)
✔ malformed, null, array, oversized, retained and cross-RTU statuses rejected (0.554542ms)
✔ only allowlisted fields survive; raw credentials and controls are removed from reason (0.146875ms)
✔ command export authenticates, omits raw fields and scrubs secrets from all configuration layers (28.480375ms)
✔ export DTO keeps only typed snapshots, records redaction, and makes no de-identification/replay promise (0.701958ms)
✔ explicit broker URL password is treated as known credential in informational IDs (0.165416ms)
✔ control normalization cannot expose known secrets or create empty replacement patterns (0.163ms)
✔ control characters cannot split a credential URL to bypass export redaction (1.174042ms)
✔ export target and observed values preserve real accepted, executing and completed command semantics (5.812375ms)
✔ HTTP export has latest20 only, original run IDs, RTU isolation and no persistent or control side effects (26.896667ms)
✔ original1.4 browser fixture remains tied to its known local API and bundle (0.315417ms)
✔ new1.5 browser fixture requires an explicit reviewed bundle before any writes (0.197333ms)
✔ all fixture modes refuse primary and mismatched endpoints (0.148458ms)
✔ restore mode uses isolated ports and remote credentials with explicit candidate identity (0.040833ms)
✔ unreviewed product or target modes fail closed (0.057125ms)
✔ approved1.6 uses a separate localfixture and never falls back to1.5 (0.060125ms)
✔ approved1.7 form fixture is isolated3111 with an explicit candidate bundle (0.051042ms)
✔ server numeric boundaries and fractional values remain exact (1.247834ms)
✔ empty and nonfinite inputs never become silent defaults or valid commands (0.076959ms)
✔ zero and fractional expiry use one supplied clock without business duration cap (0.300167ms)
✔ overflow and valid Date extended year yield field errors rather than exceptions (0.076417ms)
✔ target0 and availability-exceeding targets are not clamped; server still decides rated limit (0.046125ms)
✔ retains last rows and browser completion time through failure, recovers with fresh success and distinguishes empty (1.252208ms)
✔ slow request never overlaps, finite timeout aborts and late success cannot replace error (0.269208ms)
✔ switch/unmount aborts owned work, clears all timers and discards late old RTU results (0.191292ms)
✔ reader authenticates GET only, caps order at20, rejects malformed bodies and never reads HTTP error bodies (0.501958ms)
✔ timeout covers stalled JSON body after successful headers (0.191917ms)
✔ observation requires exact original command identity, action, REST and known status (0.512875ms)
✔ synchronous perRTU POST guard survives callers and releases before following state GET (2.0365ms)
✔ confirmed POST survives state failure; failed POST stays unconfirmed without retry (0.228458ms)
✔ explicit recheck is single in-flight, preserves confirmed on missing/error and rejects regression (0.179459ms)
✔ lost response resolves only by matching stored ID, never another row; last20 preserves uncertainty (0.297125ms)
✔ late recheck does not resurrect evicted receipt or overwrite anotherRTU (0.66475ms)
✔ late state refresh cannot replace a newer refresh and cannot erase rechecked status (0.661167ms)
✔ 15s production request boundary includes stalled response body, HTTP ignores body,401auth preserved (17.853792ms)
✔ remote management fails closed without strong token (0.402791ms)
✔ exact bearer token required and topic wildcards forbidden (0.075833ms)
✔ configuration bounds and credential redaction (0.143209ms)
✔ zero available power does not complete start while fractional startup remains (3.611625ms)
✔ already expired and latency-expired requests leave SCADA settings unchanged (5.401792ms)
✔ canonical global dedup, validation atomicity, priority intersections (6.323209ms)
✔ expiry before dispatch; sensor freeze cannot complete; restart deadline real time (1.015125ms)
✔ target checks every allocated device and signed actual error, then completion (0.45325ms)
✔ stop clears pending startup and completed requires a post-dispatch model sample (0.319667ms)
✔ failed durable dispatch rolls back model, command cache and outbox together (0.511834ms)
✔ setpoint action validation applies even to known duplicate IDs (0.230208ms)
✔ outer model transaction rollback also restores nested command cancellation cache (0.2795ms)
✔ parser diagnostics never echo malformed CSV field contents (1.603125ms)
✔ prototype names remain unknown columns and never enter normalized DTOs (1.426709ms)
✔ 100000 rows are accepted; excessive rows abort before parsing trailing malformed input (289.581083ms)
✔ HTTP preview returns bounded diagnostics and authenticates before malformed input (59.870041ms)
✔ preflight caps columns before allocation and preserves quoted commas, escapes and newlines (2.228166ms)
✔ preview agrees with registration units, interpolation and time zones (3.359959ms)
✔ preview bounds output and preserves TSV electrical fields without emitting unknown CSV columns (1.390958ms)
✔ hybrid preview follows combined-total precedence and split sum exactly (0.173916ms)
✔ preview uses existing row validation and rejects invalid request shapes (0.248417ms)
✔ authenticated preview has no database, controller, RTU or transport side effects (58.555166ms)
✔ deadline command preserves successful proof bytes but withholds failed child secrets (232.967333ms)
✔ expired, missing or invalid original deadline never starts the supplied command (162.508875ms)
✔ original remaining time caps a larger host timeout and uncertain output is withheld (2011.67025ms)
✔ host timeout terminates descendants only in the process group it created (3260.730792ms)
✔ successful leader exit stops residual group members before its PID is reaped (1333.214292ms)
✔ combined child output is capped while running and never emitted after failure (84.174458ms)
✔ SIGTERM to the wrapper stops its owned command group with no success output (2275.081041ms)
✔ canonical audit created uses explicitKST across midnight, leap day and year boundary (0.7625ms)
✔ missing, nonstring, invalid calendar and noncanonical input never become visible times (0.090875ms)
✔ alternate timestamps cannot fill absent or malformed created and cannot override valid created (0.152708ms)
✔ formatting is identical across host time zones (89.485792ms)
✔ binds real offsets, hashes, same video assets and relative reference (7.036833ms)
✔ rejects late (2.478875ms)
✔ rejects missing-asset (2.93325ms)
✔ rejects changed-video (2.764459ms)
✔ rejects wrong-manifest (2.421916ms)
✔ rejects unreviewed (2.268083ms)
✔ rejects placeholder (2.28375ms)
✔ rejects future-version (2.647542ms)
✔ rejects same-run (2.59625ms)
✔ CLI refuses to overwrite existing output (27.953084ms)
✔ security rejects invented-transition (3.121ms)
✔ security rejects private-symlink (4.013209ms)
✔ security rejects parent-traversal (2.66225ms)
✔ security rejects outside-absolute (2.884458ms)
✔ security rejects missing-duration (2.342041ms)
✔ security rejects nan-duration (2.490458ms)
✔ security rejects negative-scene (2.396542ms)
✔ security rejects utc-string (2.268667ms)
✔ security rejects rollover-date (2.270792ms)
✔ security rejects credential-body (25.238333ms)
✔ security rejects wrong-run (2.505ms)
✔ security rejects wrong-prd (2.397916ms)
✔ security rejects unknown-input (2.254958ms)
✔ security rejects old-command-report (3.118958ms)
✔ security rejects changed-recovery (2.5525ms)
✔ security rejects output-private (1.959333ms)
✔ rejects credential-like text derived from command report before config write (28.026875ms)
✔ accepts actual unchanged authoritative microsecond UTC ledger timestamps (3.97575ms)
✔ rejects noncanonical ledger 2026-02-30T21:37:33.079009+00:00 (2.085375ms)
✔ rejects noncanonical ledger 2026-09-21T21:37:33.079009+09:00 (1.99375ms)
✔ rejects noncanonical ledger Mon, 21 Sep 2026 21:37:33 GMT (2.453083ms)
✔ supports exactly product1.4.0/PRD1.11 with fully matching evidence (3.721584ms)
✔ rejects unreviewed matching product 1.4.1 (2.485875ms)
✔ rejects unreviewed matching product 1.4.0-rc.1 (2.477917ms)
✔ rejects unreviewed matching product 1.5.1 (2.886292ms)
✔ rejects unreviewed matching product 1.5.0-rc.1 (2.655792ms)
✔ rejects unreviewed matching product 1.6.1 (2.404ms)
✔ rejects unreviewed matching product 1.6.0-rc.1 (2.504042ms)
✔ rejects unreviewed matching product 1.7.1 (2.249542ms)
✔ rejects unreviewed matching product 1.7.0-rc.1 (2.473333ms)
✔ rejects unreviewed matching product 1.8.0 (2.44275ms)
✔ rejects unreviewed matching product 2.0.0 (2.467667ms)
✔ supports exactly product1.5.0/PRD1.12 with fully matching evidence (3.35775ms)
✔ supports exactly product1.6.0/PRD1.13 while retaining same receipt scenes (3.069375ms)
✔ supports exactly product1.7.0/PRD1.14 with same receipt capability (3.068792ms)
✔ remaining time caps child work and rejects late receipts without extending original deadline (1.28975ms)
✔ hung synchronous tool is killed within remaining budget (124.602125ms)
✔ watchdog kills blocked worker and its owned subprocess group (478.550291ms)
✔ normal rehearsal tool succeeds inside finite budget (19.626333ms)
✔ reaped or reused worker and changed descendant identities are never signalled (0.437916ms)
✔ normal supervisor exit leaves unrelated live process alone (54.226167ms)
✔ final recorder reserve stops work early without extending deadline or shortening rehearsal (0.462916ms)
✔ final media binds approved content digest, run, runtime and frozen window (0.436125ms)
✔ syntactically valid but different image digest is rejected (0.140083ms)
✔ mismatched release/run/runtime/version and invalid or expired schedule fail closed (0.148458ms)
✔ lifecycle scene plan gates owned mutations and captures registration before controls (0.964042ms)
✔ unspecified lifecycle preserves prior rehearsal registration and scenario action formats (0.131042ms)
✔ actual registration request fingerprint must exactly match intent before response capture (0.183458ms)
✔ receipt demonstration is exact1.5/1.6/1.7 gated and wide RTU metrics are never cropped (0.484291ms)
✔ 1.7 list status framing centers status and command rows without changing older layout (0.113083ms)
✔ health precedence and exact real-time boundaries (0.88025ms)
✔ CSV/TSV BOM and Korean aliases, unit and missing weather (2.323917ms)
✔ linear 300/599/600 boundaries and last interval hold, no wrapping interpolation (0.234875ms)
✔ mean/kWh energy holds original interval without claiming ramp-adjusted energy (0.535167ms)
✔ direction shortest arc and optional missing data never backwards-filled (0.167291ms)
✔ strict actual dates, offsets, seconds, leap years (0.202416ms)
✔ invalid CSV errors identify original row/field; duplicate, reverse, gap, NaN, empty (0.764042ms)
✔ registration validates whole input and generates correct hybrid IDs and virtual coordinates (1.112042ms)
✔ CSV total allocation and hybrid separate allocation, voltage/current provenance (0.609ms)
✔ weather wind power cubic/rated/cut-out and custom interpolation (0.265375ms)
✔ solar temperature correction, saturation, efficiency and manual night irradiance (0.423458ms)
✔ ramp, stopping, fractional startup and actuator freeze (0.236ms)
✔ percentage limit and rated reductions, unchanged CSV power on weather-only edit (0.138542ms)
✔ all PATCH validators are atomic including RNG and source metadata (0.332916ms)
✔ LCG common noise, independent fault RNG, snapshot deterministic replay and pause (0.307292ms)
✔ separate irradiance CSV aligns source timestamp and falls back outside range (0.274583ms)
✔ frame includes complete state and excludes custom curve data; API retains curve (0.191584ms)
✔ loop count records actual dataset wraps, not seeks, and survives scenario JSON snapshots (0.181833ms)
✔ preserves exact config, release, all source files including itself, and upload hashes (9.009583ms)
✔ rejects config-secret before creating output (2.480833ms)
✔ rejects http-credentials before creating output (2.456541ms)
✔ rejects mqtt-credentials before creating output (2.301792ms)
✔ rejects private-upload before creating output (2.461042ms)
✔ rejects private-symlink before creating output (2.587416ms)
✔ rejects credential-outside-private before creating output (2.4725ms)
✔ rejects upload-secret before creating output (2.627959ms)
✔ stalled child is killed within command budget, without printing sensitive stdout (157.073541ms)
✔ original deadline and total budget reject subsequent launch instead of resetting on retry (1.154792ms)
✔ expired remote snapshot never creates a partial or final file (30.922291ms)
✔ snapshot failure leaves only private partial; existing verified final is preserved (65.412292ms)
✔ successful online snapshot publishes complete private SQLite then compression preserves bytes (70.452333ms)
✔ one MiB encoded chunk and final short chunk flush completely with matching byte hashes (49.450042ms)
✔ outbox capture uses identical hardened source, exact verified pod and unchanged original deadline (1.369458ms)
✔ incomplete, unverified or failed snapshot cannot advance into restart proof (2.4285ms)
✔ pinned and placeholder templates replace exact app plus both broker slots (0.971666ms)
✔ invalid digests and shell/sed/newline characters fail closed (0.151666ms)
✔ missing duplicate wrong slots and ambiguous images fail closed (0.151583ms)
✔ deployment wrapper supplies passed digests with private permissions and cleans successful render (330.234084ms)
✔ invalid deployment image never reaches kubectl and cleans temporary output (34.259208ms)
✔ failed kubectl apply prevents rollout and removes private render (199.0065ms)
✔ network recovery resumes from evidence while freeze and deadline remain authoritative (0.401125ms)
✔ independent actual backup CLI hung discovery stops within original deadline and keeps sensitive child output private (2518.754417ms)
✔ independent actual backup CLI expired original deadline launches no kubectl (41.379375ms)
✔ independent budget expiration blocks a second command launch (24.189917ms)
✔ independent snapshot expired remote deadline creates neither final nor part (22.395333ms)
✔ independent HTTP command export preserves persisted observations across old run, absent fields, auth and RTU selection without writes (30.527458ms)
✔ command list observer requires exact target/version/digest/private path before I/O (0.413709ms)
✔ remote observation forbids controlled faults unless explicit actual-only (0.107ms)
✔ expiresAt accepts explicit ISO zones/fractions and rejects permissive Date.parse calendar normalization (3.46375ms)
✔ expiresAt-only body change conflicts; equal priority supersedes overlapping but disjoint remains active (0.586208ms)
✔ physical database reopen restores unfinished deadline; timeout retains setting until explicit stop makes power zero (4.679292ms)
✔ actual model API cleanup restores owned settings only, remains idempotent and does not rewind dynamic time/output (46.133958ms)
✔ lost write response is reconciled without replaying already applied patch (22.781083ms)
✔ lost registration response identifies unique candidate but cannot invent initial baseline or write (14.432791ms)
✔ pre-existing or wrong registration ID and changed owned run fail closed (13.911584ms)
✔ expired deadline and wrong journal scope fail before writes; existing differences are report-only (19.519292ms)
✔ planned same-owned scenario HTTP200 transition preserves original settings baseline (30.144ms)
✔ wrong scenario owner and unresolved planned response never authorize cleanup (18.269792ms)
✔ begin reuses unchanged baseline without rewriting file and rejects changed pre-existing settings (7.319583ms)
✔ actual201 ownership and cleanup tolerate independent server clock offset -30000 (19.319917ms)
✔ actual201 ownership and cleanup tolerate independent server clock offset 30000 (19.8585ms)
✔ lost registration with independent clock still never creates a baseline or writes (12.960084ms)
✔ readonly event harness requires explicit matching reviewed target before I/O (0.504708ms)
✔ event source gate refuses missing version/hash/token/output and unsafe path (0.116333ms)
✔ form cleanup permits only captured plant/generator identities and PATCH routes (0.353542ms)
✔ independent delivery fixture proves only artifact consistency, never completion (46.651083ms)
✔ independent delivery rejects changed cleanup receipt (43.34ms)
✔ independent delivery rejects missing reviewed facts (43.196916ms)
✔ independent delivery rejects missing binder inventory (43.50125ms)
✔ independent delivery rejects changed binding command report (42.935ms)
✔ independent delivery rejects invented recovery with changed existing RTU (44.58ms)
✔ independent delivery rejects changed source manifest (43.254416ms)
✔ independent delivery rejects failed package validation (43.573125ms)
✔ independent delivery rejects same release different reviewed video (44.493125ms)
✔ independent delivery rejects missing deadline source (52.812333ms)
✔ independent delivery rejects empty reproduction list (45.039667ms)
✔ independent delivery rejects wrong config hash (42.717917ms)
✔ independent delivery rejects both image digests invalid (43.451125ms)
✔ expired actual outbox CLI launches no kubectl (40.294541ms)
✔ actual outbox CLI hung discovery ends at original deadline without sensitive child output (3019.928208ms)
✔ non-loopback override is rejected before any token-bearing HTTP or kubectl (56.799542ms)
✔ actual MQTT connection block owns and closes client when connection arrives after budget (55.804917ms)
✔ actual recovery port configuration preserves defaults and rejects conflicting or invalid ports (2.705334ms)
✔ actual observer callback ignores malformed and unrelated JSON and preserves exact matching body (0.620625ms)
✔ backup runtime identity rejects old rollout pod, wrong digest, unavailable or ambiguous ready pods (0.918334ms)
✔ independent preview: summaries scan beyond display rows; hidden invalid row is rejected by preview and registration (8.127292ms)
✔ independent preview HTTP: existing model and every persistent table unchanged, no MQTT connection path invoked (28.324833ms)
✔ receipt browser target rejects primary, external, credentials and mode mismatch before I/O (0.395667ms)
✔ isolated restore requires exact approved lowercase digest, private token and approved receipt versions (0.178583ms)
✔ default local mode remains isolated3109 with original private candidate token (0.04725ms)
✔ approved1.6 receipt target separateslocalport/token and keepsrestore safeguards (0.086084ms)
✔ approved1.7 receipt fixture is isolated3111 and refuses prior or primary ports (0.087208ms)
✔ independent review: generated sample files accepted by production parser (30.829416ms)
✔ independent review: delayed KMA HTTP result cannot overwrite newer manual edit or station (27.549708ms)
✔ actual release verifier expired boundary (25.253042ms)
✔ actual release verifier hang boundary (2514.599959ms)
✔ actual release verifier failure boundary (392.964584ms)
✔ actual release verifier normal boundary (422.619375ms)
✔ offline manifest verification remains independent of run deadline (27.487333ms)
✔ at-commit still hashes committed evidence when working file differs (87.079375ms)
✔ restore manifest enforces streamed source/destination SHA before app start and retains isolated read-only source (480.426625ms)
✔ wrong snapshot SHA fails before copy; optional argument keeps legacy command compatibility (391.244458ms)
✔ matching hashes do not replace SQLite integrity validation (274.928875ms)
✔ hung apply is killed by remaining deadline without raw output or automatic retry (3018.499875ms)
✔ expired or missing run fails closed without even a discovery or apply (76.688958ms)
✔ prune deletes old acknowledged frames/outbox while preserving old pending/unbatched data, command IDs and scenarios (1.81275ms)
✔ poll cadence and telemetry gaps remain distinct; legacy alias remains poll gap (0.334041ms)
✔ connection transition counts survive retry errors without double-counting close before first connect (0.61925ms)
✔ independent auditor accepts genuine ramp-down output above new available power and nullable electrical observations (3.895708ms)
✔ independent auditor rejects missing generator control fields (0.609958ms)
✔ independent auditor rejects empty weather (0.454958ms)
✔ independent auditor rejects null faults (0.431083ms)
✔ independent auditor rejects non ISO source timestamp (0.475083ms)
✔ independent auditor rejects non ISO observation timestamp (0.443ms)
✔ verified IPC followed by worker failure never promotes partial or reveals worker diagnostics (42.24575ms)
✔ existing immutable final is preserved and prevents worker work (20.843375ms)
✔ noncooperative synchronous worker is killed without final publication (375.652709ms)
✔ hostile nonnumeric values produce fixed errors without reflecting input (0.395709ms)
✔ four-digit year upper boundary accepts9999 and refuses10000 without rounding inputs (0.629459ms)
✔ invalid numeric clock fails closed and fractional valid input stays unchanged (0.271292ms)
✔ command transport explicitly refuses redirect replay and never reads error bodies (0.410708ms)
✔ receipt reason redacts credential URLs even with embedded controls and known normalized secrets (0.216875ms)
✔ unknown response and HTTP failure retain original identity without an automatic POST retry (1.067417ms)
✔ per-device identity/auth overrides are separate from common defaults and LWT topics are exact (2.187209ms)
✔ malicious timestamp and fallback contents are never returned or coerced (0.312542ms)
✔ fixture requires exact explicit read target version hash and private token path (0.162042ms)
✔ event regression candidate1.7 remains read-only and requires its exact3111 target (0.062125ms)
✔ runtime keeps tick/prune/shutdown alive when audit and storage both fail (19.945166ms)
✔ shutdown closes HTTP and SQLite even if transport stop rejects (2.125417ms)
✔ unauthenticated health/config contain no configured credentials; protected state requires token (4.764791ms)
✔ public config exact allowlist and authenticated downloads never echo the credential (6.789166ms)
✔ untrusted error metadata never becomes a diagnostic category or raw text (6.255708ms)
✔ JSON null arrays and hostile object keys remain sanitized failures (3.60975ms)
✔ non-2xx body is never parsed; remote failure retains explicitly historical local proof (2.407083ms)
✔ durable atomic model/frame, immutable sequence and byte/run/count batches (41.395ms)
✔ retention keeps unacknowledged messages, unbatched frames, command IDs and scenarios (0.661ms)
✔ successful local proof records bounded categories and normal read sequence (18.082625ms)
✔ local diagnosis health health_not_ok does not publish raw data (6.246834ms)
✔ local diagnosis health version_mismatch does not publish raw data (4.9025ms)
✔ local diagnosis health broker_disconnected does not publish raw data (4.157625ms)
✔ local diagnosis config version_mismatch does not publish raw data (4.439625ms)
✔ local diagnosis config authentication_not_required does not publish raw data (4.185833ms)
✔ local diagnosis state version_mismatch does not publish raw data (4.819875ms)
✔ local diagnosis state invalid_state does not publish raw data (4.064209ms)
✔ local diagnosis state broker_disconnected does not publish raw data (3.966541ms)
✔ local diagnosis state http_status does not publish raw data (3.885209ms)
✔ local diagnosis config invalid_json does not publish raw data (3.768ms)
✔ local diagnosis state timeout does not publish raw data (1007.212416ms)
✔ interrupted HTTP response body is a transport failure, not invalid JSON (27.727208ms)
✔ credential, TCP and HTTP listener failures have distinct sanitized phases (12.498834ms)
✔ changed failure category is recorded while equivalent repeated failures stay deduplicated (10.23275ms)
✔ controlled kubectl outage retries with cap and recovers read-only with exact image/auth (1256.807791ms)
✔ wrong remote image blocks forwarding and does not replay writes (1019.541917ms)
✔ occupied unrelated ports are neither killed nor replaced (403.675209ms)
✔ existing healthy external forward survives supervisor freeze, deadline and stop (435.398042ms)
✔ singleton excludes same-process duplicate, replaces verified stale PID identity, refuses incomplete lock (16.752542ms)
✔ invalid startup configuration fails closed and does not spawn commands (5.67625ms)
✔ deadline stops only owned forward; expected-image update is revalidated (575.851542ms)
✔ local-only owned forward loss records a new outage and recovery without remote failure (660.148208ms)
✔ unhealthy still-running owned forward records outage before replacement (666.69875ms)
✔ real model and store split full SCADA into valid size-bounded packets, including equal wall timestamps (65.641541ms)
✔ same-body QoS1 duplicate is counted; a changed body with same ID is an anomaly (0.909375ms)
✔ shared sequence jumps, sensor gaps, restored run and baseline changes are contextual observations (0.756125ms)
✔ independent structural defects are reported without throwing on malformed samples (1.71675ms)
✔ RTU identity, retained delivery and bounded dedup scope remain explicit (1.666583ms)
✔ storage failure during pump keeps row retryable and other event errors never escape (24.334791ms)
✔ delayed storage failure and PUBACK ack failure retain original queue row for retry (66.216042ms)
✔ per RTU independent inflight; only PUBACK removes immutable row; malformed and retained rejected (36.807625ms)
✔ connection client IDs remain caller-specific with common auth configuration (0.171ms)
✔ delayed pump reads latest model object and REST receipts persist (18.328334ms)
✔ provided 55-row wind TSV preserves voltage and proportional original-current estimate (3.458708ms)
✔ hybrid combined total distributes by rated capacity without inferring fuel from power shape (0.500917ms)
✔ KMA SFCTM2 field fixture uses index11 temperature, 10 degree wind and KST time (1.227667ms)
✔ KMA malformed/stale/future/out-of-range/wrong-station responses fail (0.275583ms)
✔ live refresh preserves irradiance; request has current observation parameters and no old tm (1.46775ms)
✔ automatic manual/frozen skips; explicit lookup enters weather mode and releases freeze (0.304042ms)
✔ failed live observations retain all last-valid values, source and timestamp without auth leaks (0.265666ms)
✔ missing direction preserves previous direction; SI never interpreted as irradiance (0.149125ms)
✔ manual edit during in-flight request is protected, including explicit request (0.31ms)
ℹ tests 312
ℹ suites 0
ℹ pass 312
ℹ fail 0
ℹ cancelled 0
ℹ skipped 0
ℹ todo 0
ℹ duration_ms 38075.045417
